../Core/Src/main.c:211:13:UART1_Send	1
../Core/Src/main.c:216:16:UART1_CheckCmd	2
../Core/Src/main.c:221:13:UART1_ClearLine	1
../Core/Src/main.c:227:13:UART2_ClearLine	1
../Core/Src/main.c:233:13:Actuadores_Stop	1
../Core/Src/main.c:239:13:SM_SetState	1
../Core/Src/main.c:251:13:SM_Run	32
../Core/Src/main.c:474:5:main	1
../Core/Src/main.c:529:6:SystemClock_Config	3
../Core/Src/main.c:569:13:MX_USART1_UART_Init	2
../Core/Src/main.c:602:13:MX_USART2_UART_Init	2
../Core/Src/main.c:635:13:MX_GPIO_Init	1
../Core/Src/main.c:676:6:HAL_UART_RxCpltCallback	9
../Core/Src/main.c:735:6:Error_Handler	1
