../Core/Src/main.c:249:13:UART1_Send	16	static
../Core/Src/main.c:253:16:UART1_CheckCmd	16	static
../Core/Src/main.c:257:13:UART1_ClearLine	8	static
../Core/Src/main.c:271:13:Electrovalvula_PWM_Init	32	static
../Core/Src/main.c:306:13:Electrovalvula_SetDuty	24	static
../Core/Src/main.c:323:13:Electrovalvula_Abrir	8	static
../Core/Src/main.c:328:13:Electrovalvula_Cerrar	8	static
../Core/Src/main.c:333:16:Keller_StatusIsValid	16	static
../Core/Src/main.c:338:26:Keller_ReadMemoryWord	32	static
../Core/Src/main.c:379:26:Keller_Init	48	static
../Core/Src/main.c:446:26:Keller_ReadMeasurement	56	static
../Core/Src/main.c:516:13:FormatFixed2	40	static
../Core/Src/main.c:545:26:Sensor_ReadAndSend	104	static
../Core/Src/main.c:578:13:Sensor_Service	16	static
../Core/Src/main.c:599:13:Actuadores_Stop	8	static
../Core/Src/main.c:604:13:SM_SetState	16	static
../Core/Src/main.c:616:13:SM_Run	16	static
../Core/Src/main.c:963:5:main	8	static
../Core/Src/main.c:1009:6:SystemClock_Config	72	static
../Core/Src/main.c:1045:13:MX_I2C1_Init	8	static
../Core/Src/main.c:1072:13:MX_USART1_UART_Init	8	static
../Core/Src/main.c:1101:13:MX_GPIO_Init	40	static
../Core/Src/main.c:1138:6:HAL_UART_RxCpltCallback	16	static
../Core/Src/main.c:1170:6:Error_Handler	4	static,ignoring_inline_asm
