../Core/Src/main.c:277:13:UART1_Send	1
../Core/Src/main.c:281:16:UART1_CheckCmd	2
../Core/Src/main.c:285:13:UART1_ClearLine	1
../Core/Src/main.c:299:13:Electrovalvula_PWM_Init	1
../Core/Src/main.c:334:13:Electrovalvula_SetDuty	2
../Core/Src/main.c:351:13:Electrovalvula_Abrir	1
../Core/Src/main.c:356:13:Electrovalvula_Cerrar	1
../Core/Src/main.c:361:16:Keller_StatusIsValid	2
../Core/Src/main.c:366:26:Keller_ReadMemoryWord	5
../Core/Src/main.c:407:26:Keller_Init	15
../Core/Src/main.c:474:26:Keller_ReadMeasurement	7
../Core/Src/main.c:544:13:FormatFixed2	3
../Core/Src/main.c:573:26:Sensor_ReadAndSend	3
../Core/Src/main.c:606:13:Sensor_Service	6
../Core/Src/main.c:627:13:Actuadores_Stop	1
../Core/Src/main.c:632:13:SM_SetState	1
../Core/Src/main.c:644:13:SM_Run	97
../Core/Src/main.c:1255:5:main	2
../Core/Src/main.c:1301:6:SystemClock_Config	3
../Core/Src/main.c:1337:13:MX_I2C1_Init	2
../Core/Src/main.c:1364:13:MX_USART1_UART_Init	2
../Core/Src/main.c:1393:13:MX_GPIO_Init	1
../Core/Src/main.c:1430:6:HAL_UART_RxCpltCallback	5
../Core/Src/main.c:1462:6:Error_Handler	1
