../Core/Src/ili9488.c:110:23:ILI9488_GetGlyph	16	static
../Core/Src/ili9488.c:202:13:ILI9488_Select	8	static
../Core/Src/ili9488.c:207:13:ILI9488_Unselect	8	static
../Core/Src/ili9488.c:212:13:ILI9488_DC_Command	8	static
../Core/Src/ili9488.c:217:13:ILI9488_DC_Data	8	static
../Core/Src/ili9488.c:222:13:ILI9488_ResetHW	8	static
../Core/Src/ili9488.c:230:13:ILI9488_WriteCommand	16	static
../Core/Src/ili9488.c:238:13:ILI9488_WriteData	16	static
../Core/Src/ili9488.c:246:13:ILI9488_SetAddressWindow	32	static
../Core/Src/ili9488.c:267:13:ILI9488_Color565To666	24	static
../Core/Src/ili9488.c:278:13:ILI9488_WriteColor565	32	static
../Core/Src/ili9488.c:309:6:ILI9488_Init	40	static
../Core/Src/ili9488.c:409:6:ILI9488_FillRect	24	static
../Core/Src/ili9488.c:430:6:ILI9488_FillScreen	24	static
../Core/Src/ili9488.c:435:6:ILI9488_DrawChar	72	static
../Core/Src/ili9488.c:516:6:ILI9488_DrawString	40	static
../Core/Src/ili9488.c:526:6:ILI9488_DrawTextWrapped	48	static
