../Core/Src/ili9488.c:114:23:ILI9488_GetGlyph	16	static
../Core/Src/ili9488.c:206:13:ILI9488_Select	8	static
../Core/Src/ili9488.c:211:13:ILI9488_Unselect	8	static
../Core/Src/ili9488.c:216:13:ILI9488_DC_Command	8	static
../Core/Src/ili9488.c:221:13:ILI9488_DC_Data	8	static
../Core/Src/ili9488.c:226:13:ILI9488_ResetHW	8	static
../Core/Src/ili9488.c:234:13:ILI9488_WriteCommand	16	static
../Core/Src/ili9488.c:242:13:ILI9488_WriteData	16	static
../Core/Src/ili9488.c:250:13:ILI9488_SetAddressWindow	32	static
../Core/Src/ili9488.c:271:13:ILI9488_Color565To666	24	static
../Core/Src/ili9488.c:282:13:ILI9488_WriteColor565	32	static
../Core/Src/ili9488.c:313:6:ILI9488_Init	40	static
../Core/Src/ili9488.c:413:6:ILI9488_FillRect	24	static
../Core/Src/ili9488.c:434:6:ILI9488_FillScreen	24	static
../Core/Src/ili9488.c:439:6:ILI9488_DrawChar	72	static
../Core/Src/ili9488.c:520:6:ILI9488_DrawString	80	static
../Core/Src/ili9488.c:612:6:ILI9488_DrawTextWrapped	48	static
