../Core/Src/main.c:174:16:LineHasVisibleChars	16	static
../Core/Src/main.c:189:13:SM_SendCmd	16	static
../Core/Src/main.c:198:16:SM_CheckResponse	16	static
../Core/Src/main.c:208:16:SM_ButtonPressed	16	static
../Core/Src/main.c:224:16:SM_BatteryPercent	16	static
../Core/Src/main.c:243:16:SM_ParseSensor	32	static
../Core/Src/main.c:292:13:SM_UpdateSensorDisplay	48	static
../Core/Src/main.c:315:13:SM_DrawScreen	64	static
../Core/Src/main.c:461:13:SM_SetState	16	static
../Core/Src/main.c:476:13:SM_Run	16	static
../Core/Src/main.c:747:5:main	8	static
../Core/Src/main.c:819:6:SystemClock_Config	120	static
../Core/Src/main.c:879:13:MX_ADC3_Init	40	static
../Core/Src/main.c:939:13:MX_I2C1_Init	8	static
../Core/Src/main.c:987:13:MX_SDMMC1_SD_Init	8	static
../Core/Src/main.c:1008:13:MX_SPI1_Init	8	static
../Core/Src/main.c:1056:13:MX_UART4_Init	8	static
../Core/Src/main.c:1104:13:MX_GPIO_Init	48	static
../Core/Src/main.c:1151:6:MPU_Config	24	static
../Core/Src/main.c:1182:6:Error_Handler	4	static,ignoring_inline_asm
