../Core/Src/main.c:440:16:LineHasVisibleChars	5
../Core/Src/main.c:455:13:SM_SendCmd	1
../Core/Src/main.c:469:16:SM_CheckResponse	2
../Core/Src/main.c:476:16:SM_IsModuleResponse	17
../Core/Src/main.c:508:16:SM_ProcessPositionResponse	7
../Core/Src/main.c:548:13:SM_ServiceDashboardQueries	4
../Core/Src/main.c:575:16:SM_ButtonPressed	3
../Core/Src/main.c:593:16:SM_ButtonEdge	3
../Core/Src/main.c:606:13:SM_ActivateEmergency	4
../Core/Src/main.c:642:13:SM_HandleSafetyConfirmation	8
../Core/Src/main.c:697:26:DS3231_ReadDateTime	3
../Core/Src/main.c:737:13:SM_LogMuestreo	10
../Core/Src/main.c:821:16:SM_BatteryPercent	27
../Core/Src/main.c:1003:16:SM_ParseSensor	11
../Core/Src/main.c:1046:16:SM_IsDashboardState	8
../Core/Src/main.c:1057:16:SM_IsEmergencyState	5
../Core/Src/main.c:1067:13:SM_DrawCenteredString	4
../Core/Src/main.c:1091:13:SM_DrawCenteredField	7
../Core/Src/main.c:1130:13:SM_DrawCenteredOptions	5
../Core/Src/main.c:1154:13:SM_ClearEmergencyScreenContent	4
../Core/Src/main.c:1191:13:SM_UpdateStartupAnimation	4
../Core/Src/main.c:1223:13:SM_UpdateRecoveryAnimation	4
../Core/Src/main.c:1253:13:SM_DrawCachedText	12
../Core/Src/main.c:1302:13:SM_InvalidateDashboardBodyCache	1
../Core/Src/main.c:1312:13:SM_InvalidateDashboardCache	2
../Core/Src/main.c:1329:13:SM_ClearDashboardLayout	3
../Core/Src/main.c:1356:13:SM_UpdateSensorDisplay	6
../Core/Src/main.c:1409:13:SM_UpdateDashboardStatus	11
../Core/Src/main.c:1461:13:SM_UpdateConnectionDisplay	6
../Core/Src/main.c:1483:13:SM_RegisterModuleResponse	2
../Core/Src/main.c:1500:16:SM_ServiceConnectionWatchdog	9
../Core/Src/main.c:1548:13:SM_UpdateMenuDisplay	15
../Core/Src/main.c:1616:13:SM_UpdateDashboardClock	2
../Core/Src/main.c:1637:13:SM_UpdateDashboardBattery	6
../Core/Src/main.c:1682:13:SM_DrawDashboardBody	7
../Core/Src/main.c:1729:13:SM_DrawDashboard	1
../Core/Src/main.c:1741:13:SM_ToggleValve	2
../Core/Src/main.c:1759:13:SM_RequestManualMode	2
../Core/Src/main.c:1768:13:SM_HandleMenu	25
../Core/Src/main.c:1879:13:SM_ClearPreviousScreenContent	8
../Core/Src/main.c:1948:13:SM_DrawScreen	43
../Core/Src/main.c:2183:13:SM_SetState	16
../Core/Src/main.c:2309:13:SM_Run	128
../Core/Src/main.c:3004:5:main	3
../Core/Src/main.c:3087:6:SystemClock_Config	4
../Core/Src/main.c:3147:13:MX_ADC3_Init	4
../Core/Src/main.c:3227:13:MX_I2C1_Init	4
../Core/Src/main.c:3275:13:MX_SDMMC1_SD_Init	1
../Core/Src/main.c:3302:13:MX_SPI1_Init	2
../Core/Src/main.c:3353:13:MX_UART4_Init	5
../Core/Src/main.c:3401:13:MX_GPIO_Init	1
../Core/Src/main.c:3455:6:MPU_Config	1
../Core/Src/main.c:3486:6:Error_Handler	1
