../Core/Src/main.c:331:16:LineHasVisibleChars	16	static
../Core/Src/main.c:346:13:SM_SendCmd	16	static
../Core/Src/main.c:360:16:SM_CheckResponse	16	static
../Core/Src/main.c:373:16:SM_ProcessPositionResponse	16	static
../Core/Src/main.c:413:13:SM_ServiceDashboardQueries	16	static
../Core/Src/main.c:440:16:SM_ButtonPressed	16	static
../Core/Src/main.c:458:16:SM_ButtonEdge	32	static
../Core/Src/main.c:471:26:DS3231_ReadDateTime	48	static
../Core/Src/main.c:511:13:SM_LogMuestreo	1216	static
../Core/Src/main.c:595:16:SM_BatteryPercent	136	static
../Core/Src/main.c:762:16:SM_ParseSensor	40	static
../Core/Src/main.c:805:16:SM_IsDashboardState	16	static
../Core/Src/main.c:816:13:SM_UpdateSensorDisplay	56	static
../Core/Src/main.c:864:13:SM_UpdateDashboardStatus	24	static
../Core/Src/main.c:919:13:SM_UpdateMenuDisplay	56	static
../Core/Src/main.c:976:13:SM_UpdateDashboardClock	40	static
../Core/Src/main.c:998:13:SM_DrawDashboard	48	static
../Core/Src/main.c:1064:13:SM_ToggleValve	8	static
../Core/Src/main.c:1082:13:SM_RequestManualMode	16	static
../Core/Src/main.c:1091:13:SM_HandleMenu	16	static
../Core/Src/main.c:1202:13:SM_ClearPreviousScreenContent	24	static
../Core/Src/main.c:1270:13:SM_DrawScreen	64	static
../Core/Src/main.c:1422:13:SM_SetState	16	static
../Core/Src/main.c:1517:13:SM_Run	16	static
../Core/Src/main.c:1949:5:main	8	static
../Core/Src/main.c:2032:6:SystemClock_Config	120	static
../Core/Src/main.c:2092:13:MX_ADC3_Init	40	static
../Core/Src/main.c:2172:13:MX_I2C1_Init	8	static
../Core/Src/main.c:2220:13:MX_SDMMC1_SD_Init	4	static
../Core/Src/main.c:2247:13:MX_SPI1_Init	8	static
../Core/Src/main.c:2295:13:MX_UART4_Init	8	static
../Core/Src/main.c:2343:13:MX_GPIO_Init	48	static
../Core/Src/main.c:2390:6:MPU_Config	24	static
../Core/Src/main.c:2421:6:Error_Handler	4	static,ignoring_inline_asm
