../Core/Src/main.c:174:16:LineHasVisibleChars	5
../Core/Src/main.c:189:13:SM_SendCmd	1
../Core/Src/main.c:198:16:SM_CheckResponse	2
../Core/Src/main.c:208:16:SM_ButtonPressed	3
../Core/Src/main.c:224:16:SM_BatteryPercent	3
../Core/Src/main.c:243:16:SM_ParseSensor	11
../Core/Src/main.c:292:13:SM_UpdateSensorDisplay	1
../Core/Src/main.c:315:13:SM_DrawScreen	11
../Core/Src/main.c:461:13:SM_SetState	1
../Core/Src/main.c:476:13:SM_Run	41
../Core/Src/main.c:747:5:main	2
../Core/Src/main.c:819:6:SystemClock_Config	4
../Core/Src/main.c:879:13:MX_ADC3_Init	3
../Core/Src/main.c:939:13:MX_I2C1_Init	4
../Core/Src/main.c:987:13:MX_SDMMC1_SD_Init	1
../Core/Src/main.c:1008:13:MX_SPI1_Init	2
../Core/Src/main.c:1056:13:MX_UART4_Init	5
../Core/Src/main.c:1104:13:MX_GPIO_Init	1
../Core/Src/main.c:1151:6:MPU_Config	1
../Core/Src/main.c:1182:6:Error_Handler	1
