../Core/Src/main.c:65:16:LineHasVisibleChars	16	static
../Core/Src/main.c:90:5:main	24	static
../Core/Src/main.c:176:6:SystemClock_Config	120	static
../Core/Src/main.c:236:13:MX_ADC3_Init	40	static
../Core/Src/main.c:295:13:MX_I2C1_Init	8	static
../Core/Src/main.c:343:13:MX_SDMMC1_SD_Init	8	static
../Core/Src/main.c:364:13:MX_SPI1_Init	8	static
../Core/Src/main.c:412:13:MX_UART4_Init	8	static
../Core/Src/main.c:460:13:MX_GPIO_Init	48	static
../Core/Src/main.c:507:6:MPU_Config	24	static
../Core/Src/main.c:538:6:Error_Handler	4	static,ignoring_inline_asm
