../Core/Src/main.c:359:16:LineHasVisibleChars	16	static
../Core/Src/main.c:374:13:SM_SendCmd	16	static
../Core/Src/main.c:388:16:SM_CheckResponse	16	static
../Core/Src/main.c:401:16:SM_ProcessPositionResponse	16	static
../Core/Src/main.c:441:13:SM_ServiceDashboardQueries	16	static
../Core/Src/main.c:468:16:SM_ButtonPressed	16	static
../Core/Src/main.c:486:16:SM_ButtonEdge	32	static
../Core/Src/main.c:499:26:DS3231_ReadDateTime	48	static
../Core/Src/main.c:539:13:SM_LogMuestreo	1216	static
../Core/Src/main.c:623:16:SM_BatteryPercent	136	static
../Core/Src/main.c:790:16:SM_ParseSensor	40	static
../Core/Src/main.c:833:16:SM_IsDashboardState	16	static
../Core/Src/main.c:848:13:SM_DrawCachedText	64	static
../Core/Src/main.c:897:13:SM_InvalidateDashboardBodyCache	4	static
../Core/Src/main.c:907:13:SM_InvalidateDashboardCache	16	static
../Core/Src/main.c:924:13:SM_ClearDashboardLayout	32	static
../Core/Src/main.c:951:13:SM_UpdateSensorDisplay	64	static
../Core/Src/main.c:1004:13:SM_UpdateDashboardStatus	48	static
../Core/Src/main.c:1055:13:SM_UpdateMenuDisplay	48	static
../Core/Src/main.c:1121:13:SM_UpdateDashboardClock	40	static
../Core/Src/main.c:1142:13:SM_UpdateDashboardBattery	48	static
../Core/Src/main.c:1177:13:SM_DrawDashboardBody	16	static
../Core/Src/main.c:1216:13:SM_DrawDashboard	24	static
../Core/Src/main.c:1228:13:SM_ToggleValve	8	static
../Core/Src/main.c:1246:13:SM_RequestManualMode	16	static
../Core/Src/main.c:1255:13:SM_HandleMenu	16	static
../Core/Src/main.c:1366:13:SM_ClearPreviousScreenContent	24	static
../Core/Src/main.c:1434:13:SM_DrawScreen	64	static
../Core/Src/main.c:1584:13:SM_SetState	16	static
../Core/Src/main.c:1679:13:SM_Run	16	static
../Core/Src/main.c:2112:5:main	8	static
../Core/Src/main.c:2195:6:SystemClock_Config	120	static
../Core/Src/main.c:2255:13:MX_ADC3_Init	40	static
../Core/Src/main.c:2335:13:MX_I2C1_Init	8	static
../Core/Src/main.c:2383:13:MX_SDMMC1_SD_Init	4	static
../Core/Src/main.c:2410:13:MX_SPI1_Init	8	static
../Core/Src/main.c:2461:13:MX_UART4_Init	8	static
../Core/Src/main.c:2509:13:MX_GPIO_Init	48	static
../Core/Src/main.c:2556:6:MPU_Config	24	static
../Core/Src/main.c:2587:6:Error_Handler	4	static,ignoring_inline_asm
