Archive member included to satisfy reference by file (symbol)

C:/ST/STM32CubeIDE_2.1.1/STM32CubeIDE/plugins/com.st.stm32cube.ide.mcu.externaltools.gnu-tools-for-stm32.14.3.rel1.win32_1.0.100.202602081740/tools/bin/../lib/gcc/arm-none-eabi/14.3.1/../../../../arm-none-eabi/lib/thumb/v7e-m+dp/hard\libc_nano.a(libc_a-exit.o)
                              C:/ST/STM32CubeIDE_2.1.1/STM32CubeIDE/plugins/com.st.stm32cube.ide.mcu.externaltools.gnu-tools-for-stm32.14.3.rel1.win32_1.0.100.202602081740/tools/bin/../lib/gcc/arm-none-eabi/14.3.1/../../../../arm-none-eabi/lib/thumb/v7e-m+dp/hard/crt0.o (exit)
C:/ST/STM32CubeIDE_2.1.1/STM32CubeIDE/plugins/com.st.stm32cube.ide.mcu.externaltools.gnu-tools-for-stm32.14.3.rel1.win32_1.0.100.202602081740/tools/bin/../lib/gcc/arm-none-eabi/14.3.1/../../../../arm-none-eabi/lib/thumb/v7e-m+dp/hard\libc_nano.a(libc_a-findfp.o)
                              C:/ST/STM32CubeIDE_2.1.1/STM32CubeIDE/plugins/com.st.stm32cube.ide.mcu.externaltools.gnu-tools-for-stm32.14.3.rel1.win32_1.0.100.202602081740/tools/bin/../lib/gcc/arm-none-eabi/14.3.1/../../../../arm-none-eabi/lib/thumb/v7e-m+dp/hard\libc_nano.a(libc_a-exit.o) (__stdio_exit_handler)
C:/ST/STM32CubeIDE_2.1.1/STM32CubeIDE/plugins/com.st.stm32cube.ide.mcu.externaltools.gnu-tools-for-stm32.14.3.rel1.win32_1.0.100.202602081740/tools/bin/../lib/gcc/arm-none-eabi/14.3.1/../../../../arm-none-eabi/lib/thumb/v7e-m+dp/hard\libc_nano.a(libc_a-fwalk.o)
                              C:/ST/STM32CubeIDE_2.1.1/STM32CubeIDE/plugins/com.st.stm32cube.ide.mcu.externaltools.gnu-tools-for-stm32.14.3.rel1.win32_1.0.100.202602081740/tools/bin/../lib/gcc/arm-none-eabi/14.3.1/../../../../arm-none-eabi/lib/thumb/v7e-m+dp/hard\libc_nano.a(libc_a-findfp.o) (_fwalk_sglue)
C:/ST/STM32CubeIDE_2.1.1/STM32CubeIDE/plugins/com.st.stm32cube.ide.mcu.externaltools.gnu-tools-for-stm32.14.3.rel1.win32_1.0.100.202602081740/tools/bin/../lib/gcc/arm-none-eabi/14.3.1/../../../../arm-none-eabi/lib/thumb/v7e-m+dp/hard\libc_nano.a(libc_a-snprintf.o)
                              ./Core/Src/main.o (snprintf)
C:/ST/STM32CubeIDE_2.1.1/STM32CubeIDE/plugins/com.st.stm32cube.ide.mcu.externaltools.gnu-tools-for-stm32.14.3.rel1.win32_1.0.100.202602081740/tools/bin/../lib/gcc/arm-none-eabi/14.3.1/../../../../arm-none-eabi/lib/thumb/v7e-m+dp/hard\libc_nano.a(libc_a-stdio.o)
                              C:/ST/STM32CubeIDE_2.1.1/STM32CubeIDE/plugins/com.st.stm32cube.ide.mcu.externaltools.gnu-tools-for-stm32.14.3.rel1.win32_1.0.100.202602081740/tools/bin/../lib/gcc/arm-none-eabi/14.3.1/../../../../arm-none-eabi/lib/thumb/v7e-m+dp/hard\libc_nano.a(libc_a-findfp.o) (__sread)
C:/ST/STM32CubeIDE_2.1.1/STM32CubeIDE/plugins/com.st.stm32cube.ide.mcu.externaltools.gnu-tools-for-stm32.14.3.rel1.win32_1.0.100.202602081740/tools/bin/../lib/gcc/arm-none-eabi/14.3.1/../../../../arm-none-eabi/lib/thumb/v7e-m+dp/hard\libc_nano.a(libc_a-memset.o)
                              C:/ST/STM32CubeIDE_2.1.1/STM32CubeIDE/plugins/com.st.stm32cube.ide.mcu.externaltools.gnu-tools-for-stm32.14.3.rel1.win32_1.0.100.202602081740/tools/bin/../lib/gcc/arm-none-eabi/14.3.1/../../../../arm-none-eabi/lib/thumb/v7e-m+dp/hard/crt0.o (memset)
C:/ST/STM32CubeIDE_2.1.1/STM32CubeIDE/plugins/com.st.stm32cube.ide.mcu.externaltools.gnu-tools-for-stm32.14.3.rel1.win32_1.0.100.202602081740/tools/bin/../lib/gcc/arm-none-eabi/14.3.1/../../../../arm-none-eabi/lib/thumb/v7e-m+dp/hard\libc_nano.a(libc_a-strncpy.o)
                              ./Core/Src/main.o (strncpy)
C:/ST/STM32CubeIDE_2.1.1/STM32CubeIDE/plugins/com.st.stm32cube.ide.mcu.externaltools.gnu-tools-for-stm32.14.3.rel1.win32_1.0.100.202602081740/tools/bin/../lib/gcc/arm-none-eabi/14.3.1/../../../../arm-none-eabi/lib/thumb/v7e-m+dp/hard\libc_nano.a(libc_a-strstr.o)
                              ./Core/Src/main.o (strstr)
C:/ST/STM32CubeIDE_2.1.1/STM32CubeIDE/plugins/com.st.stm32cube.ide.mcu.externaltools.gnu-tools-for-stm32.14.3.rel1.win32_1.0.100.202602081740/tools/bin/../lib/gcc/arm-none-eabi/14.3.1/../../../../arm-none-eabi/lib/thumb/v7e-m+dp/hard\libc_nano.a(libc_a-closer.o)
                              C:/ST/STM32CubeIDE_2.1.1/STM32CubeIDE/plugins/com.st.stm32cube.ide.mcu.externaltools.gnu-tools-for-stm32.14.3.rel1.win32_1.0.100.202602081740/tools/bin/../lib/gcc/arm-none-eabi/14.3.1/../../../../arm-none-eabi/lib/thumb/v7e-m+dp/hard\libc_nano.a(libc_a-stdio.o) (_close_r)
C:/ST/STM32CubeIDE_2.1.1/STM32CubeIDE/plugins/com.st.stm32cube.ide.mcu.externaltools.gnu-tools-for-stm32.14.3.rel1.win32_1.0.100.202602081740/tools/bin/../lib/gcc/arm-none-eabi/14.3.1/../../../../arm-none-eabi/lib/thumb/v7e-m+dp/hard\libc_nano.a(libc_a-reent.o)
                              C:/ST/STM32CubeIDE_2.1.1/STM32CubeIDE/plugins/com.st.stm32cube.ide.mcu.externaltools.gnu-tools-for-stm32.14.3.rel1.win32_1.0.100.202602081740/tools/bin/../lib/gcc/arm-none-eabi/14.3.1/../../../../arm-none-eabi/lib/thumb/v7e-m+dp/hard\libc_nano.a(libc_a-closer.o) (errno)
[...]
Memory Configuration

Name             Origin             Length             Attributes
FLASH            0x08000000         0x00200000         xr
DTCMRAM          0x20000000         0x00020000         xrw
RAM_D1           0x24000000         0x00080000         xrw
RAM_D2           0x30000000         0x00048000         xrw
RAM_D3           0x38000000         0x00010000         xrw
ITCMRAM          0x00000000         0x00010000         xrw
*default*        0x00000000         0xffffffff

Linker script and memory map

LOAD C:/ST/STM32CubeIDE_2.1.1/STM32CubeIDE/plugins/com.st.stm32cube.ide.mcu.externaltools.gnu-tools-for-stm32.14.3.rel1.win32_1.0.100.202602081740/tools/bin/../lib/gcc/arm-none-eabi/14.3.1/thumb/v7e-m+dp/hard/crti.o
LOAD C:/ST/STM32CubeIDE_2.1.1/STM32CubeIDE/plugins/com.st.stm32cube.ide.mcu.externaltools.gnu-tools-for-stm32.14.3.rel1.win32_1.0.100.202602081740/tools/bin/../lib/gcc/arm-none-eabi/14.3.1/thumb/v7e-m+dp/hard/crtbegin.o
LOAD C:/ST/STM32CubeIDE_2.1.1/STM32CubeIDE/plugins/com.st.stm32cube.ide.mcu.externaltools.gnu-tools-for-stm32.14.3.rel1.win32_1.0.100.202602081740/tools/bin/../lib/gcc/arm-none-eabi/14.3.1/../../../../arm-none-eabi/lib/thumb/v7e-m+dp/hard/crt0.o
LOAD ./Core/Src/ili9488.o
LOAD ./Core/Src/main.o
LOAD ./Core/Src/stm32h7xx_hal_msp.o
LOAD ./Core/Src/stm32h7xx_it.o
LOAD ./Core/Src/syscalls.o
LOAD ./Core/Src/sysmem.o
LOAD ./Core/Src/system_stm32h7xx.o
LOAD ./Core/Src/uart_utils.o
LOAD ./Core/Startup/startup_stm32h743vitx.o
LOAD ./Drivers/STM32H7xx_HAL_Driver/Src/stm32h7xx_hal.o
LOAD ./Drivers/STM32H7xx_HAL_Driver/Src/stm32h7xx_hal_adc.o
LOAD ./Drivers/STM32H7xx_HAL_Driver/Src/stm32h7xx_hal_adc_ex.o
LOAD ./Drivers/STM32H7xx_HAL_Driver/Src/stm32h7xx_hal_cortex.o
LOAD ./Drivers/STM32H7xx_HAL_Driver/Src/stm32h7xx_hal_dma.o
LOAD ./Drivers/STM32H7xx_HAL_Driver/Src/stm32h7xx_hal_dma_ex.o
LOAD ./Drivers/STM32H7xx_HAL_Driver/Src/stm32h7xx_hal_exti.o
LOAD ./Drivers/STM32H7xx_HAL_Driver/Src/stm32h7xx_hal_flash.o
LOAD ./Drivers/STM32H7xx_HAL_Driver/Src/stm32h7xx_hal_flash_ex.o
LOAD ./Drivers/STM32H7xx_HAL_Driver/Src/stm32h7xx_hal_gpio.o
LOAD ./Drivers/STM32H7xx_HAL_Driver/Src/stm32h7xx_hal_hsem.o
LOAD ./Drivers/STM32H7xx_HAL_Driver/Src/stm32h7xx_hal_i2c.o
LOAD ./Drivers/STM32H7xx_HAL_Driver/Src/stm32h7xx_hal_i2c_ex.o
LOAD ./Drivers/STM32H7xx_HAL_Driver/Src/stm32h7xx_hal_mdma.o
LOAD ./Drivers/STM32H7xx_HAL_Driver/Src/stm32h7xx_hal_mmc.o
LOAD ./Drivers/STM32H7xx_HAL_Driver/Src/stm32h7xx_hal_mmc_ex.o
LOAD ./Drivers/STM32H7xx_HAL_Driver/Src/stm32h7xx_hal_pwr.o
LOAD ./Drivers/STM32H7xx_HAL_Driver/Src/stm32h7xx_hal_pwr_ex.o
LOAD ./Drivers/STM32H7xx_HAL_Driver/Src/stm32h7xx_hal_rcc.o
LOAD ./Drivers/STM32H7xx_HAL_Driver/Src/stm32h7xx_hal_rcc_ex.o
LOAD ./Drivers/STM32H7xx_HAL_Driver/Src/stm32h7xx_hal_sd.o
LOAD ./Drivers/STM32H7xx_HAL_Driver/Src/stm32h7xx_hal_sd_ex.o
LOAD ./Drivers/STM32H7xx_HAL_Driver/Src/stm32h7xx_hal_spi.o
LOAD ./Drivers/STM32H7xx_HAL_Driver/Src/stm32h7xx_hal_spi_ex.o
LOAD ./Drivers/STM32H7xx_HAL_Driver/Src/stm32h7xx_hal_tim.o
LOAD ./Drivers/STM32H7xx_HAL_Driver/Src/stm32h7xx_hal_tim_ex.o
LOAD ./Drivers/STM32H7xx_HAL_Driver/Src/stm32h7xx_hal_uart.o
LOAD ./Drivers/STM32H7xx_HAL_Driver/Src/stm32h7xx_hal_uart_ex.o
LOAD ./Drivers/STM32H7xx_HAL_Driver/Src/stm32h7xx_ll_delayblock.o
LOAD ./Drivers/STM32H7xx_HAL_Driver/Src/stm32h7xx_ll_sdmmc.o
LOAD ./FATFS/App/fatfs.o
LOAD ./FATFS/Target/bsp_driver_sd.o
LOAD ./FATFS/Target/sd_diskio.o
LOAD ./Middlewares/Third_Party/FatFs/src/diskio.o
LOAD ./Middlewares/Third_Party/FatFs/src/ff.o
LOAD ./Middlewares/Third_Party/FatFs/src/ff_gen_drv.o
LOAD ./Middlewares/Third_Party/FatFs/src/option/syscall.o
START GROUP
LOAD C:/ST/STM32CubeIDE_2.1.1/STM32CubeIDE/plugins/com.st.stm32cube.ide.mcu.externaltools.gnu-tools-for-stm32.14.3.rel1.win32_1.0.100.202602081740/tools/bin/../lib/gcc/arm-none-eabi/14.3.1/../../../../arm-none-eabi/lib/thumb/v7e-m+dp/hard\libc_nano.a
LOAD C:/ST/STM32CubeIDE_2.1.1/STM32CubeIDE/plugins/com.st.stm32cube.ide.mcu.externaltools.gnu-tools-for-stm32.14.3.rel1.win32_1.0.100.202602081740/tools/bin/../lib/gcc/arm-none-eabi/14.3.1/../../../../arm-none-eabi/lib/thumb/v7e-m+dp/hard\libm.a
END GROUP
START GROUP
LOAD C:/ST/STM32CubeIDE_2.1.1/STM32CubeIDE/plugins/com.st.stm32cube.ide.mcu.externaltools.gnu-tools-for-stm32.14.3.rel1.win32_1.0.100.202602081740/tools/bin/../lib/gcc/arm-none-eabi/14.3.1/thumb/v7e-m+dp/hard\libgcc.a
LOAD C:/ST/STM32CubeIDE_2.1.1/STM32CubeIDE/plugins/com.st.stm32cube.ide.mcu.externaltools.gnu-tools-for-stm32.14.3.rel1.win32_1.0.100.202602081740/tools/bin/../lib/gcc/arm-none-eabi/14.3.1/../../../../arm-none-eabi/lib/thumb/v7e-m+dp/hard\libc_nano.a
END GROUP
START GROUP
LOAD C:/ST/STM32CubeIDE_2.1.1/STM32CubeIDE/plugins/com.st.stm32cube.ide.mcu.externaltools.gnu-tools-for-stm32.14.3.rel1.win32_1.0.100.202602081740/tools/bin/../lib/gcc/arm-none-eabi/14.3.1/thumb/v7e-m+dp/hard\libgcc.a
LOAD C:/ST/STM32CubeIDE_2.1.1/STM32CubeIDE/plugins/com.st.stm32cube.ide.mcu.externaltools.gnu-tools-for-stm32.14.3.rel1.win32_1.0.100.202602081740/tools/bin/../lib/gcc/arm-none-eabi/14.3.1/../../../../arm-none-eabi/lib/thumb/v7e-m+dp/hard\libc_nano.a
LOAD C:/ST/STM32CubeIDE_2.1.1/STM32CubeIDE/plugins/com.st.stm32cube.ide.mcu.externaltools.gnu-tools-for-stm32.14.3.rel1.win32_1.0.100.202602081740/tools/bin/../lib/gcc/arm-none-eabi/14.3.1/../../../../arm-none-eabi/lib/thumb/v7e-m+dp/hard\libnosys.a
END GROUP
START GROUP
LOAD C:/ST/STM32CubeIDE_2.1.1/STM32CubeIDE/plugins/com.st.stm32cube.ide.mcu.externaltools.gnu-tools-for-stm32.14.3.rel1.win32_1.0.100.202602081740/tools/bin/../lib/gcc/arm-none-eabi/14.3.1/thumb/v7e-m+dp/hard\libgcc.a
LOAD C:/ST/STM32CubeIDE_2.1.1/STM32CubeIDE/plugins/com.st.stm32cube.ide.mcu.externaltools.gnu-tools-for-stm32.14.3.rel1.win32_1.0.100.202602081740/tools/bin/../lib/gcc/arm-none-eabi/14.3.1/../../../../arm-none-eabi/lib/thumb/v7e-m+dp/hard\libc_nano.a
LOAD C:/ST/STM32CubeIDE_2.1.1/STM32CubeIDE/plugins/com.st.stm32cube.ide.mcu.externaltools.gnu-tools-for-stm32.14.3.rel1.win32_1.0.100.202602081740/tools/bin/../lib/gcc/arm-none-eabi/14.3.1/../../../../arm-none-eabi/lib/thumb/v7e-m+dp/hard\libnosys.a
END GROUP
LOAD C:/ST/STM32CubeIDE_2.1.1/STM32CubeIDE/plugins/com.st.stm32cube.ide.mcu.externaltools.gnu-tools-for-stm32.14.3.rel1.win32_1.0.100.202602081740/tools/bin/../lib/gcc/arm-none-eabi/14.3.1/thumb/v7e-m+dp/hard/crtend.o
LOAD C:/ST/STM32CubeIDE_2.1.1/STM32CubeIDE/plugins/com.st.stm32cube.ide.mcu.externaltools.gnu-tools-for-stm32.14.3.rel1.win32_1.0.100.202602081740/tools/bin/../lib/gcc/arm-none-eabi/14.3.1/thumb/v7e-m+dp/hard/crtn.o
                0x24080000                        _estack = (ORIGIN (RAM_D1) + LENGTH (RAM_D1))
                0x00000200                        _Min_Heap_Size = 0x200
                0x00000400                        _Min_Stack_Size = 0x400

.isr_vector     0x08000000      0x298
                0x08000000                        . = ALIGN (0x4)
 *(.isr_vector)
 .isr_vector    0x08000000      0x298 ./Core/Startup/startup_stm32h743vitx.o
                0x08000000                g_pfnVectors
                0x08000298                        . = ALIGN (0x4)

.text           0x080002a0    0x14d08
                0x080002a0                        . = ALIGN (0x4)
 *(.text)
 .text          0x080002a0       0x40 C:/ST/STM32CubeIDE_2.1.1/STM32CubeIDE/plugins/com.st.stm32cube.ide.mcu.externaltools.gnu-tools-for-stm32.14.3.rel1.win32_1.0.100.202602081740/tools/bin/../lib/gcc/arm-none-eabi/14.3.1/thumb/v7e-m+dp/hard/crtbegin.o
 .text          0x080002e0       0x10 C:/ST/STM32CubeIDE_2.1.1/STM32CubeIDE/plugins/com.st.stm32cube.ide.mcu.externaltools.gnu-tools-for-stm32.14.3.rel1.win32_1.0.100.202602081740/tools/bin/../lib/gcc/arm-none-eabi/14.3.1/../../../../arm-none-eabi/lib/thumb/v7e-m+dp/hard\libc_nano.a(libc_a-strlen.o)
                0x080002e0                strlen
 .text          0x080002f0       0xa0 C:/ST/STM32CubeIDE_2.1.1/STM32CubeIDE/plugins/com.st.stm32cube.ide.mcu.externaltools.gnu-tools-for-stm32.14.3.rel1.win32_1.0.100.202602081740/tools/bin/../lib/gcc/arm-none-eabi/14.3.1/../../../../arm-none-eabi/lib/thumb/v7e-m+dp/hard\libc_nano.a(libc_a-memchr.o)
                0x080002f0                memchr
 .text          0x08000390       0x30 C:/ST/STM32CubeIDE_2.1.1/STM32CubeIDE/plugins/com.st.stm32cube.ide.mcu.externaltools.gnu-tools-for-stm32.14.3.rel1.win32_1.0.100.202602081740/tools/bin/../lib/gcc/arm-none-eabi/14.3.1/thumb/v7e-m+dp/hard\libgcc.a(_aeabi_uldivmod.o)
                0x08000390                __aeabi_uldivmod
 .text          0x080003c0      0x2f8 C:/ST/STM32CubeIDE_2.1.1/STM32CubeIDE/plugins/com.st.stm32cube.ide.mcu.externaltools.gnu-tools-for-stm32.14.3.rel1.win32_1.0.100.202602081740/tools/bin/../lib/gcc/arm-none-eabi/14.3.1/thumb/v7e-m+dp/hard\libgcc.a(_udivmoddi4.o)
                0x080003c0                __udivmoddi4
 .text          0x080006b8        0x4 C:/ST/STM32CubeIDE_2.1.1/STM32CubeIDE/plugins/com.st.stm32cube.ide.mcu.externaltools.gnu-tools-for-stm32.14.3.rel1.win32_1.0.100.202602081740/tools/bin/../lib/gcc/arm-none-eabi/14.3.1/thumb/v7e-m+dp/hard\libgcc.a(_dvmd_tls.o)
                0x080006b8                __aeabi_idiv0
                0x080006b8                __aeabi_ldiv0
 *(.text*)
 .text.ILI9488_GetGlyph
                0x080006bc      0x408 ./Core/Src/ili9488.o
 .text.ILI9488_Select
                0x08000ac4       0x18 ./Core/Src/ili9488.o
 .text.ILI9488_Unselect
                0x08000adc       0x18 ./Core/Src/ili9488.o
 .text.ILI9488_DC_Command
                0x08000af4       0x18 ./Core/Src/ili9488.o
 .text.ILI9488_DC_Data
                0x08000b0c       0x18 ./Core/Src/ili9488.o
 .text.ILI9488_ResetHW
                0x08000b24       0x30 ./Core/Src/ili9488.o
 .text.ILI9488_WriteCommand
                0x08000b54       0x34 ./Core/Src/ili9488.o
 .text.ILI9488_WriteData
                0x08000b88       0x34 ./Core/Src/ili9488.o
 .text.ILI9488_SetAddressWindow
                0x08000bbc       0x90 ./Core/Src/ili9488.o
 .text.ILI9488_Color565To666
                0x08000c4c       0xb0 ./Core/Src/ili9488.o
 .text.ILI9488_WriteColor565
                0x08000cfc       0xa4 ./Core/Src/ili9488.o
 .text.ILI9488_Init
                0x08000da0      0x198 ./Core/Src/ili9488.o
                0x08000da0                ILI9488_Init
 .text.ILI9488_FillRect
                0x08000f38       0x94 ./Core/Src/ili9488.o
                0x08000f38                ILI9488_FillRect
 .text.ILI9488_FillScreen
                0x08000fcc       0x26 ./Core/Src/ili9488.o
                0x08000fcc                ILI9488_FillScreen
 *fill*         0x08000ff2        0x2 
 .text.ILI9488_DrawChar
                0x08000ff4      0x28c ./Core/Src/ili9488.o
                0x08000ff4                ILI9488_DrawChar
 .text.ILI9488_DrawString
                0x08001280      0x238 ./Core/Src/ili9488.o
                0x08001280                ILI9488_DrawString
 .text.ILI9488_DrawTextWrapped
                0x080014b8       0xb8 ./Core/Src/ili9488.o
                0x080014b8                ILI9488_DrawTextWrapped
 .text.LineHasVisibleChars
                0x08001570       0x42 ./Core/Src/main.o
 *fill*         0x080015b2        0x2 
 .text.SM_SendCmd
                0x080015b4       0x38 ./Core/Src/main.o
 .text.SM_CheckResponse
                0x080015ec       0x28 ./Core/Src/main.o
 .text.SM_IsModuleResponse
                0x08001614      0x130 ./Core/Src/main.o
 .text.SM_ProcessPositionResponse
                0x08001744       0x94 ./Core/Src/main.o
 .text.SM_ServiceDashboardQueries
                0x080017d8       0x60 ./Core/Src/main.o
 .text.SM_ButtonPressed
                0x08001838       0x44 ./Core/Src/main.o
 .text.SM_ButtonEdge
                0x0800187c       0x42 ./Core/Src/main.o
 *fill*         0x080018be        0x2 
 .text.SM_ActivateEmergency
                0x080018c0       0xf4 ./Core/Src/main.o
 .text.SM_HandleSafetyConfirmation
                0x080019b4       0xd0 ./Core/Src/main.o
 .text.DS3231_ReadDateTime
                0x08001a84      0x140 ./Core/Src/main.o
 .text.SM_LogMuestreo
                0x08001bc4      0x1ec ./Core/Src/main.o
 .text.SM_BatteryPercent
                0x08001db0      0x39c ./Core/Src/main.o
 .text.SM_ParseSensor
                0x0800214c       0xe0 ./Core/Src/main.o
 .text.SM_IsDashboardState
                0x0800222c       0x46 ./Core/Src/main.o
 .text.SM_IsEmergencyState
                0x08002272       0x34 ./Core/Src/main.o
 .text.SM_DrawCenteredString
                0x080022a6       0x78 ./Core/Src/main.o
 .text.SM_DrawCenteredField
                0x0800231e       0xda ./Core/Src/main.o
 .text.SM_DrawCenteredOptions
                0x080023f8      0x100 ./Core/Src/main.o
 .text.SM_ClearEmergencyScreenContent
                0x080024f8      0x100 ./Core/Src/main.o
 .text.SM_UpdateStartupAnimation
                0x080025f8       0x94 ./Core/Src/main.o
 .text.SM_UpdateRecoveryAnimation
                0x0800268c       0x90 ./Core/Src/main.o
 .text.SM_DrawCachedText
                0x0800271c      0x16a ./Core/Src/main.o
 *fill*         0x08002886        0x2 
 .text.SM_InvalidateDashboardBodyCache
                0x08002888       0x4c ./Core/Src/main.o
 .text.SM_InvalidateDashboardCache
                0x080028d4       0x54 ./Core/Src/main.o
 .text.SM_ClearDashboardLayout
                0x08002928       0xc4 ./Core/Src/main.o
 .text.SM_UpdateSensorDisplay
                0x080029ec      0x108 ./Core/Src/main.o
 .text.SM_UpdateDashboardStatus
                0x08002af4      0x120 ./Core/Src/main.o
 .text.SM_UpdateConnectionDisplay
                0x08002c14       0x94 ./Core/Src/main.o
 .text.SM_RegisterModuleResponse
                0x08002ca8       0x34 ./Core/Src/main.o
 .text.SM_ServiceConnectionWatchdog
                0x08002cdc       0xc8 ./Core/Src/main.o
 .text.SM_UpdateMenuDisplay
                0x08002da4      0x220 ./Core/Src/main.o
 .text.SM_UpdateDashboardClock
                0x08002fc4       0x8c ./Core/Src/main.o
 .text.SM_UpdateDashboardBattery
                0x08003050       0xd0 ./Core/Src/main.o
 .text.SM_DrawDashboardBody
                0x08003120      0x180 ./Core/Src/main.o
 .text.SM_DrawDashboard
                0x080032a0       0x3c ./Core/Src/main.o
 .text.SM_ToggleValve
                0x080032dc       0x48 ./Core/Src/main.o
 .text.SM_RequestManualMode
                0x08003324       0x30 ./Core/Src/main.o
 .text.SM_HandleMenu
                0x08003354      0x1e0 ./Core/Src/main.o
 .text.SM_ClearPreviousScreenContent
                0x08003534      0x184 ./Core/Src/main.o
 .text.SM_DrawScreen
                0x080036b8      0x52c ./Core/Src/main.o
 .text.SM_SetState
                0x08003be4      0x250 ./Core/Src/main.o
 .text.SM_Run   0x08003e34      0xaf4 ./Core/Src/main.o
 .text.main     0x08004928       0x84 ./Core/Src/main.o
                0x08004928                main
 .text.SystemClock_Config
                0x080049ac       0xf8 ./Core/Src/main.o
                0x080049ac                SystemClock_Config
 .text.MX_ADC3_Init
                0x08004aa4      0x10c ./Core/Src/main.o
 .text.MX_I2C1_Init
                0x08004bb0       0x80 ./Core/Src/main.o
 .text.MX_SDMMC1_SD_Init
                0x08004c30       0x48 ./Core/Src/main.o
 .text.MX_SPI1_Init
                0x08004c78       0xac ./Core/Src/main.o
 .text.MX_UART4_Init
                0x08004d24       0x98 ./Core/Src/main.o
 .text.MX_GPIO_Init
                0x08004dbc      0x13c ./Core/Src/main.o
 .text.MPU_Config
                0x08004ef8       0x58 ./Core/Src/main.o
 .text.Error_Handler
                0x08004f50        0xc ./Core/Src/main.o
                0x08004f50                Error_Handler
 .text.HAL_MspInit
                0x08004f5c       0x34 ./Core/Src/stm32h7xx_hal_msp.o
                0x08004f5c                HAL_MspInit
 .text.HAL_ADC_MspInit
                0x08004f90       0xe4 ./Core/Src/stm32h7xx_hal_msp.o
                0x08004f90                HAL_ADC_MspInit
 .text.HAL_I2C_MspInit
                0x08005074       0xd0 ./Core/Src/stm32h7xx_hal_msp.o
                0x08005074                HAL_I2C_MspInit
 .text.HAL_SD_MspInit
                0x08005144      0x11c ./Core/Src/stm32h7xx_hal_msp.o
                0x08005144                HAL_SD_MspInit
 .text.HAL_SPI_MspInit
                0x08005260       0xd0 ./Core/Src/stm32h7xx_hal_msp.o
                0x08005260                HAL_SPI_MspInit
 .text.HAL_UART_MspInit
                0x08005330       0xe4 ./Core/Src/stm32h7xx_hal_msp.o
                0x08005330                HAL_UART_MspInit
 .text.NMI_Handler
                0x08005414        0x8 ./Core/Src/stm32h7xx_it.o
                0x08005414                NMI_Handler
 .text.HardFault_Handler
                0x0800541c        0x8 ./Core/Src/stm32h7xx_it.o
                0x0800541c                HardFault_Handler
 .text.MemManage_Handler
                0x08005424        0x8 ./Core/Src/stm32h7xx_it.o
                0x08005424                MemManage_Handler
 .text.BusFault_Handler
                0x0800542c        0x8 ./Core/Src/stm32h7xx_it.o
                0x0800542c                BusFault_Handler
 .text.UsageFault_Handler
                0x08005434        0x8 ./Core/Src/stm32h7xx_it.o
                0x08005434                UsageFault_Handler
 .text.SVC_Handler
                0x0800543c        0xe ./Core/Src/stm32h7xx_it.o
                0x0800543c                SVC_Handler
 .text.DebugMon_Handler
                0x0800544a        0xe ./Core/Src/stm32h7xx_it.o
                0x0800544a                DebugMon_Handler
 .text.PendSV_Handler
                0x08005458        0xe ./Core/Src/stm32h7xx_it.o
                0x08005458                PendSV_Handler
 .text.SysTick_Handler
                0x08005466        0xc ./Core/Src/stm32h7xx_it.o
                0x08005466                SysTick_Handler
 *fill*         0x08005472        0x2 
 .text.UART4_IRQHandler
                0x08005474       0x14 ./Core/Src/stm32h7xx_it.o
                0x08005474                UART4_IRQHandler
 .text._sbrk    0x08005488       0x6c ./Core/Src/sysmem.o
                0x08005488                _sbrk
 .text.SystemInit
                0x080054f4      0x140 ./Core/Src/system_stm32h7xx.o
                0x080054f4                SystemInit
 .text.ExitRun0Mode
                0x08005634       0x18 ./Core/Src/system_stm32h7xx.o
                0x08005634                ExitRun0Mode
 .text.UARTUTILS_Init
                0x0800564c       0x8c ./Core/Src/uart_utils.o
                0x0800564c                UARTUTILS_Init
 .text.HAL_UART_RxCpltCallback
                0x080056d8      0x168 ./Core/Src/uart_utils.o
                0x080056d8                HAL_UART_RxCpltCallback
 .text.HAL_UART_ErrorCallback
                0x08005840       0x64 ./Core/Src/uart_utils.o
                0x08005840                HAL_UART_ErrorCallback
 .text.UARTUTILS_Task
                0x080058a4        0xe ./Core/Src/uart_utils.o
                0x080058a4                UARTUTILS_Task
 *fill*         0x080058b2        0x2 
 .text.UARTUTILS_LineAvailable
                0x080058b4       0x24 ./Core/Src/uart_utils.o
                0x080058b4                UARTUTILS_LineAvailable
 .text.UARTUTILS_GetLine
                0x080058d8       0xac ./Core/Src/uart_utils.o
                0x080058d8                UARTUTILS_GetLine
 .text.Reset_Handler
                0x08005984       0x54 ./Core/Startup/startup_stm32h743vitx.o
                0x08005984                Reset_Handler
 .text.Default_Handler
                0x080059d8        0x2 ./Core/Startup/startup_stm32h743vitx.o
                0x080059d8                RTC_Alarm_IRQHandler
                0x080059d8                EXTI2_IRQHandler
                0x080059d8                TIM8_CC_IRQHandler
                0x080059d8                HRTIM1_Master_IRQHandler
                0x080059d8                UART8_IRQHandler
                0x080059d8                SPI4_IRQHandler
                0x080059d8                TIM1_CC_IRQHandler
                0x080059d8                BDMA_Channel6_IRQHandler
                0x080059d8                DMA2_Stream5_IRQHandler
                0x080059d8                HRTIM1_FLT_IRQHandler
                0x080059d8                JPEG_IRQHandler
                0x080059d8                DMA1_Stream5_IRQHandler
                0x080059d8                BDMA_Channel1_IRQHandler
                0x080059d8                HRTIM1_TIMD_IRQHandler
                0x080059d8                TAMP_STAMP_IRQHandler
                0x080059d8                EXTI3_IRQHandler
                0x080059d8                LPTIM4_IRQHandler
                0x080059d8                TIM8_TRG_COM_TIM14_IRQHandler
                0x080059d8                LPTIM2_IRQHandler
                0x080059d8                DFSDM1_FLT1_IRQHandler
                0x080059d8                DMAMUX2_OVR_IRQHandler
                0x080059d8                TIM8_UP_TIM13_IRQHandler
                0x080059d8                I2C3_ER_IRQHandler
                0x080059d8                DFSDM1_FLT2_IRQHandler
                0x080059d8                MDMA_IRQHandler
                0x080059d8                LPTIM3_IRQHandler
                0x080059d8                HSEM1_IRQHandler
                0x080059d8                EXTI0_IRQHandler
                0x080059d8                I2C2_EV_IRQHandler
                0x080059d8                DMA1_Stream2_IRQHandler
                0x080059d8                FPU_IRQHandler
                0x080059d8                OTG_HS_WKUP_IRQHandler
                0x080059d8                FDCAN1_IT1_IRQHandler
                0x080059d8                LTDC_ER_IRQHandler
                0x080059d8                DMA2_Stream2_IRQHandler
                0x080059d8                HRTIM1_TIME_IRQHandler
                0x080059d8                SPI1_IRQHandler
                0x080059d8                TIM6_DAC_IRQHandler
                0x080059d8                DCMI_IRQHandler
                0x080059d8                HRTIM1_TIMC_IRQHandler
                0x080059d8                DMA2_Stream3_IRQHandler
                0x080059d8                SAI2_IRQHandler
                0x080059d8                DFSDM1_FLT3_IRQHandler
                0x080059d8                USART6_IRQHandler
                0x080059d8                TIM17_IRQHandler
                0x080059d8                USART3_IRQHandler
                0x080059d8                BDMA_Channel7_IRQHandler
                0x080059d8                LPTIM5_IRQHandler
                0x080059d8                UART5_IRQHandler
                0x080059d8                ADC3_IRQHandler
                0x080059d8                DMA2_Stream0_IRQHandler
                0x080059d8                TIM4_IRQHandler
                0x080059d8                BDMA_Channel2_IRQHandler
                0x080059d8                QUADSPI_IRQHandler
                0x080059d8                I2C1_EV_IRQHandler
                0x080059d8                DMA1_Stream6_IRQHandler
                0x080059d8                DMAMUX1_OVR_IRQHandler
                0x080059d8                DMA1_Stream1_IRQHandler
                0x080059d8                TIM16_IRQHandler
                0x080059d8                BDMA_Channel5_IRQHandler
                0x080059d8                TIM3_IRQHandler
                0x080059d8                RCC_IRQHandler
                0x080059d8                TIM8_BRK_TIM12_IRQHandler
                0x080059d8                TIM1_TRG_COM_IRQHandler
                0x080059d8                Default_Handler
                0x080059d8                ECC_IRQHandler
                0x080059d8                CEC_IRQHandler
                0x080059d8                EXTI15_10_IRQHandler
                0x080059d8                BDMA_Channel0_IRQHandler
                0x080059d8                ADC_IRQHandler
                0x080059d8                DMA1_Stream7_IRQHandler
                0x080059d8                HRTIM1_TIMA_IRQHandler
                0x080059d8                SPI5_IRQHandler
                0x080059d8                TIM7_IRQHandler
                0x080059d8                SDMMC1_IRQHandler
                0x080059d8                TIM5_IRQHandler
                0x080059d8                DMA2_Stream7_IRQHandler
                0x080059d8                TIM15_IRQHandler
                0x080059d8                PVD_AVD_IRQHandler
                0x080059d8                I2C3_EV_IRQHandler
                0x080059d8                EXTI9_5_IRQHandler
                0x080059d8                RTC_WKUP_IRQHandler
                0x080059d8                LTDC_IRQHandler
                0x080059d8                SAI3_IRQHandler
                0x080059d8                ETH_WKUP_IRQHandler
                0x080059d8                SPDIF_RX_IRQHandler
                0x080059d8                SPI2_IRQHandler
                0x080059d8                OTG_HS_EP1_IN_IRQHandler
                0x080059d8                DMA1_Stream0_IRQHandler
                0x080059d8                CRS_IRQHandler
                0x080059d8                EXTI4_IRQHandler
                0x080059d8                RNG_IRQHandler
                0x080059d8                HRTIM1_TIMB_IRQHandler
                0x080059d8                FDCAN2_IT1_IRQHandler
                0x080059d8                ETH_IRQHandler
                0x080059d8                TIM1_UP_IRQHandler
                0x080059d8                BDMA_Channel4_IRQHandler
                0x080059d8                OTG_HS_EP1_OUT_IRQHandler
                0x080059d8                WWDG_IRQHandler
                0x080059d8                SPI6_IRQHandler
                0x080059d8                MDIOS_IRQHandler
                0x080059d8                I2C4_EV_IRQHandler
                0x080059d8                FDCAN2_IT0_IRQHandler
                0x080059d8                LPUART1_IRQHandler
                0x080059d8                FDCAN1_IT0_IRQHandler
                0x080059d8                TIM2_IRQHandler
                0x080059d8                OTG_FS_WKUP_IRQHandler
                0x080059d8                OTG_HS_IRQHandler
                0x080059d8                DMA2D_IRQHandler
                0x080059d8                TIM1_BRK_IRQHandler
                0x080059d8                EXTI1_IRQHandler
                0x080059d8                SDMMC2_IRQHandler
                0x080059d8                OTG_FS_EP1_OUT_IRQHandler
                0x080059d8                BDMA_Channel3_IRQHandler
                0x080059d8                UART7_IRQHandler
                0x080059d8                MDIOS_WKUP_IRQHandler
                0x080059d8                USART2_IRQHandler
                0x080059d8                DFSDM1_FLT0_IRQHandler
                0x080059d8                SAI4_IRQHandler
                0x080059d8                I2C2_ER_IRQHandler
                0x080059d8                DMA2_Stream1_IRQHandler
                0x080059d8                FLASH_IRQHandler
                0x080059d8                DMA2_Stream4_IRQHandler
                0x080059d8                USART1_IRQHandler
                0x080059d8                OTG_FS_IRQHandler
                0x080059d8                SPI3_IRQHandler
                0x080059d8                WAKEUP_PIN_IRQHandler
                0x080059d8                DMA1_Stream4_IRQHandler
                0x080059d8                OTG_FS_EP1_IN_IRQHandler
                0x080059d8                I2C1_ER_IRQHandler
                0x080059d8                FMC_IRQHandler
                0x080059d8                FDCAN_CAL_IRQHandler
                0x080059d8                SWPMI1_IRQHandler
                0x080059d8                COMP1_IRQHandler
                0x080059d8                LPTIM1_IRQHandler
                0x080059d8                I2C4_ER_IRQHandler
                0x080059d8                DMA2_Stream6_IRQHandler
                0x080059d8                SAI1_IRQHandler
                0x080059d8                DMA1_Stream3_IRQHandler
 *fill*         0x080059da        0x2 
 .text.HAL_Init
                0x080059dc       0x78 ./Drivers/STM32H7xx_HAL_Driver/Src/stm32h7xx_hal.o
                0x080059dc                HAL_Init
 .text.HAL_InitTick
                0x08005a54       0x6c ./Drivers/STM32H7xx_HAL_Driver/Src/stm32h7xx_hal.o
                0x08005a54                HAL_InitTick
 .text.HAL_IncTick
                0x08005ac0       0x28 ./Drivers/STM32H7xx_HAL_Driver/Src/stm32h7xx_hal.o
                0x08005ac0                HAL_IncTick
 .text.HAL_GetTick
                0x08005ae8       0x18 ./Drivers/STM32H7xx_HAL_Driver/Src/stm32h7xx_hal.o
                0x08005ae8                HAL_GetTick
 .text.HAL_Delay
                0x08005b00       0x48 ./Drivers/STM32H7xx_HAL_Driver/Src/stm32h7xx_hal.o
                0x08005b00                HAL_Delay
 .text.HAL_GetREVID
                0x08005b48       0x18 ./Drivers/STM32H7xx_HAL_Driver/Src/stm32h7xx_hal.o
                0x08005b48                HAL_GetREVID
 .text.LL_ADC_SetCommonClock
                0x08005b60       0x26 ./Drivers/STM32H7xx_HAL_Driver/Src/stm32h7xx_hal_adc.o
 .text.LL_ADC_SetCommonPathInternalCh
                0x08005b86       0x26 ./Drivers/STM32H7xx_HAL_Driver/Src/stm32h7xx_hal_adc.o
 .text.LL_ADC_GetCommonPathInternalCh
                0x08005bac       0x1c ./Drivers/STM32H7xx_HAL_Driver/Src/stm32h7xx_hal_adc.o
 .text.LL_ADC_SetChannelPreselection
                0x08005bc8       0x66 ./Drivers/STM32H7xx_HAL_Driver/Src/stm32h7xx_hal_adc.o
 .text.LL_ADC_SetOffset
                0x08005c2e       0x40 ./Drivers/STM32H7xx_HAL_Driver/Src/stm32h7xx_hal_adc.o
 .text.LL_ADC_SetDataRightShift
                0x08005c6e       0x32 ./Drivers/STM32H7xx_HAL_Driver/Src/stm32h7xx_hal_adc.o
 .text.LL_ADC_SetOffsetSignedSaturation
                0x08005ca0       0x36 ./Drivers/STM32H7xx_HAL_Driver/Src/stm32h7xx_hal_adc.o
 .text.LL_ADC_REG_IsTriggerSourceSWStart
                0x08005cd6       0x26 ./Drivers/STM32H7xx_HAL_Driver/Src/stm32h7xx_hal_adc.o
 .text.LL_ADC_REG_SetSequencerRanks
                0x08005cfc       0x58 ./Drivers/STM32H7xx_HAL_Driver/Src/stm32h7xx_hal_adc.o
 .text.LL_ADC_SetChannelSamplingTime
                0x08005d54       0x56 ./Drivers/STM32H7xx_HAL_Driver/Src/stm32h7xx_hal_adc.o
 *fill*         0x08005daa        0x2 
 .text.LL_ADC_SetChannelSingleDiff
                0x08005dac       0x48 ./Drivers/STM32H7xx_HAL_Driver/Src/stm32h7xx_hal_adc.o
 .text.LL_ADC_GetMultimode
                0x08005df4       0x1c ./Drivers/STM32H7xx_HAL_Driver/Src/stm32h7xx_hal_adc.o
 .text.LL_ADC_GetMultiDMATransfer
                0x08005e10       0x1c ./Drivers/STM32H7xx_HAL_Driver/Src/stm32h7xx_hal_adc.o
 .text.LL_ADC_DisableDeepPowerDown
                0x08005e2c       0x24 ./Drivers/STM32H7xx_HAL_Driver/Src/stm32h7xx_hal_adc.o
 .text.LL_ADC_IsDeepPowerDownEnabled
                0x08005e50       0x28 ./Drivers/STM32H7xx_HAL_Driver/Src/stm32h7xx_hal_adc.o
 .text.LL_ADC_EnableInternalRegulator
                0x08005e78       0x28 ./Drivers/STM32H7xx_HAL_Driver/Src/stm32h7xx_hal_adc.o
 .text.LL_ADC_IsInternalRegulatorEnabled
                0x08005ea0       0x28 ./Drivers/STM32H7xx_HAL_Driver/Src/stm32h7xx_hal_adc.o
 .text.LL_ADC_Enable
                0x08005ec8       0x28 ./Drivers/STM32H7xx_HAL_Driver/Src/stm32h7xx_hal_adc.o
 .text.LL_ADC_Disable
                0x08005ef0       0x28 ./Drivers/STM32H7xx_HAL_Driver/Src/stm32h7xx_hal_adc.o
 .text.LL_ADC_IsEnabled
                0x08005f18       0x26 ./Drivers/STM32H7xx_HAL_Driver/Src/stm32h7xx_hal_adc.o
 .text.LL_ADC_IsDisableOngoing
                0x08005f3e       0x26 ./Drivers/STM32H7xx_HAL_Driver/Src/stm32h7xx_hal_adc.o
 .text.LL_ADC_REG_StartConversion
                0x08005f64       0x28 ./Drivers/STM32H7xx_HAL_Driver/Src/stm32h7xx_hal_adc.o
 .text.LL_ADC_REG_StopConversion
                0x08005f8c       0x28 ./Drivers/STM32H7xx_HAL_Driver/Src/stm32h7xx_hal_adc.o
 .text.LL_ADC_REG_IsConversionOngoing
                0x08005fb4       0x26 ./Drivers/STM32H7xx_HAL_Driver/Src/stm32h7xx_hal_adc.o
 *fill*         0x08005fda        0x2 
 .text.LL_ADC_INJ_StopConversion
                0x08005fdc       0x28 ./Drivers/STM32H7xx_HAL_Driver/Src/stm32h7xx_hal_adc.o
 .text.LL_ADC_INJ_IsConversionOngoing
                0x08006004       0x26 ./Drivers/STM32H7xx_HAL_Driver/Src/stm32h7xx_hal_adc.o
 *fill*         0x0800602a        0x2 
 .text.HAL_ADC_Init
                0x0800602c      0x344 ./Drivers/STM32H7xx_HAL_Driver/Src/stm32h7xx_hal_adc.o
                0x0800602c                HAL_ADC_Init
 .text.HAL_ADC_Start
                0x08006370      0x194 ./Drivers/STM32H7xx_HAL_Driver/Src/stm32h7xx_hal_adc.o
                0x08006370                HAL_ADC_Start
 .text.HAL_ADC_Stop
                0x08006504       0x68 ./Drivers/STM32H7xx_HAL_Driver/Src/stm32h7xx_hal_adc.o
                0x08006504                HAL_ADC_Stop
 .text.HAL_ADC_PollForConversion
                0x0800656c      0x1e8 ./Drivers/STM32H7xx_HAL_Driver/Src/stm32h7xx_hal_adc.o
                0x0800656c                HAL_ADC_PollForConversion
 .text.HAL_ADC_GetValue
                0x08006754       0x1a ./Drivers/STM32H7xx_HAL_Driver/Src/stm32h7xx_hal_adc.o
                0x08006754                HAL_ADC_GetValue
 *fill*         0x0800676e        0x2 
 .text.HAL_ADC_ConfigChannel
                0x08006770      0x5e0 ./Drivers/STM32H7xx_HAL_Driver/Src/stm32h7xx_hal_adc.o
                0x08006770                HAL_ADC_ConfigChannel
 .text.ADC_ConversionStop
                0x08006d50      0x178 ./Drivers/STM32H7xx_HAL_Driver/Src/stm32h7xx_hal_adc.o
                0x08006d50                ADC_ConversionStop
 .text.ADC_Enable
                0x08006ec8      0x114 ./Drivers/STM32H7xx_HAL_Driver/Src/stm32h7xx_hal_adc.o
                0x08006ec8                ADC_Enable
 .text.ADC_Disable
                0x08006fdc       0xbe ./Drivers/STM32H7xx_HAL_Driver/Src/stm32h7xx_hal_adc.o
                0x08006fdc                ADC_Disable
 *fill*         0x0800709a        0x2 
 .text.ADC_ConfigureBoostMode
                0x0800709c      0x218 ./Drivers/STM32H7xx_HAL_Driver/Src/stm32h7xx_hal_adc.o
                0x0800709c                ADC_ConfigureBoostMode
 .text.LL_ADC_StartCalibration
                0x080072b4       0x3c ./Drivers/STM32H7xx_HAL_Driver/Src/stm32h7xx_hal_adc_ex.o
 .text.LL_ADC_IsCalibrationOnGoing
                0x080072f0       0x28 ./Drivers/STM32H7xx_HAL_Driver/Src/stm32h7xx_hal_adc_ex.o
 .text.HAL_ADCEx_Calibration_Start
                0x08007318       0xc8 ./Drivers/STM32H7xx_HAL_Driver/Src/stm32h7xx_hal_adc_ex.o
                0x08007318                HAL_ADCEx_Calibration_Start
 .text.__NVIC_SetPriorityGrouping
                0x080073e0       0x48 ./Drivers/STM32H7xx_HAL_Driver/Src/stm32h7xx_hal_cortex.o
 .text.__NVIC_GetPriorityGrouping
                0x08007428       0x1c ./Drivers/STM32H7xx_HAL_Driver/Src/stm32h7xx_hal_cortex.o
 .text.__NVIC_EnableIRQ
                0x08007444       0x3c ./Drivers/STM32H7xx_HAL_Driver/Src/stm32h7xx_hal_cortex.o
 .text.__NVIC_SetPriority
                0x08007480       0x54 ./Drivers/STM32H7xx_HAL_Driver/Src/stm32h7xx_hal_cortex.o
 .text.NVIC_EncodePriority
                0x080074d4       0x66 ./Drivers/STM32H7xx_HAL_Driver/Src/stm32h7xx_hal_cortex.o
 *fill*         0x0800753a        0x2 
 .text.SysTick_Config
                0x0800753c       0x44 ./Drivers/STM32H7xx_HAL_Driver/Src/stm32h7xx_hal_cortex.o
 .text.HAL_NVIC_SetPriorityGrouping
                0x08007580       0x16 ./Drivers/STM32H7xx_HAL_Driver/Src/stm32h7xx_hal_cortex.o
                0x08007580                HAL_NVIC_SetPriorityGrouping
 .text.HAL_NVIC_SetPriority
                0x08007596       0x34 ./Drivers/STM32H7xx_HAL_Driver/Src/stm32h7xx_hal_cortex.o
                0x08007596                HAL_NVIC_SetPriority
 .text.HAL_NVIC_EnableIRQ
                0x080075ca       0x1c ./Drivers/STM32H7xx_HAL_Driver/Src/stm32h7xx_hal_cortex.o
                0x080075ca                HAL_NVIC_EnableIRQ
 .text.HAL_SYSTICK_Config
                0x080075e6       0x18 ./Drivers/STM32H7xx_HAL_Driver/Src/stm32h7xx_hal_cortex.o
                0x080075e6                HAL_SYSTICK_Config
 *fill*         0x080075fe        0x2 
 .text.HAL_MPU_Disable
                0x08007600       0x30 ./Drivers/STM32H7xx_HAL_Driver/Src/stm32h7xx_hal_cortex.o
                0x08007600                HAL_MPU_Disable
 .text.HAL_MPU_Enable
                0x08007630       0x40 ./Drivers/STM32H7xx_HAL_Driver/Src/stm32h7xx_hal_cortex.o
                0x08007630                HAL_MPU_Enable
 .text.HAL_MPU_ConfigRegion
                0x08007670       0x80 ./Drivers/STM32H7xx_HAL_Driver/Src/stm32h7xx_hal_cortex.o
                0x08007670                HAL_MPU_ConfigRegion
 .text.HAL_DMA_Abort
                0x080076f0      0x63c ./Drivers/STM32H7xx_HAL_Driver/Src/stm32h7xx_hal_dma.o
                0x080076f0                HAL_DMA_Abort
 .text.HAL_DMA_Abort_IT
                0x08007d2c      0x48c ./Drivers/STM32H7xx_HAL_Driver/Src/stm32h7xx_hal_dma.o
                0x08007d2c                HAL_DMA_Abort_IT
 .text.HAL_GPIO_Init
                0x080081b8      0x374 ./Drivers/STM32H7xx_HAL_Driver/Src/stm32h7xx_hal_gpio.o
                0x080081b8                HAL_GPIO_Init
 .text.HAL_GPIO_ReadPin
                0x0800852c       0x30 ./Drivers/STM32H7xx_HAL_Driver/Src/stm32h7xx_hal_gpio.o
                0x0800852c                HAL_GPIO_ReadPin
 .text.HAL_GPIO_WritePin
                0x0800855c       0x32 ./Drivers/STM32H7xx_HAL_Driver/Src/stm32h7xx_hal_gpio.o
                0x0800855c                HAL_GPIO_WritePin
 *fill*         0x0800858e        0x2 
 .text.HAL_I2C_Init
                0x08008590      0x138 ./Drivers/STM32H7xx_HAL_Driver/Src/stm32h7xx_hal_i2c.o
                0x08008590                HAL_I2C_Init
 .text.HAL_I2C_Master_Transmit
                0x080086c8      0x230 ./Drivers/STM32H7xx_HAL_Driver/Src/stm32h7xx_hal_i2c.o
                0x080086c8                HAL_I2C_Master_Transmit
 .text.HAL_I2C_Master_Receive
                0x080088f8      0x1ec ./Drivers/STM32H7xx_HAL_Driver/Src/stm32h7xx_hal_i2c.o
                0x080088f8                HAL_I2C_Master_Receive
 .text.I2C_Flush_TXDR
                0x08008ae4       0x48 ./Drivers/STM32H7xx_HAL_Driver/Src/stm32h7xx_hal_i2c.o
 .text.I2C_WaitOnFlagUntilTimeout
                0x08008b2c       0xb2 ./Drivers/STM32H7xx_HAL_Driver/Src/stm32h7xx_hal_i2c.o
 .text.I2C_WaitOnTXISFlagUntilTimeout
                0x08008bde       0x8e ./Drivers/STM32H7xx_HAL_Driver/Src/stm32h7xx_hal_i2c.o
 .text.I2C_WaitOnSTOPFlagUntilTimeout
                0x08008c6c       0x86 ./Drivers/STM32H7xx_HAL_Driver/Src/stm32h7xx_hal_i2c.o
 *fill*         0x08008cf2        0x2 
 .text.I2C_WaitOnRXNEFlagUntilTimeout
                0x08008cf4      0x118 ./Drivers/STM32H7xx_HAL_Driver/Src/stm32h7xx_hal_i2c.o
 .text.I2C_IsErrorOccurred
                0x08008e0c      0x1c0 ./Drivers/STM32H7xx_HAL_Driver/Src/stm32h7xx_hal_i2c.o
 .text.I2C_TransferConfig
                0x08008fcc       0x64 ./Drivers/STM32H7xx_HAL_Driver/Src/stm32h7xx_hal_i2c.o
 .text.HAL_I2CEx_ConfigAnalogFilter
                0x08009030       0x96 ./Drivers/STM32H7xx_HAL_Driver/Src/stm32h7xx_hal_i2c_ex.o
                0x08009030                HAL_I2CEx_ConfigAnalogFilter
 .text.HAL_I2CEx_ConfigDigitalFilter
                0x080090c6       0x98 ./Drivers/STM32H7xx_HAL_Driver/Src/stm32h7xx_hal_i2c_ex.o
                0x080090c6                HAL_I2CEx_ConfigDigitalFilter
 *fill*         0x0800915e        0x2 
 .text.HAL_PWREx_ConfigSupply
                0x08009160       0x74 ./Drivers/STM32H7xx_HAL_Driver/Src/stm32h7xx_hal_pwr_ex.o
                0x08009160                HAL_PWREx_ConfigSupply
 .text.HAL_RCC_OscConfig
                0x080091d4      0x8b4 ./Drivers/STM32H7xx_HAL_Driver/Src/stm32h7xx_hal_rcc.o
                0x080091d4                HAL_RCC_OscConfig
 .text.HAL_RCC_ClockConfig
                0x08009a88      0x36c ./Drivers/STM32H7xx_HAL_Driver/Src/stm32h7xx_hal_rcc.o
                0x08009a88                HAL_RCC_ClockConfig
 .text.HAL_RCC_GetSysClockFreq
                0x08009df4      0x2f4 ./Drivers/STM32H7xx_HAL_Driver/Src/stm32h7xx_hal_rcc.o
                0x08009df4                HAL_RCC_GetSysClockFreq
 .text.HAL_RCC_GetHCLKFreq
                0x0800a0e8       0x60 ./Drivers/STM32H7xx_HAL_Driver/Src/stm32h7xx_hal_rcc.o
                0x0800a0e8                HAL_RCC_GetHCLKFreq
 .text.HAL_RCC_GetPCLK1Freq
                0x0800a148       0x2c ./Drivers/STM32H7xx_HAL_Driver/Src/stm32h7xx_hal_rcc.o
                0x0800a148                HAL_RCC_GetPCLK1Freq
 .text.HAL_RCC_GetPCLK2Freq
                0x0800a174       0x2c ./Drivers/STM32H7xx_HAL_Driver/Src/stm32h7xx_hal_rcc.o
                0x0800a174                HAL_RCC_GetPCLK2Freq
 .text.HAL_RCCEx_PeriphCLKConfig
                0x0800a1a0     0x1414 ./Drivers/STM32H7xx_HAL_Driver/Src/stm32h7xx_hal_rcc_ex.o
                0x0800a1a0                HAL_RCCEx_PeriphCLKConfig
 .text.HAL_RCCEx_GetPeriphCLKFreq
                0x0800b5b4      0xb00 ./Drivers/STM32H7xx_HAL_Driver/Src/stm32h7xx_hal_rcc_ex.o
                0x0800b5b4                HAL_RCCEx_GetPeriphCLKFreq
 .text.HAL_RCCEx_GetD3PCLK1Freq
                0x0800c0b4       0x2c ./Drivers/STM32H7xx_HAL_Driver/Src/stm32h7xx_hal_rcc_ex.o
                0x0800c0b4                HAL_RCCEx_GetD3PCLK1Freq
 .text.HAL_RCCEx_GetPLL2ClockFreq
                0x0800c0e0      0x2a8 ./Drivers/STM32H7xx_HAL_Driver/Src/stm32h7xx_hal_rcc_ex.o
                0x0800c0e0                HAL_RCCEx_GetPLL2ClockFreq
 .text.HAL_RCCEx_GetPLL3ClockFreq
                0x0800c388      0x2a8 ./Drivers/STM32H7xx_HAL_Driver/Src/stm32h7xx_hal_rcc_ex.o
                0x0800c388                HAL_RCCEx_GetPLL3ClockFreq
 .text.HAL_RCCEx_GetPLL1ClockFreq
                0x0800c630      0x2a4 ./Drivers/STM32H7xx_HAL_Driver/Src/stm32h7xx_hal_rcc_ex.o
                0x0800c630                HAL_RCCEx_GetPLL1ClockFreq
 .text.RCCEx_PLL2_Config
                0x0800c8d4      0x164 ./Drivers/STM32H7xx_HAL_Driver/Src/stm32h7xx_hal_rcc_ex.o
 .text.RCCEx_PLL3_Config
                0x0800ca38      0x164 ./Drivers/STM32H7xx_HAL_Driver/Src/stm32h7xx_hal_rcc_ex.o
 .text.HAL_SD_Init
                0x0800cb9c      0x106 ./Drivers/STM32H7xx_HAL_Driver/Src/stm32h7xx_hal_sd.o
                0x0800cb9c                HAL_SD_Init
 *fill*         0x0800cca2        0x2 
 .text.HAL_SD_InitCard
                0x0800cca4      0x15c ./Drivers/STM32H7xx_HAL_Driver/Src/stm32h7xx_hal_sd.o
                0x0800cca4                HAL_SD_InitCard
 .text.HAL_SD_ReadBlocks
                0x0800ce00      0x314 ./Drivers/STM32H7xx_HAL_Driver/Src/stm32h7xx_hal_sd.o
                0x0800ce00                HAL_SD_ReadBlocks
 .text.HAL_SD_WriteBlocks
                0x0800d114      0x31c ./Drivers/STM32H7xx_HAL_Driver/Src/stm32h7xx_hal_sd.o
                0x0800d114                HAL_SD_WriteBlocks
 .text.HAL_SD_GetCardCSD
                0x0800d430      0x348 ./Drivers/STM32H7xx_HAL_Driver/Src/stm32h7xx_hal_sd.o
                0x0800d430                HAL_SD_GetCardCSD
 .text.HAL_SD_GetCardStatus
                0x0800d778      0x17c ./Drivers/STM32H7xx_HAL_Driver/Src/stm32h7xx_hal_sd.o
                0x0800d778                HAL_SD_GetCardStatus
 .text.HAL_SD_GetCardInfo
                0x0800d8f4       0x58 ./Drivers/STM32H7xx_HAL_Driver/Src/stm32h7xx_hal_sd.o
                0x0800d8f4                HAL_SD_GetCardInfo
 .text.HAL_SD_ConfigWideBusOperation
                0x0800d94c      0x224 ./Drivers/STM32H7xx_HAL_Driver/Src/stm32h7xx_hal_sd.o
                0x0800d94c                HAL_SD_ConfigWideBusOperation
 .text.HAL_SD_GetCardState
                0x0800db70       0x40 ./Drivers/STM32H7xx_HAL_Driver/Src/stm32h7xx_hal_sd.o
                0x0800db70                HAL_SD_GetCardState
 .text.SD_InitCard
                0x0800dbb0      0x19c ./Drivers/STM32H7xx_HAL_Driver/Src/stm32h7xx_hal_sd.o
 .text.SD_PowerON
                0x0800dd4c      0x11c ./Drivers/STM32H7xx_HAL_Driver/Src/stm32h7xx_hal_sd.o
 .text.SD_SendSDStatus
                0x0800de68      0x1a0 ./Drivers/STM32H7xx_HAL_Driver/Src/stm32h7xx_hal_sd.o
 .text.SD_SendStatus
                0x0800e008       0x50 ./Drivers/STM32H7xx_HAL_Driver/Src/stm32h7xx_hal_sd.o
 .text.SD_WideBus_Enable
                0x0800e058       0x96 ./Drivers/STM32H7xx_HAL_Driver/Src/stm32h7xx_hal_sd.o
 .text.SD_WideBus_Disable
                0x0800e0ee       0x96 ./Drivers/STM32H7xx_HAL_Driver/Src/stm32h7xx_hal_sd.o
 .text.SD_FindSCR
                0x0800e184      0x1a0 ./Drivers/STM32H7xx_HAL_Driver/Src/stm32h7xx_hal_sd.o
 .text.HAL_SPI_Init
                0x0800e324      0x248 ./Drivers/STM32H7xx_HAL_Driver/Src/stm32h7xx_hal_spi.o
                0x0800e324                HAL_SPI_Init
 .text.HAL_SPI_Transmit
                0x0800e56c      0x3dc ./Drivers/STM32H7xx_HAL_Driver/Src/stm32h7xx_hal_spi.o
                0x0800e56c                HAL_SPI_Transmit
 .text.SPI_CloseTransfer
                0x0800e948      0x140 ./Drivers/STM32H7xx_HAL_Driver/Src/stm32h7xx_hal_spi.o
 .text.SPI_WaitOnFlagUntilTimeout
                0x0800ea88       0x5c ./Drivers/STM32H7xx_HAL_Driver/Src/stm32h7xx_hal_spi.o
 .text.SPI_GetPacketSize
                0x0800eae4       0x36 ./Drivers/STM32H7xx_HAL_Driver/Src/stm32h7xx_hal_spi.o
 .text.HAL_UART_Init
                0x0800eb1a       0xa0 ./Drivers/STM32H7xx_HAL_Driver/Src/stm32h7xx_hal_uart.o
                0x0800eb1a                HAL_UART_Init
 .text.HAL_UART_Transmit
                0x0800ebba      0x132 ./Drivers/STM32H7xx_HAL_Driver/Src/stm32h7xx_hal_uart.o
                0x0800ebba                HAL_UART_Transmit
 .text.HAL_UART_Receive_IT
                0x0800ecec       0x98 ./Drivers/STM32H7xx_HAL_Driver/Src/stm32h7xx_hal_uart.o
                0x0800ecec                HAL_UART_Receive_IT
 .text.HAL_UART_IRQHandler
                0x0800ed84      0x7ac ./Drivers/STM32H7xx_HAL_Driver/Src/stm32h7xx_hal_uart.o
                0x0800ed84                HAL_UART_IRQHandler
 .text.HAL_UART_TxCpltCallback
                0x0800f530       0x14 ./Drivers/STM32H7xx_HAL_Driver/Src/stm32h7xx_hal_uart.o
                0x0800f530                HAL_UART_TxCpltCallback
 .text.HAL_UARTEx_RxEventCallback
                0x0800f544       0x18 ./Drivers/STM32H7xx_HAL_Driver/Src/stm32h7xx_hal_uart.o
                0x0800f544                HAL_UARTEx_RxEventCallback
 .text.UART_SetConfig
                0x0800f55c      0xad0 ./Drivers/STM32H7xx_HAL_Driver/Src/stm32h7xx_hal_uart.o
                0x0800f55c                UART_SetConfig
 .text.UART_AdvFeatureConfig
                0x0801002c      0x144 ./Drivers/STM32H7xx_HAL_Driver/Src/stm32h7xx_hal_uart.o
                0x0801002c                UART_AdvFeatureConfig
 .text.UART_CheckIdleState
                0x08010170      0x154 ./Drivers/STM32H7xx_HAL_Driver/Src/stm32h7xx_hal_uart.o
                0x08010170                UART_CheckIdleState
 .text.UART_WaitOnFlagUntilTimeout
                0x080102c4       0xda ./Drivers/STM32H7xx_HAL_Driver/Src/stm32h7xx_hal_uart.o
                0x080102c4                UART_WaitOnFlagUntilTimeout
 *fill*         0x0801039e        0x2 
 .text.UART_Start_Receive_IT
                0x080103a0      0x244 ./Drivers/STM32H7xx_HAL_Driver/Src/stm32h7xx_hal_uart.o
                0x080103a0                UART_Start_Receive_IT
 .text.UART_EndRxTransfer
                0x080105e4       0xcc ./Drivers/STM32H7xx_HAL_Driver/Src/stm32h7xx_hal_uart.o
 .text.UART_DMAAbortOnError
                0x080106b0       0x1c ./Drivers/STM32H7xx_HAL_Driver/Src/stm32h7xx_hal_uart.o
 .text.UART_EndTransmit_IT
                0x080106cc       0x56 ./Drivers/STM32H7xx_HAL_Driver/Src/stm32h7xx_hal_uart.o
 *fill*         0x08010722        0x2 
 .text.UART_RxISR_8BIT
                0x08010724      0x1b8 ./Drivers/STM32H7xx_HAL_Driver/Src/stm32h7xx_hal_uart.o
 .text.UART_RxISR_16BIT
                0x080108dc      0x1b8 ./Drivers/STM32H7xx_HAL_Driver/Src/stm32h7xx_hal_uart.o
 .text.UART_RxISR_8BIT_FIFOEN
                0x08010a94      0x364 ./Drivers/STM32H7xx_HAL_Driver/Src/stm32h7xx_hal_uart.o
 .text.UART_RxISR_16BIT_FIFOEN
                0x08010df8      0x36c ./Drivers/STM32H7xx_HAL_Driver/Src/stm32h7xx_hal_uart.o
 .text.HAL_UARTEx_WakeupCallback
                0x08011164       0x14 ./Drivers/STM32H7xx_HAL_Driver/Src/stm32h7xx_hal_uart_ex.o
                0x08011164                HAL_UARTEx_WakeupCallback
 .text.HAL_UARTEx_RxFifoFullCallback
                0x08011178       0x14 ./Drivers/STM32H7xx_HAL_Driver/Src/stm32h7xx_hal_uart_ex.o
                0x08011178                HAL_UARTEx_RxFifoFullCallback
 .text.HAL_UARTEx_TxFifoEmptyCallback
                0x0801118c       0x14 ./Drivers/STM32H7xx_HAL_Driver/Src/stm32h7xx_hal_uart_ex.o
                0x0801118c                HAL_UARTEx_TxFifoEmptyCallback
 .text.HAL_UARTEx_DisableFifoMode
                0x080111a0       0x72 ./Drivers/STM32H7xx_HAL_Driver/Src/stm32h7xx_hal_uart_ex.o
                0x080111a0                HAL_UARTEx_DisableFifoMode
 .text.HAL_UARTEx_SetTxFifoThreshold
                0x08011212       0x7c ./Drivers/STM32H7xx_HAL_Driver/Src/stm32h7xx_hal_uart_ex.o
                0x08011212                HAL_UARTEx_SetTxFifoThreshold
 .text.HAL_UARTEx_SetRxFifoThreshold
                0x0801128e       0x7c ./Drivers/STM32H7xx_HAL_Driver/Src/stm32h7xx_hal_uart_ex.o
                0x0801128e                HAL_UARTEx_SetRxFifoThreshold
 *fill*         0x0801130a        0x2 
 .text.UARTEx_SetNbDataToProcess
                0x0801130c       0x9c ./Drivers/STM32H7xx_HAL_Driver/Src/stm32h7xx_hal_uart_ex.o
 .text.SDMMC_Init
                0x080113a8       0x54 ./Drivers/STM32H7xx_HAL_Driver/Src/stm32h7xx_ll_sdmmc.o
                0x080113a8                SDMMC_Init
 .text.SDMMC_ReadFIFO
                0x080113fc       0x1a ./Drivers/STM32H7xx_HAL_Driver/Src/stm32h7xx_ll_sdmmc.o
                0x080113fc                SDMMC_ReadFIFO
 .text.SDMMC_WriteFIFO
                0x08011416       0x22 ./Drivers/STM32H7xx_HAL_Driver/Src/stm32h7xx_ll_sdmmc.o
                0x08011416                SDMMC_WriteFIFO
 .text.SDMMC_PowerState_ON
                0x08011438       0x22 ./Drivers/STM32H7xx_HAL_Driver/Src/stm32h7xx_ll_sdmmc.o
                0x08011438                SDMMC_PowerState_ON
 .text.SDMMC_GetPowerState
                0x0801145a       0x1c ./Drivers/STM32H7xx_HAL_Driver/Src/stm32h7xx_ll_sdmmc.o
                0x0801145a                SDMMC_GetPowerState
 *fill*         0x08011476        0x2 
 .text.SDMMC_SendCommand
                0x08011478       0x54 ./Drivers/STM32H7xx_HAL_Driver/Src/stm32h7xx_ll_sdmmc.o
                0x08011478                SDMMC_SendCommand
 .text.SDMMC_GetCommandResponse
                0x080114cc       0x1a ./Drivers/STM32H7xx_HAL_Driver/Src/stm32h7xx_ll_sdmmc.o
                0x080114cc                SDMMC_GetCommandResponse
 .text.SDMMC_GetResponse
                0x080114e6       0x26 ./Drivers/STM32H7xx_HAL_Driver/Src/stm32h7xx_ll_sdmmc.o
                0x080114e6                SDMMC_GetResponse
 .text.SDMMC_ConfigData
                0x0801150c       0x58 ./Drivers/STM32H7xx_HAL_Driver/Src/stm32h7xx_ll_sdmmc.o
                0x0801150c                SDMMC_ConfigData
 .text.SDMMC_CmdBlockLength
                0x08011564       0x46 ./Drivers/STM32H7xx_HAL_Driver/Src/stm32h7xx_ll_sdmmc.o
                0x08011564                SDMMC_CmdBlockLength
 .text.SDMMC_CmdReadSingleBlock
                0x080115aa       0x46 ./Drivers/STM32H7xx_HAL_Driver/Src/stm32h7xx_ll_sdmmc.o
                0x080115aa                SDMMC_CmdReadSingleBlock
 .text.SDMMC_CmdReadMultiBlock
                0x080115f0       0x46 ./Drivers/STM32H7xx_HAL_Driver/Src/stm32h7xx_ll_sdmmc.o
                0x080115f0                SDMMC_CmdReadMultiBlock
 .text.SDMMC_CmdWriteSingleBlock
                0x08011636       0x46 ./Drivers/STM32H7xx_HAL_Driver/Src/stm32h7xx_ll_sdmmc.o
                0x08011636                SDMMC_CmdWriteSingleBlock
 .text.SDMMC_CmdWriteMultiBlock
                0x0801167c       0x46 ./Drivers/STM32H7xx_HAL_Driver/Src/stm32h7xx_ll_sdmmc.o
                0x0801167c                SDMMC_CmdWriteMultiBlock
 *fill*         0x080116c2        0x2 
 .text.SDMMC_CmdStopTransfer
                0x080116c4       0x78 ./Drivers/STM32H7xx_HAL_Driver/Src/stm32h7xx_ll_sdmmc.o
                0x080116c4                SDMMC_CmdStopTransfer
 .text.SDMMC_CmdSelDesel
                0x0801173c       0x46 ./Drivers/STM32H7xx_HAL_Driver/Src/stm32h7xx_ll_sdmmc.o
                0x0801173c                SDMMC_CmdSelDesel
 .text.SDMMC_CmdGoIdleState
                0x08011782       0x3c ./Drivers/STM32H7xx_HAL_Driver/Src/stm32h7xx_ll_sdmmc.o
                0x08011782                SDMMC_CmdGoIdleState
 .text.SDMMC_CmdOperCond
                0x080117be       0x40 ./Drivers/STM32H7xx_HAL_Driver/Src/stm32h7xx_ll_sdmmc.o
                0x080117be                SDMMC_CmdOperCond
 .text.SDMMC_CmdAppCommand
                0x080117fe       0x46 ./Drivers/STM32H7xx_HAL_Driver/Src/stm32h7xx_ll_sdmmc.o
                0x080117fe                SDMMC_CmdAppCommand
 .text.SDMMC_CmdAppOperCommand
                0x08011844       0x40 ./Drivers/STM32H7xx_HAL_Driver/Src/stm32h7xx_ll_sdmmc.o
                0x08011844                SDMMC_CmdAppOperCommand
 .text.SDMMC_CmdBusWidth
                0x08011884       0x46 ./Drivers/STM32H7xx_HAL_Driver/Src/stm32h7xx_ll_sdmmc.o
                0x08011884                SDMMC_CmdBusWidth
 .text.SDMMC_CmdSendSCR
                0x080118ca       0x44 ./Drivers/STM32H7xx_HAL_Driver/Src/stm32h7xx_ll_sdmmc.o
                0x080118ca                SDMMC_CmdSendSCR
 .text.SDMMC_CmdSendCID
                0x0801190e       0x3e ./Drivers/STM32H7xx_HAL_Driver/Src/stm32h7xx_ll_sdmmc.o
                0x0801190e                SDMMC_CmdSendCID
 .text.SDMMC_CmdSendCSD
                0x0801194c       0x40 ./Drivers/STM32H7xx_HAL_Driver/Src/stm32h7xx_ll_sdmmc.o
                0x0801194c                SDMMC_CmdSendCSD
 .text.SDMMC_CmdSetRelAdd
                0x0801198c       0x44 ./Drivers/STM32H7xx_HAL_Driver/Src/stm32h7xx_ll_sdmmc.o
                0x0801198c                SDMMC_CmdSetRelAdd
 .text.SDMMC_CmdSendStatus
                0x080119d0       0x46 ./Drivers/STM32H7xx_HAL_Driver/Src/stm32h7xx_ll_sdmmc.o
                0x080119d0                SDMMC_CmdSendStatus
 .text.SDMMC_CmdStatusRegister
                0x08011a16       0x44 ./Drivers/STM32H7xx_HAL_Driver/Src/stm32h7xx_ll_sdmmc.o
                0x08011a16                SDMMC_CmdStatusRegister
 *fill*         0x08011a5a        0x2 
 .text.SDMMC_GetCmdResp1
                0x08011a5c      0x1e4 ./Drivers/STM32H7xx_HAL_Driver/Src/stm32h7xx_ll_sdmmc.o
                0x08011a5c                SDMMC_GetCmdResp1
 .text.SDMMC_GetCmdResp2
                0x08011c40       0x94 ./Drivers/STM32H7xx_HAL_Driver/Src/stm32h7xx_ll_sdmmc.o
                0x08011c40                SDMMC_GetCmdResp2
 .text.SDMMC_GetCmdResp3
                0x08011cd4       0x80 ./Drivers/STM32H7xx_HAL_Driver/Src/stm32h7xx_ll_sdmmc.o
                0x08011cd4                SDMMC_GetCmdResp3
 .text.SDMMC_GetCmdResp6
                0x08011d54       0xf0 ./Drivers/STM32H7xx_HAL_Driver/Src/stm32h7xx_ll_sdmmc.o
                0x08011d54                SDMMC_GetCmdResp6
 .text.SDMMC_GetCmdResp7
                0x08011e44       0x9c ./Drivers/STM32H7xx_HAL_Driver/Src/stm32h7xx_ll_sdmmc.o
                0x08011e44                SDMMC_GetCmdResp7
 .text.SDMMC_GetCmdError
                0x08011ee0       0x5c ./Drivers/STM32H7xx_HAL_Driver/Src/stm32h7xx_ll_sdmmc.o
 .text.MX_FATFS_Init
                0x08011f3c       0x24 ./FATFS/App/fatfs.o
                0x08011f3c                MX_FATFS_Init
 .text.get_fattime
                0x08011f60       0x10 ./FATFS/App/fatfs.o
                0x08011f60                get_fattime
 .text.BSP_SD_Init
                0x08011f70       0x4c ./FATFS/Target/bsp_driver_sd.o
                0x08011f70                BSP_SD_Init
 .text.BSP_SD_ReadBlocks
                0x08011fbc       0x3c ./FATFS/Target/bsp_driver_sd.o
                0x08011fbc                BSP_SD_ReadBlocks
 .text.BSP_SD_WriteBlocks
                0x08011ff8       0x3c ./FATFS/Target/bsp_driver_sd.o
                0x08011ff8                BSP_SD_WriteBlocks
 .text.BSP_SD_GetCardState
                0x08012034       0x20 ./FATFS/Target/bsp_driver_sd.o
                0x08012034                BSP_SD_GetCardState
 .text.BSP_SD_GetCardInfo
                0x08012054       0x1c ./FATFS/Target/bsp_driver_sd.o
                0x08012054                BSP_SD_GetCardInfo
 .text.BSP_SD_IsDetected
                0x08012070       0x1a ./FATFS/Target/bsp_driver_sd.o
                0x08012070                BSP_SD_IsDetected
 *fill*         0x0801208a        0x2 
 .text.SD_CheckStatus
                0x0801208c       0x3c ./FATFS/Target/sd_diskio.o
 .text.SD_initialize
                0x080120c8       0x3c ./FATFS/Target/sd_diskio.o
                0x080120c8                SD_initialize
 .text.SD_status
                0x08012104       0x1c ./FATFS/Target/sd_diskio.o
                0x08012104                SD_status
 .text.SD_read  0x08012120       0x42 ./FATFS/Target/sd_diskio.o
                0x08012120                SD_read
 .text.SD_write
                0x08012162       0x42 ./FATFS/Target/sd_diskio.o
                0x08012162                SD_write
 .text.SD_ioctl
                0x080121a4       0xb0 ./FATFS/Target/sd_diskio.o
                0x080121a4                SD_ioctl
 .text.disk_status
                0x08012254       0x34 ./Middlewares/Third_Party/FatFs/src/diskio.o
                0x08012254                disk_status
 .text.disk_initialize
                0x08012288       0x50 ./Middlewares/Third_Party/FatFs/src/diskio.o
                0x08012288                disk_initialize
 .text.disk_read
                0x080122d8       0x40 ./Middlewares/Third_Party/FatFs/src/diskio.o
                0x080122d8                disk_read
 .text.disk_write
                0x08012318       0x40 ./Middlewares/Third_Party/FatFs/src/diskio.o
                0x08012318                disk_write
 .text.disk_ioctl
                0x08012358       0x3c ./Middlewares/Third_Party/FatFs/src/diskio.o
                0x08012358                disk_ioctl
 .text.ld_word  0x08012394       0x32 ./Middlewares/Third_Party/FatFs/src/ff.o
 .text.ld_dword
                0x080123c6       0x46 ./Middlewares/Third_Party/FatFs/src/ff.o
 .text.st_word  0x0801240c       0x36 ./Middlewares/Third_Party/FatFs/src/ff.o
 .text.st_dword
                0x08012442       0x58 ./Middlewares/Third_Party/FatFs/src/ff.o
 .text.mem_cpy  0x0801249a       0x42 ./Middlewares/Third_Party/FatFs/src/ff.o
 .text.mem_set  0x080124dc       0x36 ./Middlewares/Third_Party/FatFs/src/ff.o
 .text.mem_cmp  0x08012512       0x4e ./Middlewares/Third_Party/FatFs/src/ff.o
 .text.chk_chr  0x08012560       0x36 ./Middlewares/Third_Party/FatFs/src/ff.o
 *fill*         0x08012596        0x2 
 .text.chk_lock
                0x08012598       0xb8 ./Middlewares/Third_Party/FatFs/src/ff.o
 .text.enq_lock
                0x08012650       0x44 ./Middlewares/Third_Party/FatFs/src/ff.o
 .text.inc_lock
                0x08012694      0x11c ./Middlewares/Third_Party/FatFs/src/ff.o
 .text.dec_lock
                0x080127b0       0x78 ./Middlewares/Third_Party/FatFs/src/ff.o
 .text.clear_lock
                0x08012828       0x48 ./Middlewares/Third_Party/FatFs/src/ff.o
 .text.sync_window
                0x08012870       0x88 ./Middlewares/Third_Party/FatFs/src/ff.o
 .text.move_window
                0x080128f8       0x5a ./Middlewares/Third_Party/FatFs/src/ff.o
 *fill*         0x08012952        0x2 
 .text.sync_fs  0x08012954       0xdc ./Middlewares/Third_Party/FatFs/src/ff.o
 .text.clust2sect
                0x08012a30       0x3e ./Middlewares/Third_Party/FatFs/src/ff.o
 .text.get_fat  0x08012a6e      0x14e ./Middlewares/Third_Party/FatFs/src/ff.o
 .text.put_fat  0x08012bbc      0x1d4 ./Middlewares/Third_Party/FatFs/src/ff.o
 .text.remove_chain
                0x08012d90       0xca ./Middlewares/Third_Party/FatFs/src/ff.o
 .text.create_chain
                0x08012e5a      0x130 ./Middlewares/Third_Party/FatFs/src/ff.o
 .text.clmt_clust
                0x08012f8a       0x68 ./Middlewares/Third_Party/FatFs/src/ff.o
 .text.dir_sdi  0x08012ff2       0xf6 ./Middlewares/Third_Party/FatFs/src/ff.o
 .text.dir_next
                0x080130e8      0x18a ./Middlewares/Third_Party/FatFs/src/ff.o
 .text.dir_alloc
                0x08013272       0x8e ./Middlewares/Third_Party/FatFs/src/ff.o
 .text.ld_clust
                0x08013300       0x3e ./Middlewares/Third_Party/FatFs/src/ff.o
 .text.st_clust
                0x0801333e       0x40 ./Middlewares/Third_Party/FatFs/src/ff.o
 .text.dir_find
                0x0801337e       0xaa ./Middlewares/Third_Party/FatFs/src/ff.o
 .text.dir_register
                0x08013428       0x64 ./Middlewares/Third_Party/FatFs/src/ff.o
 .text.create_name
                0x0801348c      0x128 ./Middlewares/Third_Party/FatFs/src/ff.o
 .text.follow_path
                0x080135b4       0xe2 ./Middlewares/Third_Party/FatFs/src/ff.o
 .text.get_ldnumber
                0x08013696       0x88 ./Middlewares/Third_Party/FatFs/src/ff.o
 *fill*         0x0801371e        0x2 
 .text.check_fs
                0x08013720       0xac ./Middlewares/Third_Party/FatFs/src/ff.o
 .text.find_volume
                0x080137cc      0x498 ./Middlewares/Third_Party/FatFs/src/ff.o
 .text.validate
                0x08013c64       0x6a ./Middlewares/Third_Party/FatFs/src/ff.o
 *fill*         0x08013cce        0x2 
 .text.f_mount  0x08013cd0       0x8c ./Middlewares/Third_Party/FatFs/src/ff.o
                0x08013cd0                f_mount
 .text.f_open   0x08013d5c      0x374 ./Middlewares/Third_Party/FatFs/src/ff.o
                0x08013d5c                f_open
 .text.f_write  0x080140d0      0x2ea ./Middlewares/Third_Party/FatFs/src/ff.o
                0x080140d0                f_write
 .text.f_sync   0x080143ba       0xfc ./Middlewares/Third_Party/FatFs/src/ff.o
                0x080143ba                f_sync
 .text.f_close  0x080144b6       0x54 ./Middlewares/Third_Party/FatFs/src/ff.o
                0x080144b6                f_close
 *fill*         0x0801450a        0x2 
 .text.FATFS_LinkDriverEx
                0x0801450c       0x98 ./Middlewares/Third_Party/FatFs/src/ff_gen_drv.o
                0x0801450c                FATFS_LinkDriverEx
 .text.FATFS_LinkDriver
                0x080145a4       0x1e ./Middlewares/Third_Party/FatFs/src/ff_gen_drv.o
                0x080145a4                FATFS_LinkDriver
 *fill*         0x080145c2        0x2 
 .text.snprintf
                0x080145c4       0x6c C:/ST/STM32CubeIDE_2.1.1/STM32CubeIDE/plugins/com.st.stm32cube.ide.mcu.externaltools.gnu-tools-for-stm32.14.3.rel1.win32_1.0.100.202602081740/tools/bin/../lib/gcc/arm-none-eabi/14.3.1/../../../../arm-none-eabi/lib/thumb/v7e-m+dp/hard\libc_nano.a(libc_a-snprintf.o)
                0x080145c4                sniprintf
                0x080145c4                snprintf
 .text.memset   0x08014630       0x10 C:/ST/STM32CubeIDE_2.1.1/STM32CubeIDE/plugins/com.st.stm32cube.ide.mcu.externaltools.gnu-tools-for-stm32.14.3.rel1.win32_1.0.100.202602081740/tools/bin/../lib/gcc/arm-none-eabi/14.3.1/../../../../arm-none-eabi/lib/thumb/v7e-m+dp/hard\libc_nano.a(libc_a-memset.o)
                0x08014630                memset
 .text.strncpy  0x08014640       0x26 C:/ST/STM32CubeIDE_2.1.1/STM32CubeIDE/plugins/com.st.stm32cube.ide.mcu.externaltools.gnu-tools-for-stm32.14.3.rel1.win32_1.0.100.202602081740/tools/bin/../lib/gcc/arm-none-eabi/14.3.1/../../../../arm-none-eabi/lib/thumb/v7e-m+dp/hard\libc_nano.a(libc_a-strncpy.o)
                0x08014640                strncpy
 .text.strstr   0x08014666       0x2c C:/ST/STM32CubeIDE_2.1.1/STM32CubeIDE/plugins/com.st.stm32cube.ide.mcu.externaltools.gnu-tools-for-stm32.14.3.rel1.win32_1.0.100.202602081740/tools/bin/../lib/gcc/arm-none-eabi/14.3.1/../../../../arm-none-eabi/lib/thumb/v7e-m+dp/hard\libc_nano.a(libc_a-strstr.o)
                0x08014666                strstr
 *fill*         0x08014692        0x2 
 .text.__errno  0x08014694        0xc C:/ST/STM32CubeIDE_2.1.1/STM32CubeIDE/plugins/com.st.stm32cube.ide.mcu.externaltools.gnu-tools-for-stm32.14.3.rel1.win32_1.0.100.202602081740/tools/bin/../lib/gcc/arm-none-eabi/14.3.1/../../../../arm-none-eabi/lib/thumb/v7e-m+dp/hard\libc_nano.a(libc_a-errno.o)
                0x08014694                __errno
 .text.__libc_init_array
                0x080146a0       0x48 C:/ST/STM32CubeIDE_2.1.1/STM32CubeIDE/plugins/com.st.stm32cube.ide.mcu.externaltools.gnu-tools-for-stm32.14.3.rel1.win32_1.0.100.202602081740/tools/bin/../lib/gcc/arm-none-eabi/14.3.1/../../../../arm-none-eabi/lib/thumb/v7e-m+dp/hard\libc_nano.a(libc_a-init.o)
                0x080146a0                __libc_init_array
 .text.__retarget_lock_acquire_recursive
                0x080146e8        0x2 C:/ST/STM32CubeIDE_2.1.1/STM32CubeIDE/plugins/com.st.stm32cube.ide.mcu.externaltools.gnu-tools-for-stm32.14.3.rel1.win32_1.0.100.202602081740/tools/bin/../lib/gcc/arm-none-eabi/14.3.1/../../../../arm-none-eabi/lib/thumb/v7e-m+dp/hard\libc_nano.a(libc_a-lock.o)
                0x080146e8                __retarget_lock_acquire_recursive
 .text.__retarget_lock_release_recursive
                0x080146ea        0x2 C:/ST/STM32CubeIDE_2.1.1/STM32CubeIDE/plugins/com.st.stm32cube.ide.mcu.externaltools.gnu-tools-for-stm32.14.3.rel1.win32_1.0.100.202602081740/tools/bin/../lib/gcc/arm-none-eabi/14.3.1/../../../../arm-none-eabi/lib/thumb/v7e-m+dp/hard\libc_nano.a(libc_a-lock.o)
                0x080146ea                __retarget_lock_release_recursive
 .text.memcpy   0x080146ec       0x1c C:/ST/STM32CubeIDE_2.1.1/STM32CubeIDE/plugins/com.st.stm32cube.ide.mcu.externaltools.gnu-tools-for-stm32.14.3.rel1.win32_1.0.100.202602081740/tools/bin/../lib/gcc/arm-none-eabi/14.3.1/../../../../arm-none-eabi/lib/thumb/v7e-m+dp/hard\libc_nano.a(libc_a-memcpy-stub.o)
                0x080146ec                memcpy
 .text._free_r  0x08014708       0x94 C:/ST/STM32CubeIDE_2.1.1/STM32CubeIDE/plugins/com.st.stm32cube.ide.mcu.externaltools.gnu-tools-for-stm32.14.3.rel1.win32_1.0.100.202602081740/tools/bin/../lib/gcc/arm-none-eabi/14.3.1/../../../../arm-none-eabi/lib/thumb/v7e-m+dp/hard\libc_nano.a(libc_a-freer.o)
                0x08014708                _free_r
 .text.sbrk_aligned
                0x0801479c       0x44 C:/ST/STM32CubeIDE_2.1.1/STM32CubeIDE/plugins/com.st.stm32cube.ide.mcu.externaltools.gnu-tools-for-stm32.14.3.rel1.win32_1.0.100.202602081740/tools/bin/../lib/gcc/arm-none-eabi/14.3.1/../../../../arm-none-eabi/lib/thumb/v7e-m+dp/hard\libc_nano.a(libc_a-mallocr.o)
 .text._malloc_r
                0x080147e0      0x100 C:/ST/STM32CubeIDE_2.1.1/STM32CubeIDE/plugins/com.st.stm32cube.ide.mcu.externaltools.gnu-tools-for-stm32.14.3.rel1.win32_1.0.100.202602081740/tools/bin/../lib/gcc/arm-none-eabi/14.3.1/../../../../arm-none-eabi/lib/thumb/v7e-m+dp/hard\libc_nano.a(libc_a-mallocr.o)
                0x080147e0                _malloc_r
 .text.__malloc_lock
                0x080148e0        0xc C:/ST/STM32CubeIDE_2.1.1/STM32CubeIDE/plugins/com.st.stm32cube.ide.mcu.externaltools.gnu-tools-for-stm32.14.3.rel1.win32_1.0.100.202602081740/tools/bin/../lib/gcc/arm-none-eabi/14.3.1/../../../../arm-none-eabi/lib/thumb/v7e-m+dp/hard\libc_nano.a(libc_a-mlock.o)
                0x080148e0                __malloc_lock
 .text.__malloc_unlock
                0x080148ec        0xc C:/ST/STM32CubeIDE_2.1.1/STM32CubeIDE/plugins/com.st.stm32cube.ide.mcu.externaltools.gnu-tools-for-stm32.14.3.rel1.win32_1.0.100.202602081740/tools/bin/../lib/gcc/arm-none-eabi/14.3.1/../../../../arm-none-eabi/lib/thumb/v7e-m+dp/hard\libc_nano.a(libc_a-mlock.o)
                0x080148ec                __malloc_unlock
 .text.__ssputs_r
                0x080148f8       0xc0 C:/ST/STM32CubeIDE_2.1.1/STM32CubeIDE/plugins/com.st.stm32cube.ide.mcu.externaltools.gnu-tools-for-stm32.14.3.rel1.win32_1.0.100.202602081740/tools/bin/../lib/gcc/arm-none-eabi/14.3.1/../../../../arm-none-eabi/lib/thumb/v7e-m+dp/hard\libc_nano.a(libc_a-nano-svfprintf.o)
                0x080148f8                __ssputs_r
 .text._svfprintf_r
                0x080149b8      0x1f0 C:/ST/STM32CubeIDE_2.1.1/STM32CubeIDE/plugins/com.st.stm32cube.ide.mcu.externaltools.gnu-tools-for-stm32.14.3.rel1.win32_1.0.100.202602081740/tools/bin/../lib/gcc/arm-none-eabi/14.3.1/../../../../arm-none-eabi/lib/thumb/v7e-m+dp/hard\libc_nano.a(libc_a-nano-svfprintf.o)
                0x080149b8                _svfiprintf_r
                0x080149b8                _svfprintf_r
 .text._printf_common
                0x08014ba8       0xda C:/ST/STM32CubeIDE_2.1.1/STM32CubeIDE/plugins/com.st.stm32cube.ide.mcu.externaltools.gnu-tools-for-stm32.14.3.rel1.win32_1.0.100.202602081740/tools/bin/../lib/gcc/arm-none-eabi/14.3.1/../../../../arm-none-eabi/lib/thumb/v7e-m+dp/hard\libc_nano.a(libc_a-nano-vfprintf_i.o)
                0x08014ba8                _printf_common
 *fill*         0x08014c82        0x2 
 .text._printf_i
                0x08014c84      0x24c C:/ST/STM32CubeIDE_2.1.1/STM32CubeIDE/plugins/com.st.stm32cube.ide.mcu.externaltools.gnu-tools-for-stm32.14.3.rel1.win32_1.0.100.202602081740/tools/bin/../lib/gcc/arm-none-eabi/14.3.1/../../../../arm-none-eabi/lib/thumb/v7e-m+dp/hard\libc_nano.a(libc_a-nano-vfprintf_i.o)
                0x08014c84                _printf_i
 .text.memmove  0x08014ed0       0x32 C:/ST/STM32CubeIDE_2.1.1/STM32CubeIDE/plugins/com.st.stm32cube.ide.mcu.externaltools.gnu-tools-for-stm32.14.3.rel1.win32_1.0.100.202602081740/tools/bin/../lib/gcc/arm-none-eabi/14.3.1/../../../../arm-none-eabi/lib/thumb/v7e-m+dp/hard\libc_nano.a(libc_a-memmove.o)
                0x08014ed0                memmove
 *fill*         0x08014f02        0x2 
 .text._sbrk_r  0x08014f04       0x20 C:/ST/STM32CubeIDE_2.1.1/STM32CubeIDE/plugins/com.st.stm32cube.ide.mcu.externaltools.gnu-tools-for-stm32.14.3.rel1.win32_1.0.100.202602081740/tools/bin/../lib/gcc/arm-none-eabi/14.3.1/../../../../arm-none-eabi/lib/thumb/v7e-m+dp/hard\libc_nano.a(libc_a-sbrkr.o)
                0x08014f04                _sbrk_r
 .text._realloc_r
                0x08014f24       0x5c C:/ST/STM32CubeIDE_2.1.1/STM32CubeIDE/plugins/com.st.stm32cube.ide.mcu.externaltools.gnu-tools-for-stm32.14.3.rel1.win32_1.0.100.202602081740/tools/bin/../lib/gcc/arm-none-eabi/14.3.1/../../../../arm-none-eabi/lib/thumb/v7e-m+dp/hard\libc_nano.a(libc_a-reallocr.o)
                0x08014f24                _realloc_r
 .text._malloc_usable_size_r
                0x08014f80       0x10 C:/ST/STM32CubeIDE_2.1.1/STM32CubeIDE/plugins/com.st.stm32cube.ide.mcu.externaltools.gnu-tools-for-stm32.14.3.rel1.win32_1.0.100.202602081740/tools/bin/../lib/gcc/arm-none-eabi/14.3.1/../../../../arm-none-eabi/lib/thumb/v7e-m+dp/hard\libc_nano.a(libc_a-msizer.o)
                0x08014f80                _malloc_usable_size_r
 *(.glue_7)
 .glue_7        0x08014f90        0x0 linker stubs
 *(.glue_7t)
 .glue_7t       0x08014f90        0x0 linker stubs
 *(.eh_frame)
 .eh_frame      0x08014f90        0x0 C:/ST/STM32CubeIDE_2.1.1/STM32CubeIDE/plugins/com.st.stm32cube.ide.mcu.externaltools.gnu-tools-for-stm32.14.3.rel1.win32_1.0.100.202602081740/tools/bin/../lib/gcc/arm-none-eabi/14.3.1/thumb/v7e-m+dp/hard/crtbegin.o
 *(.init)
 .init          0x08014f90        0x4 C:/ST/STM32CubeIDE_2.1.1/STM32CubeIDE/plugins/com.st.stm32cube.ide.mcu.externaltools.gnu-tools-for-stm32.14.3.rel1.win32_1.0.100.202602081740/tools/bin/../lib/gcc/arm-none-eabi/14.3.1/thumb/v7e-m+dp/hard/crti.o
                0x08014f90                _init
 .init          0x08014f94        0x8 C:/ST/STM32CubeIDE_2.1.1/STM32CubeIDE/plugins/com.st.stm32cube.ide.mcu.externaltools.gnu-tools-for-stm32.14.3.rel1.win32_1.0.100.202602081740/tools/bin/../lib/gcc/arm-none-eabi/14.3.1/thumb/v7e-m+dp/hard/crtn.o
 *(.fini)
 .fini          0x08014f9c        0x4 C:/ST/STM32CubeIDE_2.1.1/STM32CubeIDE/plugins/com.st.stm32cube.ide.mcu.externaltools.gnu-tools-for-stm32.14.3.rel1.win32_1.0.100.202602081740/tools/bin/../lib/gcc/arm-none-eabi/14.3.1/thumb/v7e-m+dp/hard/crti.o
                0x08014f9c                _fini
 .fini          0x08014fa0        0x8 C:/ST/STM32CubeIDE_2.1.1/STM32CubeIDE/plugins/com.st.stm32cube.ide.mcu.externaltools.gnu-tools-for-stm32.14.3.rel1.win32_1.0.100.202602081740/tools/bin/../lib/gcc/arm-none-eabi/14.3.1/thumb/v7e-m+dp/hard/crtn.o
                0x08014fa8                        . = ALIGN (0x4)
                0x08014fa8                        _etext = .

.vfp11_veneer   0x08014fa8        0x0
 .vfp11_veneer  0x08014fa8        0x0 linker stubs

.v4_bx          0x08014fa8        0x0
 .v4_bx         0x08014fa8        0x0 linker stubs

.iplt           0x08014fa8        0x0
 .iplt          0x08014fa8        0x0 C:/ST/STM32CubeIDE_2.1.1/STM32CubeIDE/plugins/com.st.stm32cube.ide.mcu.externaltools.gnu-tools-for-stm32.14.3.rel1.win32_1.0.100.202602081740/tools/bin/../lib/gcc/arm-none-eabi/14.3.1/thumb/v7e-m+dp/hard/crtbegin.o

.rodata         0x08014fa8      0xb54
                0x08014fa8                        . = ALIGN (0x4)
 *(.rodata)
 .rodata        0x08014fa8        0x8 ./Core/Src/main.o
 *(.rodata*)
 .rodata.g_space
                0x08014fb0        0x7 ./Core/Src/ili9488.o
 *fill*         0x08014fb7        0x1 
 .rodata.g_qmark
                0x08014fb8        0x7 ./Core/Src/ili9488.o
 *fill*         0x08014fbf        0x1 
 .rodata.g_exclam
                0x08014fc0        0x7 ./Core/Src/ili9488.o
 *fill*         0x08014fc7        0x1 
 .rodata.g_dot  0x08014fc8        0x7 ./Core/Src/ili9488.o
 *fill*         0x08014fcf        0x1 
 .rodata.g_comma
                0x08014fd0        0x7 ./Core/Src/ili9488.o
 *fill*         0x08014fd7        0x1 
 .rodata.g_colon
                0x08014fd8        0x7 ./Core/Src/ili9488.o
 *fill*         0x08014fdf        0x1 
 .rodata.g_dash
                0x08014fe0        0x7 ./Core/Src/ili9488.o
 *fill*         0x08014fe7        0x1 
 .rodata.g_under
                0x08014fe8        0x7 ./Core/Src/ili9488.o
 *fill*         0x08014fef        0x1 
 .rodata.g_slash
                0x08014ff0        0x7 ./Core/Src/ili9488.o
 *fill*         0x08014ff7        0x1 
 .rodata.g_plus
                0x08014ff8        0x7 ./Core/Src/ili9488.o
 *fill*         0x08014fff        0x1 
 .rodata.g_equal
                0x08015000        0x7 ./Core/Src/ili9488.o
 *fill*         0x08015007        0x1 
 .rodata.g_lpar
                0x08015008        0x7 ./Core/Src/ili9488.o
 *fill*         0x0801500f        0x1 
 .rodata.g_rpar
                0x08015010        0x7 ./Core/Src/ili9488.o
 *fill*         0x08015017        0x1 
 .rodata.g_lbracket
                0x08015018        0x7 ./Core/Src/ili9488.o
 *fill*         0x0801501f        0x1 
 .rodata.g_rbracket
                0x08015020        0x7 ./Core/Src/ili9488.o
 *fill*         0x08015027        0x1 
 .rodata.g_percent
                0x08015028        0x7 ./Core/Src/ili9488.o
 *fill*         0x0801502f        0x1 
 .rodata.g_0    0x08015030        0x7 ./Core/Src/ili9488.o
 *fill*         0x08015037        0x1 
 .rodata.g_1    0x08015038        0x7 ./Core/Src/ili9488.o
 *fill*         0x0801503f        0x1 
 .rodata.g_2    0x08015040        0x7 ./Core/Src/ili9488.o
 *fill*         0x08015047        0x1 
 .rodata.g_3    0x08015048        0x7 ./Core/Src/ili9488.o
 *fill*         0x0801504f        0x1 
 .rodata.g_4    0x08015050        0x7 ./Core/Src/ili9488.o
 *fill*         0x08015057        0x1 
 .rodata.g_5    0x08015058        0x7 ./Core/Src/ili9488.o
 *fill*         0x0801505f        0x1 
 .rodata.g_6    0x08015060        0x7 ./Core/Src/ili9488.o
 *fill*         0x08015067        0x1 
 .rodata.g_7    0x08015068        0x7 ./Core/Src/ili9488.o
 *fill*         0x0801506f        0x1 
 .rodata.g_8    0x08015070        0x7 ./Core/Src/ili9488.o
 *fill*         0x08015077        0x1 
 .rodata.g_9    0x08015078        0x7 ./Core/Src/ili9488.o
 *fill*         0x0801507f        0x1 
 .rodata.g_A    0x08015080        0x7 ./Core/Src/ili9488.o
 *fill*         0x08015087        0x1 
 .rodata.g_B    0x08015088        0x7 ./Core/Src/ili9488.o
 *fill*         0x0801508f        0x1 
 .rodata.g_C    0x08015090        0x7 ./Core/Src/ili9488.o
 *fill*         0x08015097        0x1 
 .rodata.g_D    0x08015098        0x7 ./Core/Src/ili9488.o
 *fill*         0x0801509f        0x1 
 .rodata.g_E    0x080150a0        0x7 ./Core/Src/ili9488.o
 *fill*         0x080150a7        0x1 
 .rodata.g_F    0x080150a8        0x7 ./Core/Src/ili9488.o
 *fill*         0x080150af        0x1 
 .rodata.g_G    0x080150b0        0x7 ./Core/Src/ili9488.o
 *fill*         0x080150b7        0x1 
 .rodata.g_H    0x080150b8        0x7 ./Core/Src/ili9488.o
 *fill*         0x080150bf        0x1 
 .rodata.g_I    0x080150c0        0x7 ./Core/Src/ili9488.o
 *fill*         0x080150c7        0x1 
 .rodata.g_J    0x080150c8        0x7 ./Core/Src/ili9488.o
 *fill*         0x080150cf        0x1 
 .rodata.g_K    0x080150d0        0x7 ./Core/Src/ili9488.o
 *fill*         0x080150d7        0x1 
 .rodata.g_L    0x080150d8        0x7 ./Core/Src/ili9488.o
 *fill*         0x080150df        0x1 
 .rodata.g_M    0x080150e0        0x7 ./Core/Src/ili9488.o
 *fill*         0x080150e7        0x1 
 .rodata.g_N    0x080150e8        0x7 ./Core/Src/ili9488.o
 *fill*         0x080150ef        0x1 
 .rodata.g_O    0x080150f0        0x7 ./Core/Src/ili9488.o
 *fill*         0x080150f7        0x1 
 .rodata.g_P    0x080150f8        0x7 ./Core/Src/ili9488.o
 *fill*         0x080150ff        0x1 
 .rodata.g_Q    0x08015100        0x7 ./Core/Src/ili9488.o
 *fill*         0x08015107        0x1 
 .rodata.g_R    0x08015108        0x7 ./Core/Src/ili9488.o
 *fill*         0x0801510f        0x1 
 .rodata.g_S    0x08015110        0x7 ./Core/Src/ili9488.o
 *fill*         0x08015117        0x1 
 .rodata.g_T    0x08015118        0x7 ./Core/Src/ili9488.o
 *fill*         0x0801511f        0x1 
 .rodata.g_U    0x08015120        0x7 ./Core/Src/ili9488.o
 *fill*         0x08015127        0x1 
 .rodata.g_V    0x08015128        0x7 ./Core/Src/ili9488.o
 *fill*         0x0801512f        0x1 
 .rodata.g_W    0x08015130        0x7 ./Core/Src/ili9488.o
 *fill*         0x08015137        0x1 
 .rodata.g_X    0x08015138        0x7 ./Core/Src/ili9488.o
 *fill*         0x0801513f        0x1 
 .rodata.g_Y    0x08015140        0x7 ./Core/Src/ili9488.o
 *fill*         0x08015147        0x1 
 .rodata.g_Z    0x08015148        0x7 ./Core/Src/ili9488.o
 *fill*         0x0801514f        0x1 
 .rodata.g_a    0x08015150        0x7 ./Core/Src/ili9488.o
 *fill*         0x08015157        0x1 
 .rodata.g_b    0x08015158        0x7 ./Core/Src/ili9488.o
 *fill*         0x0801515f        0x1 
 .rodata.g_c    0x08015160        0x7 ./Core/Src/ili9488.o
 *fill*         0x08015167        0x1 
 .rodata.g_d    0x08015168        0x7 ./Core/Src/ili9488.o
 *fill*         0x0801516f        0x1 
 .rodata.g_e    0x08015170        0x7 ./Core/Src/ili9488.o
 *fill*         0x08015177        0x1 
 .rodata.g_f    0x08015178        0x7 ./Core/Src/ili9488.o
 *fill*         0x0801517f        0x1 
 .rodata.g_g    0x08015180        0x7 ./Core/Src/ili9488.o
 *fill*         0x08015187        0x1 
 .rodata.g_h    0x08015188        0x7 ./Core/Src/ili9488.o
 *fill*         0x0801518f        0x1 
 .rodata.g_i    0x08015190        0x7 ./Core/Src/ili9488.o
 *fill*         0x08015197        0x1 
 .rodata.g_j    0x08015198        0x7 ./Core/Src/ili9488.o
 *fill*         0x0801519f        0x1 
 .rodata.g_k    0x080151a0        0x7 ./Core/Src/ili9488.o
 *fill*         0x080151a7        0x1 
 .rodata.g_l    0x080151a8        0x7 ./Core/Src/ili9488.o
 *fill*         0x080151af        0x1 
 .rodata.g_m    0x080151b0        0x7 ./Core/Src/ili9488.o
 *fill*         0x080151b7        0x1 
 .rodata.g_n    0x080151b8        0x7 ./Core/Src/ili9488.o
 *fill*         0x080151bf        0x1 
 .rodata.g_o    0x080151c0        0x7 ./Core/Src/ili9488.o
 *fill*         0x080151c7        0x1 
 .rodata.g_p    0x080151c8        0x7 ./Core/Src/ili9488.o
 *fill*         0x080151cf        0x1 
 .rodata.g_q    0x080151d0        0x7 ./Core/Src/ili9488.o
 *fill*         0x080151d7        0x1 
 .rodata.g_r    0x080151d8        0x7 ./Core/Src/ili9488.o
 *fill*         0x080151df        0x1 
 .rodata.g_s    0x080151e0        0x7 ./Core/Src/ili9488.o
 *fill*         0x080151e7        0x1 
 .rodata.g_t    0x080151e8        0x7 ./Core/Src/ili9488.o
 *fill*         0x080151ef        0x1 
 .rodata.g_u    0x080151f0        0x7 ./Core/Src/ili9488.o
 *fill*         0x080151f7        0x1 
 .rodata.g_v    0x080151f8        0x7 ./Core/Src/ili9488.o
 *fill*         0x080151ff        0x1 
 .rodata.g_w    0x08015200        0x7 ./Core/Src/ili9488.o
 *fill*         0x08015207        0x1 
 .rodata.g_x    0x08015208        0x7 ./Core/Src/ili9488.o
 *fill*         0x0801520f        0x1 
 .rodata.g_y    0x08015210        0x7 ./Core/Src/ili9488.o
 *fill*         0x08015217        0x1 
 .rodata.g_z    0x08015218        0x7 ./Core/Src/ili9488.o
 *fill*         0x0801521f        0x1 
 .rodata.gamma_pos.11
                0x08015220        0xf ./Core/Src/ili9488.o
 *fill*         0x0801522f        0x1 
 .rodata.gamma_neg.10
                0x08015230        0xf ./Core/Src/ili9488.o
 *fill*         0x0801523f        0x1 
 .rodata.power1.9
                0x08015240        0x2 ./Core/Src/ili9488.o
 *fill*         0x08015242        0x2 
 .rodata.power2.8
                0x08015244        0x1 ./Core/Src/ili9488.o
 *fill*         0x08015245        0x3 
 .rodata.vcom.7
                0x08015248        0x3 ./Core/Src/ili9488.o
 *fill*         0x0801524b        0x1 
 .rodata.madctl.6
                0x0801524c        0x1 ./Core/Src/ili9488.o
 *fill*         0x0801524d        0x3 
 .rodata.pixfmt.5
                0x08015250        0x1 ./Core/Src/ili9488.o
 *fill*         0x08015251        0x3 
 .rodata.ifmode.4
                0x08015254        0x1 ./Core/Src/ili9488.o
 *fill*         0x08015255        0x3 
 .rodata.frame.3
                0x08015258        0x1 ./Core/Src/ili9488.o
 *fill*         0x08015259        0x3 
 .rodata.inv.2  0x0801525c        0x1 ./Core/Src/ili9488.o
 *fill*         0x0801525d        0x3 
 .rodata.dispf.1
                0x08015260        0x2 ./Core/Src/ili9488.o
 *fill*         0x08015262        0x2 
 .rodata.adjust.0
                0x08015264        0x4 ./Core/Src/ili9488.o
 .rodata.SM_IsModuleResponse.str1.4
                0x08015268      0x77b ./Core/Src/main.o
                                 0xc8 (size before relaxing)
 .rodata.SM_ProcessPositionResponse.str1.4
                0x080159e3       0x33 ./Core/Src/main.o
 .rodata.SM_ServiceDashboardQueries.str1.4
                0x080159e3       0x15 ./Core/Src/main.o
 .rodata.SM_ActivateEmergency.str1.4
                0x080159e3       0x19 ./Core/Src/main.o
 .rodata.SM_LogMuestreo.str1.4
                0x080159e3       0x81 ./Core/Src/main.o
 .rodata.SM_ParseSensor.str1.4
                0x080159e3        0x7 ./Core/Src/main.o
 .rodata.SM_DrawCenteredOptions.str1.4
                0x080159e3       0x1d ./Core/Src/main.o
 .rodata.SM_ClearEmergencyScreenContent.str1.4
                0x080159e3        0x1 ./Core/Src/main.o
 .rodata.SM_UpdateStartupAnimation.str1.4
                0x080159e3       0x14 ./Core/Src/main.o
 .rodata.SM_UpdateRecoveryAnimation.str1.4
                0x080159e3       0x18 ./Core/Src/main.o
 .rodata.SM_UpdateSensorDisplay.str1.4
                0x080159e3       0x15 ./Core/Src/main.o
 .rodata.SM_UpdateDashboardStatus.str1.4
                0x080159e3       0x44 ./Core/Src/main.o
 .rodata.SM_UpdateConnectionDisplay.str1.4
                0x080159e3        0xf ./Core/Src/main.o
 .rodata.SM_ServiceConnectionWatchdog.str1.4
                0x080159e3        0x7 ./Core/Src/main.o
 .rodata.SM_UpdateMenuDisplay.str1.4
                0x080159e3       0x3f ./Core/Src/main.o
 .rodata.SM_UpdateDashboardBattery.str1.4
                0x080159e3       0x21 ./Core/Src/main.o
 .rodata.SM_DrawDashboardBody.str1.4
                0x080159e3       0x99 ./Core/Src/main.o
 .rodata.SM_DrawDashboard.str1.4
                0x080159e3       0x11 ./Core/Src/main.o
 .rodata.SM_ToggleValve.str1.4
                0x080159e3       0x2c ./Core/Src/main.o
 .rodata.SM_HandleMenu.str1.4
                0x080159e3       0x31 ./Core/Src/main.o
 .rodata.SM_DrawScreen.str1.4
                0x080159e3      0x1d0 ./Core/Src/main.o
 .rodata.SM_Run.str1.4
                0x080159e3      0x1a9 ./Core/Src/main.o
 *fill*         0x080159e3        0x1 
 .rodata.row_y.2
                0x080159e4        0xa ./Core/Src/main.o
 *fill*         0x080159ee        0x2 
 .rodata.slot_chars.1
                0x080159f0        0x4 ./Core/Src/main.o
 .rodata.slot_x.0
                0x080159f4        0x8 ./Core/Src/main.o
 .rodata.D1CorePrescTable
                0x080159fc       0x10 ./Core/Src/system_stm32h7xx.o
                0x080159fc                D1CorePrescTable
 .rodata.UARTPrescTable
                0x08015a0c       0x18 ./Drivers/STM32H7xx_HAL_Driver/Src/stm32h7xx_hal_uart.o
                0x08015a0c                UARTPrescTable
 .rodata.numerator.1
                0x08015a24        0x8 ./Drivers/STM32H7xx_HAL_Driver/Src/stm32h7xx_hal_uart_ex.o
 .rodata.denominator.0
                0x08015a2c        0x8 ./Drivers/STM32H7xx_HAL_Driver/Src/stm32h7xx_hal_uart_ex.o
 .rodata.SD_Driver
                0x08015a34       0x14 ./FATFS/Target/sd_diskio.o
                0x08015a34                SD_Driver
 .rodata.ExCvt  0x08015a48       0x80 ./Middlewares/Third_Party/FatFs/src/ff.o
 .rodata.create_name.str1.4
                0x08015ac8        0xf ./Middlewares/Third_Party/FatFs/src/ff.o
 .rodata._svfprintf_r.str1.1
                0x08015ac8       0x33 C:/ST/STM32CubeIDE_2.1.1/STM32CubeIDE/plugins/com.st.stm32cube.ide.mcu.externaltools.gnu-tools-for-stm32.14.3.rel1.win32_1.0.100.202602081740/tools/bin/../lib/gcc/arm-none-eabi/14.3.1/../../../../arm-none-eabi/lib/thumb/v7e-m+dp/hard\libc_nano.a(libc_a-nano-svfprintf.o)
                                 0x11 (size before relaxing)
 .rodata._printf_i.str1.1
                0x08015afb       0x22 C:/ST/STM32CubeIDE_2.1.1/STM32CubeIDE/plugins/com.st.stm32cube.ide.mcu.externaltools.gnu-tools-for-stm32.14.3.rel1.win32_1.0.100.202602081740/tools/bin/../lib/gcc/arm-none-eabi/14.3.1/../../../../arm-none-eabi/lib/thumb/v7e-m+dp/hard\libc_nano.a(libc_a-nano-vfprintf_i.o)
                0x08015b20                        . = ALIGN (0x4)
 *fill*         0x08015afb        0x1 

.ARM.extab
 *(.ARM.extab* .gnu.linkonce.armextab.*)

.ARM            0x08015afc        0x8
                0x08015afc                        __exidx_start = .
 *(.ARM.exidx*)
 .ARM.exidx     0x08015afc        0x8 C:/ST/STM32CubeIDE_2.1.1/STM32CubeIDE/plugins/com.st.stm32cube.ide.mcu.externaltools.gnu-tools-for-stm32.14.3.rel1.win32_1.0.100.202602081740/tools/bin/../lib/gcc/arm-none-eabi/14.3.1/../../../../arm-none-eabi/lib/thumb/v7e-m+dp/hard\libc_nano.a(libc_a-strlen.o)
 .ARM.exidx     0x08015b04        0x0 C:/ST/STM32CubeIDE_2.1.1/STM32CubeIDE/plugins/com.st.stm32cube.ide.mcu.externaltools.gnu-tools-for-stm32.14.3.rel1.win32_1.0.100.202602081740/tools/bin/../lib/gcc/arm-none-eabi/14.3.1/../../../../arm-none-eabi/lib/thumb/v7e-m+dp/hard\libc_nano.a(libc_a-memchr.o)
                                  0x8 (size before relaxing)
 .ARM.exidx     0x08015b04        0x0 C:/ST/STM32CubeIDE_2.1.1/STM32CubeIDE/plugins/com.st.stm32cube.ide.mcu.externaltools.gnu-tools-for-stm32.14.3.rel1.win32_1.0.100.202602081740/tools/bin/../lib/gcc/arm-none-eabi/14.3.1/thumb/v7e-m+dp/hard\libgcc.a(_udivmoddi4.o)
                                  0x8 (size before relaxing)
                0x08015b04                        __exidx_end = .

.preinit_array  0x08015b04        0x0
                0x08015b04                        PROVIDE (__preinit_array_start = .)
 *(.preinit_array*)
                0x08015b04                        PROVIDE (__preinit_array_end = .)

.init_array     0x08015b04        0x4
                0x08015b04                        PROVIDE (__init_array_start = .)
 *(SORT_BY_NAME(.init_array.*))
 *(.init_array*)
 .init_array    0x08015b04        0x4 C:/ST/STM32CubeIDE_2.1.1/STM32CubeIDE/plugins/com.st.stm32cube.ide.mcu.externaltools.gnu-tools-for-stm32.14.3.rel1.win32_1.0.100.202602081740/tools/bin/../lib/gcc/arm-none-eabi/14.3.1/thumb/v7e-m+dp/hard/crtbegin.o
                0x08015b08                        PROVIDE (__init_array_end = .)

.fini_array     0x08015b08        0x4
                [!provide]                        PROVIDE (__fini_array_start = .)
 *(SORT_BY_NAME(.fini_array.*))
 *(.fini_array*)
 .fini_array    0x08015b08        0x4 C:/ST/STM32CubeIDE_2.1.1/STM32CubeIDE/plugins/com.st.stm32cube.ide.mcu.externaltools.gnu-tools-for-stm32.14.3.rel1.win32_1.0.100.202602081740/tools/bin/../lib/gcc/arm-none-eabi/14.3.1/thumb/v7e-m+dp/hard/crtbegin.o
                [!provide]                        PROVIDE (__fini_array_end = .)
                0x08015b0c                        _sidata = LOADADDR (.data)

.rel.dyn        0x08015b0c        0x0
 .rel.iplt      0x08015b0c        0x0 C:/ST/STM32CubeIDE_2.1.1/STM32CubeIDE/plugins/com.st.stm32cube.ide.mcu.externaltools.gnu-tools-for-stm32.14.3.rel1.win32_1.0.100.202602081740/tools/bin/../lib/gcc/arm-none-eabi/14.3.1/thumb/v7e-m+dp/hard/crtbegin.o

.data           0x24000000       0xbc load address 0x08015b0c
                0x24000000                        . = ALIGN (0x4)
                0x24000000                        _sdata = .
 *(.data)
 *(.data*)
 .data.g_batt_last_percent
                0x24000000        0x1 ./Core/Src/main.o
 *fill*         0x24000001        0x3 
 .data.g_sensor_temp
                0x24000004       0x10 ./Core/Src/main.o
 .data.g_sensor_depth
                0x24000014       0x10 ./Core/Src/main.o
 .data.g_sample_temp
                0x24000024       0x10 ./Core/Src/main.o
 .data.g_sample_depth
                0x24000034       0x10 ./Core/Src/main.o
 .data.g_periodic_status_next
                0x24000044        0x1 ./Core/Src/main.o
 .data.g_pending_manual_menu
                0x24000045        0x1 ./Core/Src/main.o
 *fill*         0x24000046        0x2 
 .data.g_sample_date
                0x24000048        0xb ./Core/Src/main.o
 *fill*         0x24000053        0x1 
 .data.g_sample_time
                0x24000054        0x6 ./Core/Src/main.o
 .data.g_draw_sensor_sample_layout
                0x2400005a        0x1 ./Core/Src/main.o
 *fill*         0x2400005b        0x1 
 .data.SystemCoreClock
                0x2400005c        0x4 ./Core/Src/system_stm32h7xx.o
                0x2400005c                SystemCoreClock
 .data.SystemD2Clock
                0x24000060        0x4 ./Core/Src/system_stm32h7xx.o
                0x24000060                SystemD2Clock
 .data.uwTickPrio
                0x24000064        0x4 ./Drivers/STM32H7xx_HAL_Driver/Src/stm32h7xx_hal.o
                0x24000064                uwTickPrio
 .data.uwTickFreq
                0x24000068        0x1 ./Drivers/STM32H7xx_HAL_Driver/Src/stm32h7xx_hal.o
                0x24000068                uwTickFreq
 .data.Stat     0x24000069        0x1 ./FATFS/Target/sd_diskio.o
 *fill*         0x2400006a        0x2 
 .data._impure_ptr
                0x2400006c        0x4 C:/ST/STM32CubeIDE_2.1.1/STM32CubeIDE/plugins/com.st.stm32cube.ide.mcu.externaltools.gnu-tools-for-stm32.14.3.rel1.win32_1.0.100.202602081740/tools/bin/../lib/gcc/arm-none-eabi/14.3.1/../../../../arm-none-eabi/lib/thumb/v7e-m+dp/hard\libc_nano.a(libc_a-impure.o)
                0x2400006c                _impure_ptr
 .data._impure_data
                0x24000070       0x4c C:/ST/STM32CubeIDE_2.1.1/STM32CubeIDE/plugins/com.st.stm32cube.ide.mcu.externaltools.gnu-tools-for-stm32.14.3.rel1.win32_1.0.100.202602081740/tools/bin/../lib/gcc/arm-none-eabi/14.3.1/../../../../arm-none-eabi/lib/thumb/v7e-m+dp/hard\libc_nano.a(libc_a-impure.o)
                0x24000070                _impure_data
 *(.RamFunc)
 *(.RamFunc*)
                0x240000bc                        . = ALIGN (0x4)
                0x240000bc                        _edata = .

.igot.plt       0x240000bc        0x0 load address 0x08015bc8
 .igot.plt      0x240000bc        0x0 C:/ST/STM32CubeIDE_2.1.1/STM32CubeIDE/plugins/com.st.stm32cube.ide.mcu.externaltools.gnu-tools-for-stm32.14.3.rel1.win32_1.0.100.202602081740/tools/bin/../lib/gcc/arm-none-eabi/14.3.1/thumb/v7e-m+dp/hard/crtbegin.o
                0x240000bc                        . = ALIGN (0x4)

.bss            0x240000bc     0xc748 load address 0x08015bc8
                0x240000bc                        _sbss = .
                0x240000bc                        __bss_start__ = _sbss
 *(.bss)
 .bss           0x240000bc       0x1c C:/ST/STM32CubeIDE_2.1.1/STM32CubeIDE/plugins/com.st.stm32cube.ide.mcu.externaltools.gnu-tools-for-stm32.14.3.rel1.win32_1.0.100.202602081740/tools/bin/../lib/gcc/arm-none-eabi/14.3.1/thumb/v7e-m+dp/hard/crtbegin.o
 *(.bss*)
 .bss.s_hspi    0x240000d8        0x4 ./Core/Src/ili9488.o
 .bss.s_color_buffer
                0x240000dc     0x1800 ./Core/Src/ili9488.o
 .bss.s_char_buffer
                0x240018dc      0x7e0 ./Core/Src/ili9488.o
 .bss.s_string_buffer
                0x240020bc     0x9d80 ./Core/Src/ili9488.o
 .bss.hadc3     0x2400be3c       0x64 ./Core/Src/main.o
                0x2400be3c                hadc3
 .bss.hi2c1     0x2400bea0       0x54 ./Core/Src/main.o
                0x2400bea0                hi2c1
 .bss.hsd1      0x2400bef4       0x7c ./Core/Src/main.o
                0x2400bef4                hsd1
 .bss.hspi1     0x2400bf70       0x88 ./Core/Src/main.o
                0x2400bf70                hspi1
 .bss.huart4    0x2400bff8       0x94 ./Core/Src/main.o
                0x2400bff8                huart4
 .bss.g_uart_line
                0x2400c08c       0x60 ./Core/Src/main.o
 .bss.g_sd_available
                0x2400c0ec        0x1 ./Core/Src/main.o
 .bss.g_sd_log_status
                0x2400c0ed        0x1 ./Core/Src/main.o
 .bss.g_adc_bateria_ready