Archive member included to satisfy reference by file (symbol)

C:/ST/STM32CubeIDE_2.1.1/STM32CubeIDE/plugins/com.st.stm32cube.ide.mcu.externaltools.gnu-tools-for-stm32.14.3.rel1.win32_1.0.100.202602081740/tools/bin/../lib/gcc/arm-none-eabi/14.3.1/../../../../arm-none-eabi/lib/thumb/v7e-m+dp/hard\libc_nano.a(libc_a-exit.o)
                              C:/ST/STM32CubeIDE_2.1.1/STM32CubeIDE/plugins/com.st.stm32cube.ide.mcu.externaltools.gnu-tools-for-stm32.14.3.rel1.win32_1.0.100.202602081740/tools/bin/../lib/gcc/arm-none-eabi/14.3.1/../../../../arm-none-eabi/lib/thumb/v7e-m+dp/hard/crt0.o (exit)
C:/ST/STM32CubeIDE_2.1.1/STM32CubeIDE/plugins/com.st.stm32cube.ide.mcu.externaltools.gnu-tools-for-stm32.14.3.rel1.win32_1.0.100.202602081740/tools/bin/../lib/gcc/arm-none-eabi/14.3.1/../../../../arm-none-eabi/lib/thumb/v7e-m+dp/hard\libc_nano.a(libc_a-findfp.o)
                              C:/ST/STM32CubeIDE_2.1.1/STM32CubeIDE/plugins/com.st.stm32cube.ide.mcu.externaltools.gnu-tools-for-stm32.14.3.rel1.win32_1.0.100.202602081740/tools/bin/../lib/gcc/arm-none-eabi/14.3.1/../../../../arm-none-eabi/lib/thumb/v7e-m+dp/hard\libc_nano.a(libc_a-exit.o) (__stdio_exit_handler)
C:/ST/STM32CubeIDE_2.1.1/STM32CubeIDE/plugins/com.st.stm32cube.ide.mcu.externaltools.gnu-tools-for-stm32.14.3.rel1.win32_1.0.100.202602081740/tools/bin/../lib/gcc/arm-none-eabi/14.3.1/../../../../arm-none-eabi/lib/thumb/v7e-m+dp/hard\libc_nano.a(libc_a-fwalk.o)
                              C:/ST/STM32CubeIDE_2.1.1/STM32CubeIDE/plugins/com.st.stm32cube.ide.mcu.externaltools.gnu-tools-for-stm32.14.3.rel1.win32_1.0.100.202602081740/tools/bin/../lib/gcc/arm-none-eabi/14.3.1/../../../../arm-none-eabi/lib/thumb/v7e-m+dp/hard\libc_nano.a(libc_a-findfp.o) (_fwalk_sglue)
C:/ST/STM32CubeIDE_2.1.1/STM32CubeIDE/plugins/com.st.stm32cube.ide.mcu.externaltools.gnu-tools-for-stm32.14.3.rel1.win32_1.0.100.202602081740/tools/bin/../lib/gcc/arm-none-eabi/14.3.1/../../../../arm-none-eabi/lib/thumb/v7e-m+dp/hard\libc_nano.a(libc_a-snprintf.o)
                              ./Core/Src/main.o (snprintf)
C:/ST/STM32CubeIDE_2.1.1/STM32CubeIDE/plugins/com.st.stm32cube.ide.mcu.externaltools.gnu-tools-for-stm32.14.3.rel1.win32_1.0.100.202602081740/tools/bin/../lib/gcc/arm-none-eabi/14.3.1/../../../../arm-none-eabi/lib/thumb/v7e-m+dp/hard\libc_nano.a(libc_a-stdio.o)
                              C:/ST/STM32CubeIDE_2.1.1/STM32CubeIDE/plugins/com.st.stm32cube.ide.mcu.externaltools.gnu-tools-for-stm32.14.3.rel1.win32_1.0.100.202602081740/tools/bin/../lib/gcc/arm-none-eabi/14.3.1/../../../../arm-none-eabi/lib/thumb/v7e-m+dp/hard\libc_nano.a(libc_a-findfp.o) (__sread)
C:/ST/STM32CubeIDE_2.1.1/STM32CubeIDE/plugins/com.st.stm32cube.ide.mcu.externaltools.gnu-tools-for-stm32.14.3.rel1.win32_1.0.100.202602081740/tools/bin/../lib/gcc/arm-none-eabi/14.3.1/../../../../arm-none-eabi/lib/thumb/v7e-m+dp/hard\libc_nano.a(libc_a-memset.o)
                              C:/ST/STM32CubeIDE_2.1.1/STM32CubeIDE/plugins/com.st.stm32cube.ide.mcu.externaltools.gnu-tools-for-stm32.14.3.rel1.win32_1.0.100.202602081740/tools/bin/../lib/gcc/arm-none-eabi/14.3.1/../../../../arm-none-eabi/lib/thumb/v7e-m+dp/hard/crt0.o (memset)
C:/ST/STM32CubeIDE_2.1.1/STM32CubeIDE/plugins/com.st.stm32cube.ide.mcu.externaltools.gnu-tools-for-stm32.14.3.rel1.win32_1.0.100.202602081740/tools/bin/../lib/gcc/arm-none-eabi/14.3.1/../../../../arm-none-eabi/lib/thumb/v7e-m+dp/hard\libc_nano.a(libc_a-strncpy.o)
                              ./Core/Src/main.o (strncpy)
C:/ST/STM32CubeIDE_2.1.1/STM32CubeIDE/plugins/com.st.stm32cube.ide.mcu.externaltools.gnu-tools-for-stm32.14.3.rel1.win32_1.0.100.202602081740/tools/bin/../lib/gcc/arm-none-eabi/14.3.1/../../../../arm-none-eabi/lib/thumb/v7e-m+dp/hard\libc_nano.a(libc_a-strstr.o)
                              ./Core/Src/main.o (strstr)
C:/ST/STM32CubeIDE_2.1.1/STM32CubeIDE/plugins/com.st.stm32cube.ide.mcu.externaltools.gnu-tools-for-stm32.14.3.rel1.win32_1.0.100.202602081740/tools/bin/../lib/gcc/arm-none-eabi/14.3.1/../../../../arm-none-eabi/lib/thumb/v7e-m+dp/hard\libc_nano.a(libc_a-closer.o)
                              C:/ST/STM32CubeIDE_2.1.1/STM32CubeIDE/plugins/com.st.stm32cube.ide.mcu.externaltools.gnu-tools-for-stm32.14.3.rel1.win32_1.0.100.202602081740/tools/bin/../lib/gcc/arm-none-eabi/14.3.1/../../../../arm-none-eabi/lib/thumb/v7e-m+dp/hard\libc_nano.a(libc_a-stdio.o) (_close_r)
C:/ST/STM32CubeIDE_2.1.1/STM32CubeIDE/plugins/com.st.stm32cube.ide.mcu.externaltools.gnu-tools-for-stm32.14.3.rel1.win32_1.0.100.202602081740/tools/bin/../lib/gcc/arm-none-eabi/14.3.1/../../../../arm-none-eabi/lib/thumb/v7e-m+dp/hard\libc_nano.a(libc_a-reent.o)
                              C:/ST/STM32CubeIDE_2.1.1/STM32CubeIDE/plugins/com.st.stm32cube.ide.mcu.externaltools.gnu-tools-for-stm32.14.3.rel1.win32_1.0.100.202602081740/tools/bin/../lib/gcc/arm-none-eabi/14.3.1/../../../../arm-none-eabi/lib/thumb/v7e-m+dp/hard\libc_nano.a(libc_a-closer.o) (errno)
[...]
Memory Configuration

Name             Origin             Length             Attributes
FLASH            0x08000000         0x00200000         xr
DTCMRAM          0x20000000         0x00020000         xrw
RAM_D1           0x24000000         0x00080000         xrw
RAM_D2           0x30000000         0x00048000         xrw
RAM_D3           0x38000000         0x00010000         xrw
ITCMRAM          0x00000000         0x00010000         xrw
*default*        0x00000000         0xffffffff

Linker script and memory map

LOAD C:/ST/STM32CubeIDE_2.1.1/STM32CubeIDE/plugins/com.st.stm32cube.ide.mcu.externaltools.gnu-tools-for-stm32.14.3.rel1.win32_1.0.100.202602081740/tools/bin/../lib/gcc/arm-none-eabi/14.3.1/thumb/v7e-m+dp/hard/crti.o
LOAD C:/ST/STM32CubeIDE_2.1.1/STM32CubeIDE/plugins/com.st.stm32cube.ide.mcu.externaltools.gnu-tools-for-stm32.14.3.rel1.win32_1.0.100.202602081740/tools/bin/../lib/gcc/arm-none-eabi/14.3.1/thumb/v7e-m+dp/hard/crtbegin.o
LOAD C:/ST/STM32CubeIDE_2.1.1/STM32CubeIDE/plugins/com.st.stm32cube.ide.mcu.externaltools.gnu-tools-for-stm32.14.3.rel1.win32_1.0.100.202602081740/tools/bin/../lib/gcc/arm-none-eabi/14.3.1/../../../../arm-none-eabi/lib/thumb/v7e-m+dp/hard/crt0.o
LOAD ./Core/Src/ili9488.o
LOAD ./Core/Src/main.o
LOAD ./Core/Src/stm32h7xx_hal_msp.o
LOAD ./Core/Src/stm32h7xx_it.o
LOAD ./Core/Src/syscalls.o
LOAD ./Core/Src/sysmem.o
LOAD ./Core/Src/system_stm32h7xx.o
LOAD ./Core/Src/uart_utils.o
LOAD ./Core/Startup/startup_stm32h743vitx.o
LOAD ./Drivers/STM32H7xx_HAL_Driver/Src/stm32h7xx_hal.o
LOAD ./Drivers/STM32H7xx_HAL_Driver/Src/stm32h7xx_hal_adc.o
LOAD ./Drivers/STM32H7xx_HAL_Driver/Src/stm32h7xx_hal_adc_ex.o
LOAD ./Drivers/STM32H7xx_HAL_Driver/Src/stm32h7xx_hal_cortex.o
LOAD ./Drivers/STM32H7xx_HAL_Driver/Src/stm32h7xx_hal_dma.o
LOAD ./Drivers/STM32H7xx_HAL_Driver/Src/stm32h7xx_hal_dma_ex.o
LOAD ./Drivers/STM32H7xx_HAL_Driver/Src/stm32h7xx_hal_exti.o
LOAD ./Drivers/STM32H7xx_HAL_Driver/Src/stm32h7xx_hal_flash.o
LOAD ./Drivers/STM32H7xx_HAL_Driver/Src/stm32h7xx_hal_flash_ex.o
LOAD ./Drivers/STM32H7xx_HAL_Driver/Src/stm32h7xx_hal_gpio.o
LOAD ./Drivers/STM32H7xx_HAL_Driver/Src/stm32h7xx_hal_hsem.o
LOAD ./Drivers/STM32H7xx_HAL_Driver/Src/stm32h7xx_hal_i2c.o
LOAD ./Drivers/STM32H7xx_HAL_Driver/Src/stm32h7xx_hal_i2c_ex.o
LOAD ./Drivers/STM32H7xx_HAL_Driver/Src/stm32h7xx_hal_mdma.o
LOAD ./Drivers/STM32H7xx_HAL_Driver/Src/stm32h7xx_hal_mmc.o
LOAD ./Drivers/STM32H7xx_HAL_Driver/Src/stm32h7xx_hal_mmc_ex.o
LOAD ./Drivers/STM32H7xx_HAL_Driver/Src/stm32h7xx_hal_pwr.o
LOAD ./Drivers/STM32H7xx_HAL_Driver/Src/stm32h7xx_hal_pwr_ex.o
LOAD ./Drivers/STM32H7xx_HAL_Driver/Src/stm32h7xx_hal_rcc.o
LOAD ./Drivers/STM32H7xx_HAL_Driver/Src/stm32h7xx_hal_rcc_ex.o
LOAD ./Drivers/STM32H7xx_HAL_Driver/Src/stm32h7xx_hal_sd.o
LOAD ./Drivers/STM32H7xx_HAL_Driver/Src/stm32h7xx_hal_sd_ex.o
LOAD ./Drivers/STM32H7xx_HAL_Driver/Src/stm32h7xx_hal_spi.o
LOAD ./Drivers/STM32H7xx_HAL_Driver/Src/stm32h7xx_hal_spi_ex.o
LOAD ./Drivers/STM32H7xx_HAL_Driver/Src/stm32h7xx_hal_tim.o
LOAD ./Drivers/STM32H7xx_HAL_Driver/Src/stm32h7xx_hal_tim_ex.o
LOAD ./Drivers/STM32H7xx_HAL_Driver/Src/stm32h7xx_hal_uart.o
LOAD ./Drivers/STM32H7xx_HAL_Driver/Src/stm32h7xx_hal_uart_ex.o
LOAD ./Drivers/STM32H7xx_HAL_Driver/Src/stm32h7xx_ll_delayblock.o
LOAD ./Drivers/STM32H7xx_HAL_Driver/Src/stm32h7xx_ll_sdmmc.o
START GROUP
LOAD C:/ST/STM32CubeIDE_2.1.1/STM32CubeIDE/plugins/com.st.stm32cube.ide.mcu.externaltools.gnu-tools-for-stm32.14.3.rel1.win32_1.0.100.202602081740/tools/bin/../lib/gcc/arm-none-eabi/14.3.1/../../../../arm-none-eabi/lib/thumb/v7e-m+dp/hard\libc_nano.a
LOAD C:/ST/STM32CubeIDE_2.1.1/STM32CubeIDE/plugins/com.st.stm32cube.ide.mcu.externaltools.gnu-tools-for-stm32.14.3.rel1.win32_1.0.100.202602081740/tools/bin/../lib/gcc/arm-none-eabi/14.3.1/../../../../arm-none-eabi/lib/thumb/v7e-m+dp/hard\libm.a
END GROUP
START GROUP
LOAD C:/ST/STM32CubeIDE_2.1.1/STM32CubeIDE/plugins/com.st.stm32cube.ide.mcu.externaltools.gnu-tools-for-stm32.14.3.rel1.win32_1.0.100.202602081740/tools/bin/../lib/gcc/arm-none-eabi/14.3.1/thumb/v7e-m+dp/hard\libgcc.a
LOAD C:/ST/STM32CubeIDE_2.1.1/STM32CubeIDE/plugins/com.st.stm32cube.ide.mcu.externaltools.gnu-tools-for-stm32.14.3.rel1.win32_1.0.100.202602081740/tools/bin/../lib/gcc/arm-none-eabi/14.3.1/../../../../arm-none-eabi/lib/thumb/v7e-m+dp/hard\libc_nano.a
END GROUP
START GROUP
LOAD C:/ST/STM32CubeIDE_2.1.1/STM32CubeIDE/plugins/com.st.stm32cube.ide.mcu.externaltools.gnu-tools-for-stm32.14.3.rel1.win32_1.0.100.202602081740/tools/bin/../lib/gcc/arm-none-eabi/14.3.1/thumb/v7e-m+dp/hard\libgcc.a
LOAD C:/ST/STM32CubeIDE_2.1.1/STM32CubeIDE/plugins/com.st.stm32cube.ide.mcu.externaltools.gnu-tools-for-stm32.14.3.rel1.win32_1.0.100.202602081740/tools/bin/../lib/gcc/arm-none-eabi/14.3.1/../../../../arm-none-eabi/lib/thumb/v7e-m+dp/hard\libc_nano.a
LOAD C:/ST/STM32CubeIDE_2.1.1/STM32CubeIDE/plugins/com.st.stm32cube.ide.mcu.externaltools.gnu-tools-for-stm32.14.3.rel1.win32_1.0.100.202602081740/tools/bin/../lib/gcc/arm-none-eabi/14.3.1/../../../../arm-none-eabi/lib/thumb/v7e-m+dp/hard\libnosys.a
END GROUP
START GROUP
LOAD C:/ST/STM32CubeIDE_2.1.1/STM32CubeIDE/plugins/com.st.stm32cube.ide.mcu.externaltools.gnu-tools-for-stm32.14.3.rel1.win32_1.0.100.202602081740/tools/bin/../lib/gcc/arm-none-eabi/14.3.1/thumb/v7e-m+dp/hard\libgcc.a
LOAD C:/ST/STM32CubeIDE_2.1.1/STM32CubeIDE/plugins/com.st.stm32cube.ide.mcu.externaltools.gnu-tools-for-stm32.14.3.rel1.win32_1.0.100.202602081740/tools/bin/../lib/gcc/arm-none-eabi/14.3.1/../../../../arm-none-eabi/lib/thumb/v7e-m+dp/hard\libc_nano.a
LOAD C:/ST/STM32CubeIDE_2.1.1/STM32CubeIDE/plugins/com.st.stm32cube.ide.mcu.externaltools.gnu-tools-for-stm32.14.3.rel1.win32_1.0.100.202602081740/tools/bin/../lib/gcc/arm-none-eabi/14.3.1/../../../../arm-none-eabi/lib/thumb/v7e-m+dp/hard\libnosys.a
END GROUP
LOAD C:/ST/STM32CubeIDE_2.1.1/STM32CubeIDE/plugins/com.st.stm32cube.ide.mcu.externaltools.gnu-tools-for-stm32.14.3.rel1.win32_1.0.100.202602081740/tools/bin/../lib/gcc/arm-none-eabi/14.3.1/thumb/v7e-m+dp/hard/crtend.o
LOAD C:/ST/STM32CubeIDE_2.1.1/STM32CubeIDE/plugins/com.st.stm32cube.ide.mcu.externaltools.gnu-tools-for-stm32.14.3.rel1.win32_1.0.100.202602081740/tools/bin/../lib/gcc/arm-none-eabi/14.3.1/thumb/v7e-m+dp/hard/crtn.o
                0x24080000                        _estack = (ORIGIN (RAM_D1) + LENGTH (RAM_D1))
                0x00000200                        _Min_Heap_Size = 0x200
                0x00000400                        _Min_Stack_Size = 0x400

.isr_vector     0x08000000      0x298
                0x08000000                        . = ALIGN (0x4)
 *(.isr_vector)
 .isr_vector    0x08000000      0x298 ./Core/Startup/startup_stm32h743vitx.o
                0x08000000                g_pfnVectors
                0x08000298                        . = ALIGN (0x4)

.text           0x080002a0     0xe184
                0x080002a0                        . = ALIGN (0x4)
 *(.text)
 .text          0x080002a0       0x40 C:/ST/STM32CubeIDE_2.1.1/STM32CubeIDE/plugins/com.st.stm32cube.ide.mcu.externaltools.gnu-tools-for-stm32.14.3.rel1.win32_1.0.100.202602081740/tools/bin/../lib/gcc/arm-none-eabi/14.3.1/thumb/v7e-m+dp/hard/crtbegin.o
 .text          0x080002e0       0x10 C:/ST/STM32CubeIDE_2.1.1/STM32CubeIDE/plugins/com.st.stm32cube.ide.mcu.externaltools.gnu-tools-for-stm32.14.3.rel1.win32_1.0.100.202602081740/tools/bin/../lib/gcc/arm-none-eabi/14.3.1/../../../../arm-none-eabi/lib/thumb/v7e-m+dp/hard\libc_nano.a(libc_a-strlen.o)
                0x080002e0                strlen
 .text          0x080002f0       0xa0 C:/ST/STM32CubeIDE_2.1.1/STM32CubeIDE/plugins/com.st.stm32cube.ide.mcu.externaltools.gnu-tools-for-stm32.14.3.rel1.win32_1.0.100.202602081740/tools/bin/../lib/gcc/arm-none-eabi/14.3.1/../../../../arm-none-eabi/lib/thumb/v7e-m+dp/hard\libc_nano.a(libc_a-memchr.o)
                0x080002f0                memchr
 .text          0x08000390       0x30 C:/ST/STM32CubeIDE_2.1.1/STM32CubeIDE/plugins/com.st.stm32cube.ide.mcu.externaltools.gnu-tools-for-stm32.14.3.rel1.win32_1.0.100.202602081740/tools/bin/../lib/gcc/arm-none-eabi/14.3.1/thumb/v7e-m+dp/hard\libgcc.a(_aeabi_uldivmod.o)
                0x08000390                __aeabi_uldivmod
 .text          0x080003c0      0x2f8 C:/ST/STM32CubeIDE_2.1.1/STM32CubeIDE/plugins/com.st.stm32cube.ide.mcu.externaltools.gnu-tools-for-stm32.14.3.rel1.win32_1.0.100.202602081740/tools/bin/../lib/gcc/arm-none-eabi/14.3.1/thumb/v7e-m+dp/hard\libgcc.a(_udivmoddi4.o)
                0x080003c0                __udivmoddi4
 .text          0x080006b8        0x4 C:/ST/STM32CubeIDE_2.1.1/STM32CubeIDE/plugins/com.st.stm32cube.ide.mcu.externaltools.gnu-tools-for-stm32.14.3.rel1.win32_1.0.100.202602081740/tools/bin/../lib/gcc/arm-none-eabi/14.3.1/thumb/v7e-m+dp/hard\libgcc.a(_dvmd_tls.o)
                0x080006b8                __aeabi_idiv0
                0x080006b8                __aeabi_ldiv0
 *(.text*)
 .text.ILI9488_GetGlyph
                0x080006bc      0x3f0 ./Core/Src/ili9488.o
 .text.ILI9488_Select
                0x08000aac       0x18 ./Core/Src/ili9488.o
 .text.ILI9488_Unselect
                0x08000ac4       0x18 ./Core/Src/ili9488.o
 .text.ILI9488_DC_Command
                0x08000adc       0x18 ./Core/Src/ili9488.o
 .text.ILI9488_DC_Data
                0x08000af4       0x18 ./Core/Src/ili9488.o
 .text.ILI9488_ResetHW
                0x08000b0c       0x30 ./Core/Src/ili9488.o
 .text.ILI9488_WriteCommand
                0x08000b3c       0x34 ./Core/Src/ili9488.o
 .text.ILI9488_WriteData
                0x08000b70       0x34 ./Core/Src/ili9488.o
 .text.ILI9488_SetAddressWindow
                0x08000ba4       0x90 ./Core/Src/ili9488.o
 .text.ILI9488_WriteColor565
                0x08000c34      0x150 ./Core/Src/ili9488.o
 .text.ILI9488_Init
                0x08000d84      0x198 ./Core/Src/ili9488.o
                0x08000d84                ILI9488_Init
 .text.ILI9488_FillRect
                0x08000f1c       0x94 ./Core/Src/ili9488.o
                0x08000f1c                ILI9488_FillRect
 .text.ILI9488_FillScreen
                0x08000fb0       0x26 ./Core/Src/ili9488.o
                0x08000fb0                ILI9488_FillScreen
 .text.ILI9488_DrawChar
                0x08000fd6      0x106 ./Core/Src/ili9488.o
                0x08000fd6                ILI9488_DrawChar
 .text.ILI9488_DrawString
                0x080010dc       0x60 ./Core/Src/ili9488.o
                0x080010dc                ILI9488_DrawString
 .text.ILI9488_DrawTextWrapped
                0x0800113c       0xb8 ./Core/Src/ili9488.o
                0x0800113c                ILI9488_DrawTextWrapped
 .text.LineHasVisibleChars
                0x080011f4       0x42 ./Core/Src/main.o
 *fill*         0x08001236        0x2 
 .text.SM_SendCmd
                0x08001238       0x2c ./Core/Src/main.o
 .text.SM_CheckResponse
                0x08001264       0x28 ./Core/Src/main.o
 .text.SM_ButtonPressed
                0x0800128c       0x44 ./Core/Src/main.o
 .text.SM_BatteryPercent
                0x080012d0       0x5c ./Core/Src/main.o
 .text.SM_ParseSensor
                0x0800132c       0xec ./Core/Src/main.o
 .text.SM_UpdateSensorDisplay
                0x08001418       0x64 ./Core/Src/main.o
 .text.SM_DrawScreen
                0x0800147c      0x3b4 ./Core/Src/main.o
 .text.SM_SetState
                0x08001830       0x34 ./Core/Src/main.o
 .text.SM_Run   0x08001864      0x37c ./Core/Src/main.o
 .text.main     0x08001be0       0x74 ./Core/Src/main.o
                0x08001be0                main
 .text.SystemClock_Config
                0x08001c54       0xf8 ./Core/Src/main.o
                0x08001c54                SystemClock_Config
 .text.MX_ADC3_Init
                0x08001d4c       0xcc ./Core/Src/main.o
 .text.MX_I2C1_Init
                0x08001e18       0x80 ./Core/Src/main.o
 .text.MX_SDMMC1_SD_Init
                0x08001e98       0x40 ./Core/Src/main.o
 .text.MX_SPI1_Init
                0x08001ed8       0xac ./Core/Src/main.o
 .text.MX_UART4_Init
                0x08001f84       0x98 ./Core/Src/main.o
 .text.MX_GPIO_Init
                0x0800201c      0x124 ./Core/Src/main.o
 .text.MPU_Config
                0x08002140       0x58 ./Core/Src/main.o
 .text.Error_Handler
                0x08002198        0xc ./Core/Src/main.o
                0x08002198                Error_Handler
 .text.HAL_MspInit
                0x080021a4       0x34 ./Core/Src/stm32h7xx_hal_msp.o
                0x080021a4                HAL_MspInit
 .text.HAL_ADC_MspInit
                0x080021d8       0xe4 ./Core/Src/stm32h7xx_hal_msp.o
                0x080021d8                HAL_ADC_MspInit
 .text.HAL_I2C_MspInit
                0x080022bc       0xd0 ./Core/Src/stm32h7xx_hal_msp.o
                0x080022bc                HAL_I2C_MspInit
 .text.HAL_SD_MspInit
                0x0800238c      0x11c ./Core/Src/stm32h7xx_hal_msp.o
                0x0800238c                HAL_SD_MspInit
 .text.HAL_SPI_MspInit
                0x080024a8       0xd0 ./Core/Src/stm32h7xx_hal_msp.o
                0x080024a8                HAL_SPI_MspInit
 .text.HAL_UART_MspInit
                0x08002578       0xe4 ./Core/Src/stm32h7xx_hal_msp.o
                0x08002578                HAL_UART_MspInit
 .text.NMI_Handler
                0x0800265c        0x8 ./Core/Src/stm32h7xx_it.o
                0x0800265c                NMI_Handler
 .text.HardFault_Handler
                0x08002664        0x8 ./Core/Src/stm32h7xx_it.o
                0x08002664                HardFault_Handler
 .text.MemManage_Handler
                0x0800266c        0x8 ./Core/Src/stm32h7xx_it.o
                0x0800266c                MemManage_Handler
 .text.BusFault_Handler
                0x08002674        0x8 ./Core/Src/stm32h7xx_it.o
                0x08002674                BusFault_Handler
 .text.UsageFault_Handler
                0x0800267c        0x8 ./Core/Src/stm32h7xx_it.o
                0x0800267c                UsageFault_Handler
 .text.SVC_Handler
                0x08002684        0xe ./Core/Src/stm32h7xx_it.o
                0x08002684                SVC_Handler
 .text.DebugMon_Handler
                0x08002692        0xe ./Core/Src/stm32h7xx_it.o
                0x08002692                DebugMon_Handler
 .text.PendSV_Handler
                0x080026a0        0xe ./Core/Src/stm32h7xx_it.o
                0x080026a0                PendSV_Handler
 .text.SysTick_Handler
                0x080026ae        0xc ./Core/Src/stm32h7xx_it.o
                0x080026ae                SysTick_Handler
 *fill*         0x080026ba        0x2 
 .text.UART4_IRQHandler
                0x080026bc       0x14 ./Core/Src/stm32h7xx_it.o
                0x080026bc                UART4_IRQHandler
 .text._sbrk    0x080026d0       0x6c ./Core/Src/sysmem.o
                0x080026d0                _sbrk
 .text.SystemInit
                0x0800273c      0x140 ./Core/Src/system_stm32h7xx.o
                0x0800273c                SystemInit
 .text.ExitRun0Mode
                0x0800287c       0x18 ./Core/Src/system_stm32h7xx.o
                0x0800287c                ExitRun0Mode
 .text.UARTUTILS_Init
                0x08002894       0x64 ./Core/Src/uart_utils.o
                0x08002894                UARTUTILS_Init
 .text.HAL_UART_RxCpltCallback
                0x080028f8       0xf4 ./Core/Src/uart_utils.o
                0x080028f8                HAL_UART_RxCpltCallback
 .text.HAL_UART_ErrorCallback
                0x080029ec       0x60 ./Core/Src/uart_utils.o
                0x080029ec                HAL_UART_ErrorCallback
 .text.UARTUTILS_Task
                0x08002a4c        0xe ./Core/Src/uart_utils.o
                0x08002a4c                UARTUTILS_Task
 *fill*         0x08002a5a        0x2 
 .text.UARTUTILS_LineAvailable
                0x08002a5c       0x18 ./Core/Src/uart_utils.o
                0x08002a5c                UARTUTILS_LineAvailable
 .text.UARTUTILS_GetLine
                0x08002a74       0x58 ./Core/Src/uart_utils.o
                0x08002a74                UARTUTILS_GetLine
 .text.Reset_Handler
                0x08002acc       0x54 ./Core/Startup/startup_stm32h743vitx.o
                0x08002acc                Reset_Handler
 .text.Default_Handler
                0x08002b20        0x2 ./Core/Startup/startup_stm32h743vitx.o
                0x08002b20                RTC_Alarm_IRQHandler
                0x08002b20                EXTI2_IRQHandler
                0x08002b20                TIM8_CC_IRQHandler
                0x08002b20                HRTIM1_Master_IRQHandler
                0x08002b20                UART8_IRQHandler
                0x08002b20                SPI4_IRQHandler
                0x08002b20                TIM1_CC_IRQHandler
                0x08002b20                BDMA_Channel6_IRQHandler
                0x08002b20                DMA2_Stream5_IRQHandler
                0x08002b20                HRTIM1_FLT_IRQHandler
                0x08002b20                JPEG_IRQHandler
                0x08002b20                DMA1_Stream5_IRQHandler
                0x08002b20                BDMA_Channel1_IRQHandler
                0x08002b20                HRTIM1_TIMD_IRQHandler
                0x08002b20                TAMP_STAMP_IRQHandler
                0x08002b20                EXTI3_IRQHandler
                0x08002b20                LPTIM4_IRQHandler
                0x08002b20                TIM8_TRG_COM_TIM14_IRQHandler
                0x08002b20                LPTIM2_IRQHandler
                0x08002b20                DFSDM1_FLT1_IRQHandler
                0x08002b20                DMAMUX2_OVR_IRQHandler
                0x08002b20                TIM8_UP_TIM13_IRQHandler
                0x08002b20                I2C3_ER_IRQHandler
                0x08002b20                DFSDM1_FLT2_IRQHandler
                0x08002b20                MDMA_IRQHandler
                0x08002b20                LPTIM3_IRQHandler
                0x08002b20                HSEM1_IRQHandler
                0x08002b20                EXTI0_IRQHandler
                0x08002b20                I2C2_EV_IRQHandler
                0x08002b20                DMA1_Stream2_IRQHandler
                0x08002b20                FPU_IRQHandler
                0x08002b20                OTG_HS_WKUP_IRQHandler
                0x08002b20                FDCAN1_IT1_IRQHandler
                0x08002b20                LTDC_ER_IRQHandler
                0x08002b20                DMA2_Stream2_IRQHandler
                0x08002b20                HRTIM1_TIME_IRQHandler
                0x08002b20                SPI1_IRQHandler
                0x08002b20                TIM6_DAC_IRQHandler
                0x08002b20                DCMI_IRQHandler
                0x08002b20                HRTIM1_TIMC_IRQHandler
                0x08002b20                DMA2_Stream3_IRQHandler
                0x08002b20                SAI2_IRQHandler
                0x08002b20                DFSDM1_FLT3_IRQHandler
                0x08002b20                USART6_IRQHandler
                0x08002b20                TIM17_IRQHandler
                0x08002b20                USART3_IRQHandler
                0x08002b20                BDMA_Channel7_IRQHandler
                0x08002b20                LPTIM5_IRQHandler
                0x08002b20                UART5_IRQHandler
                0x08002b20                ADC3_IRQHandler
                0x08002b20                DMA2_Stream0_IRQHandler
                0x08002b20                TIM4_IRQHandler
                0x08002b20                BDMA_Channel2_IRQHandler
                0x08002b20                QUADSPI_IRQHandler
                0x08002b20                I2C1_EV_IRQHandler
                0x08002b20                DMA1_Stream6_IRQHandler
                0x08002b20                DMAMUX1_OVR_IRQHandler
                0x08002b20                DMA1_Stream1_IRQHandler
                0x08002b20                TIM16_IRQHandler
                0x08002b20                BDMA_Channel5_IRQHandler
                0x08002b20                TIM3_IRQHandler
                0x08002b20                RCC_IRQHandler
                0x08002b20                TIM8_BRK_TIM12_IRQHandler
                0x08002b20                TIM1_TRG_COM_IRQHandler
                0x08002b20                Default_Handler
                0x08002b20                ECC_IRQHandler
                0x08002b20                CEC_IRQHandler
                0x08002b20                EXTI15_10_IRQHandler
                0x08002b20                BDMA_Channel0_IRQHandler
                0x08002b20                ADC_IRQHandler
                0x08002b20                DMA1_Stream7_IRQHandler
                0x08002b20                HRTIM1_TIMA_IRQHandler
                0x08002b20                SPI5_IRQHandler
                0x08002b20                TIM7_IRQHandler
                0x08002b20                SDMMC1_IRQHandler
                0x08002b20                TIM5_IRQHandler
                0x08002b20                DMA2_Stream7_IRQHandler
                0x08002b20                TIM15_IRQHandler
                0x08002b20                PVD_AVD_IRQHandler
                0x08002b20                I2C3_EV_IRQHandler
                0x08002b20                EXTI9_5_IRQHandler
                0x08002b20                RTC_WKUP_IRQHandler
                0x08002b20                LTDC_IRQHandler
                0x08002b20                SAI3_IRQHandler
                0x08002b20                ETH_WKUP_IRQHandler
                0x08002b20                SPDIF_RX_IRQHandler
                0x08002b20                SPI2_IRQHandler
                0x08002b20                OTG_HS_EP1_IN_IRQHandler
                0x08002b20                DMA1_Stream0_IRQHandler
                0x08002b20                CRS_IRQHandler
                0x08002b20                EXTI4_IRQHandler
                0x08002b20                RNG_IRQHandler
                0x08002b20                HRTIM1_TIMB_IRQHandler
                0x08002b20                FDCAN2_IT1_IRQHandler
                0x08002b20                ETH_IRQHandler
                0x08002b20                TIM1_UP_IRQHandler
                0x08002b20                BDMA_Channel4_IRQHandler
                0x08002b20                OTG_HS_EP1_OUT_IRQHandler
                0x08002b20                WWDG_IRQHandler
                0x08002b20                SPI6_IRQHandler
                0x08002b20                MDIOS_IRQHandler
                0x08002b20                I2C4_EV_IRQHandler
                0x08002b20                FDCAN2_IT0_IRQHandler
                0x08002b20                LPUART1_IRQHandler
                0x08002b20                FDCAN1_IT0_IRQHandler
                0x08002b20                TIM2_IRQHandler
                0x08002b20                OTG_FS_WKUP_IRQHandler
                0x08002b20                OTG_HS_IRQHandler
                0x08002b20                DMA2D_IRQHandler
                0x08002b20                TIM1_BRK_IRQHandler
                0x08002b20                EXTI1_IRQHandler
                0x08002b20                SDMMC2_IRQHandler
                0x08002b20                OTG_FS_EP1_OUT_IRQHandler
                0x08002b20                BDMA_Channel3_IRQHandler
                0x08002b20                UART7_IRQHandler
                0x08002b20                MDIOS_WKUP_IRQHandler
                0x08002b20                USART2_IRQHandler
                0x08002b20                DFSDM1_FLT0_IRQHandler
                0x08002b20                SAI4_IRQHandler
                0x08002b20                I2C2_ER_IRQHandler
                0x08002b20                DMA2_Stream1_IRQHandler
                0x08002b20                FLASH_IRQHandler
                0x08002b20                DMA2_Stream4_IRQHandler
                0x08002b20                USART1_IRQHandler
                0x08002b20                OTG_FS_IRQHandler
                0x08002b20                SPI3_IRQHandler
                0x08002b20                WAKEUP_PIN_IRQHandler
                0x08002b20                DMA1_Stream4_IRQHandler
                0x08002b20                OTG_FS_EP1_IN_IRQHandler
                0x08002b20                I2C1_ER_IRQHandler
                0x08002b20                FMC_IRQHandler
                0x08002b20                FDCAN_CAL_IRQHandler
                0x08002b20                SWPMI1_IRQHandler
                0x08002b20                COMP1_IRQHandler
                0x08002b20                LPTIM1_IRQHandler
                0x08002b20                I2C4_ER_IRQHandler
                0x08002b20                DMA2_Stream6_IRQHandler
                0x08002b20                SAI1_IRQHandler
                0x08002b20                DMA1_Stream3_IRQHandler
 *fill*         0x08002b22        0x2 
 .text.HAL_Init
                0x08002b24       0x78 ./Drivers/STM32H7xx_HAL_Driver/Src/stm32h7xx_hal.o
                0x08002b24                HAL_Init
 .text.HAL_InitTick
                0x08002b9c       0x6c ./Drivers/STM32H7xx_HAL_Driver/Src/stm32h7xx_hal.o
                0x08002b9c                HAL_InitTick
 .text.HAL_IncTick
                0x08002c08       0x28 ./Drivers/STM32H7xx_HAL_Driver/Src/stm32h7xx_hal.o
                0x08002c08                HAL_IncTick
 .text.HAL_GetTick
                0x08002c30       0x18 ./Drivers/STM32H7xx_HAL_Driver/Src/stm32h7xx_hal.o
                0x08002c30                HAL_GetTick
 .text.HAL_Delay
                0x08002c48       0x48 ./Drivers/STM32H7xx_HAL_Driver/Src/stm32h7xx_hal.o
                0x08002c48                HAL_Delay
 .text.HAL_GetREVID
                0x08002c90       0x18 ./Drivers/STM32H7xx_HAL_Driver/Src/stm32h7xx_hal.o
                0x08002c90                HAL_GetREVID
 .text.LL_ADC_SetCommonClock
                0x08002ca8       0x26 ./Drivers/STM32H7xx_HAL_Driver/Src/stm32h7xx_hal_adc.o
 .text.LL_ADC_SetCommonPathInternalCh
                0x08002cce       0x26 ./Drivers/STM32H7xx_HAL_Driver/Src/stm32h7xx_hal_adc.o
 .text.LL_ADC_GetCommonPathInternalCh
                0x08002cf4       0x1c ./Drivers/STM32H7xx_HAL_Driver/Src/stm32h7xx_hal_adc.o
 .text.LL_ADC_SetChannelPreselection
                0x08002d10       0x66 ./Drivers/STM32H7xx_HAL_Driver/Src/stm32h7xx_hal_adc.o
 .text.LL_ADC_SetOffset
                0x08002d76       0x40 ./Drivers/STM32H7xx_HAL_Driver/Src/stm32h7xx_hal_adc.o
 .text.LL_ADC_SetDataRightShift
                0x08002db6       0x32 ./Drivers/STM32H7xx_HAL_Driver/Src/stm32h7xx_hal_adc.o
 .text.LL_ADC_SetOffsetSignedSaturation
                0x08002de8       0x36 ./Drivers/STM32H7xx_HAL_Driver/Src/stm32h7xx_hal_adc.o
 .text.LL_ADC_REG_SetSequencerRanks
                0x08002e1e       0x58 ./Drivers/STM32H7xx_HAL_Driver/Src/stm32h7xx_hal_adc.o
 .text.LL_ADC_SetChannelSamplingTime
                0x08002e76       0x56 ./Drivers/STM32H7xx_HAL_Driver/Src/stm32h7xx_hal_adc.o
 .text.LL_ADC_SetChannelSingleDiff
                0x08002ecc       0x48 ./Drivers/STM32H7xx_HAL_Driver/Src/stm32h7xx_hal_adc.o
 .text.LL_ADC_GetMultimode
                0x08002f14       0x1c ./Drivers/STM32H7xx_HAL_Driver/Src/stm32h7xx_hal_adc.o
 .text.LL_ADC_DisableDeepPowerDown
                0x08002f30       0x24 ./Drivers/STM32H7xx_HAL_Driver/Src/stm32h7xx_hal_adc.o
 .text.LL_ADC_IsDeepPowerDownEnabled
                0x08002f54       0x28 ./Drivers/STM32H7xx_HAL_Driver/Src/stm32h7xx_hal_adc.o
 .text.LL_ADC_EnableInternalRegulator
                0x08002f7c       0x28 ./Drivers/STM32H7xx_HAL_Driver/Src/stm32h7xx_hal_adc.o
 .text.LL_ADC_IsInternalRegulatorEnabled
                0x08002fa4       0x28 ./Drivers/STM32H7xx_HAL_Driver/Src/stm32h7xx_hal_adc.o
 .text.LL_ADC_Enable
                0x08002fcc       0x28 ./Drivers/STM32H7xx_HAL_Driver/Src/stm32h7xx_hal_adc.o
 .text.LL_ADC_IsEnabled
                0x08002ff4       0x26 ./Drivers/STM32H7xx_HAL_Driver/Src/stm32h7xx_hal_adc.o
 *fill*         0x0800301a        0x2 
 .text.LL_ADC_REG_StartConversion
                0x0800301c       0x28 ./Drivers/STM32H7xx_HAL_Driver/Src/stm32h7xx_hal_adc.o
 .text.LL_ADC_REG_IsConversionOngoing
                0x08003044       0x26 ./Drivers/STM32H7xx_HAL_Driver/Src/stm32h7xx_hal_adc.o
 .text.LL_ADC_INJ_IsConversionOngoing
                0x0800306a       0x26 ./Drivers/STM32H7xx_HAL_Driver/Src/stm32h7xx_hal_adc.o
 .text.HAL_ADC_Init
                0x08003090      0x344 ./Drivers/STM32H7xx_HAL_Driver/Src/stm32h7xx_hal_adc.o
                0x08003090                HAL_ADC_Init
 .text.HAL_ADC_Start
                0x080033d4      0x194 ./Drivers/STM32H7xx_HAL_Driver/Src/stm32h7xx_hal_adc.o
                0x080033d4                HAL_ADC_Start
 .text.HAL_ADC_GetValue
                0x08003568       0x1a ./Drivers/STM32H7xx_HAL_Driver/Src/stm32h7xx_hal_adc.o
                0x08003568                HAL_ADC_GetValue
 *fill*         0x08003582        0x2 
 .text.HAL_ADC_ConfigChannel
                0x08003584      0x5e0 ./Drivers/STM32H7xx_HAL_Driver/Src/stm32h7xx_hal_adc.o
                0x08003584                HAL_ADC_ConfigChannel
 .text.ADC_Enable
                0x08003b64      0x114 ./Drivers/STM32H7xx_HAL_Driver/Src/stm32h7xx_hal_adc.o
                0x08003b64                ADC_Enable
 .text.ADC_ConfigureBoostMode
                0x08003c78      0x218 ./Drivers/STM32H7xx_HAL_Driver/Src/stm32h7xx_hal_adc.o
                0x08003c78                ADC_ConfigureBoostMode
 .text.__NVIC_SetPriorityGrouping
                0x08003e90       0x48 ./Drivers/STM32H7xx_HAL_Driver/Src/stm32h7xx_hal_cortex.o
 .text.__NVIC_GetPriorityGrouping
                0x08003ed8       0x1c ./Drivers/STM32H7xx_HAL_Driver/Src/stm32h7xx_hal_cortex.o
 .text.__NVIC_EnableIRQ
                0x08003ef4       0x3c ./Drivers/STM32H7xx_HAL_Driver/Src/stm32h7xx_hal_cortex.o
 .text.__NVIC_SetPriority
                0x08003f30       0x54 ./Drivers/STM32H7xx_HAL_Driver/Src/stm32h7xx_hal_cortex.o
 .text.NVIC_EncodePriority
                0x08003f84       0x66 ./Drivers/STM32H7xx_HAL_Driver/Src/stm32h7xx_hal_cortex.o
 *fill*         0x08003fea        0x2 
 .text.SysTick_Config
                0x08003fec       0x44 ./Drivers/STM32H7xx_HAL_Driver/Src/stm32h7xx_hal_cortex.o
 .text.HAL_NVIC_SetPriorityGrouping
                0x08004030       0x16 ./Drivers/STM32H7xx_HAL_Driver/Src/stm32h7xx_hal_cortex.o
                0x08004030                HAL_NVIC_SetPriorityGrouping
 .text.HAL_NVIC_SetPriority
                0x08004046       0x34 ./Drivers/STM32H7xx_HAL_Driver/Src/stm32h7xx_hal_cortex.o
                0x08004046                HAL_NVIC_SetPriority
 .text.HAL_NVIC_EnableIRQ
                0x0800407a       0x1c ./Drivers/STM32H7xx_HAL_Driver/Src/stm32h7xx_hal_cortex.o
                0x0800407a                HAL_NVIC_EnableIRQ
 .text.HAL_SYSTICK_Config
                0x08004096       0x18 ./Drivers/STM32H7xx_HAL_Driver/Src/stm32h7xx_hal_cortex.o
                0x08004096                HAL_SYSTICK_Config
 *fill*         0x080040ae        0x2 
 .text.HAL_MPU_Disable
                0x080040b0       0x30 ./Drivers/STM32H7xx_HAL_Driver/Src/stm32h7xx_hal_cortex.o
                0x080040b0                HAL_MPU_Disable
 .text.HAL_MPU_Enable
                0x080040e0       0x40 ./Drivers/STM32H7xx_HAL_Driver/Src/stm32h7xx_hal_cortex.o
                0x080040e0                HAL_MPU_Enable
 .text.HAL_MPU_ConfigRegion
                0x08004120       0x80 ./Drivers/STM32H7xx_HAL_Driver/Src/stm32h7xx_hal_cortex.o
                0x08004120                HAL_MPU_ConfigRegion
 .text.HAL_DMA_Abort
                0x080041a0      0x63c ./Drivers/STM32H7xx_HAL_Driver/Src/stm32h7xx_hal_dma.o
                0x080041a0                HAL_DMA_Abort
 .text.HAL_DMA_Abort_IT
                0x080047dc      0x48c ./Drivers/STM32H7xx_HAL_Driver/Src/stm32h7xx_hal_dma.o
                0x080047dc                HAL_DMA_Abort_IT
 .text.HAL_GPIO_Init
                0x08004c68      0x374 ./Drivers/STM32H7xx_HAL_Driver/Src/stm32h7xx_hal_gpio.o
                0x08004c68                HAL_GPIO_Init
 .text.HAL_GPIO_ReadPin
                0x08004fdc       0x30 ./Drivers/STM32H7xx_HAL_Driver/Src/stm32h7xx_hal_gpio.o
                0x08004fdc                HAL_GPIO_ReadPin
 .text.HAL_GPIO_WritePin
                0x0800500c       0x32 ./Drivers/STM32H7xx_HAL_Driver/Src/stm32h7xx_hal_gpio.o
                0x0800500c                HAL_GPIO_WritePin
 *fill*         0x0800503e        0x2 
 .text.HAL_I2C_Init
                0x08005040      0x138 ./Drivers/STM32H7xx_HAL_Driver/Src/stm32h7xx_hal_i2c.o
                0x08005040                HAL_I2C_Init
 .text.HAL_I2CEx_ConfigAnalogFilter
                0x08005178       0x96 ./Drivers/STM32H7xx_HAL_Driver/Src/stm32h7xx_hal_i2c_ex.o
                0x08005178                HAL_I2CEx_ConfigAnalogFilter
 .text.HAL_I2CEx_ConfigDigitalFilter
                0x0800520e       0x98 ./Drivers/STM32H7xx_HAL_Driver/Src/stm32h7xx_hal_i2c_ex.o
                0x0800520e                HAL_I2CEx_ConfigDigitalFilter
 *fill*         0x080052a6        0x2 
 .text.HAL_PWREx_ConfigSupply
                0x080052a8       0x74 ./Drivers/STM32H7xx_HAL_Driver/Src/stm32h7xx_hal_pwr_ex.o
                0x080052a8                HAL_PWREx_ConfigSupply
 .text.HAL_RCC_OscConfig
                0x0800531c      0x8b4 ./Drivers/STM32H7xx_HAL_Driver/Src/stm32h7xx_hal_rcc.o
                0x0800531c                HAL_RCC_OscConfig
 .text.HAL_RCC_ClockConfig
                0x08005bd0      0x36c ./Drivers/STM32H7xx_HAL_Driver/Src/stm32h7xx_hal_rcc.o
                0x08005bd0                HAL_RCC_ClockConfig
 .text.HAL_RCC_GetSysClockFreq
                0x08005f3c      0x2f4 ./Drivers/STM32H7xx_HAL_Driver/Src/stm32h7xx_hal_rcc.o
                0x08005f3c                HAL_RCC_GetSysClockFreq
 .text.HAL_RCC_GetHCLKFreq
                0x08006230       0x60 ./Drivers/STM32H7xx_HAL_Driver/Src/stm32h7xx_hal_rcc.o
                0x08006230                HAL_RCC_GetHCLKFreq
 .text.HAL_RCC_GetPCLK1Freq
                0x08006290       0x2c ./Drivers/STM32H7xx_HAL_Driver/Src/stm32h7xx_hal_rcc.o
                0x08006290                HAL_RCC_GetPCLK1Freq
 .text.HAL_RCC_GetPCLK2Freq
                0x080062bc       0x2c ./Drivers/STM32H7xx_HAL_Driver/Src/stm32h7xx_hal_rcc.o
                0x080062bc                HAL_RCC_GetPCLK2Freq
 .text.HAL_RCCEx_PeriphCLKConfig
                0x080062e8     0x1414 ./Drivers/STM32H7xx_HAL_Driver/Src/stm32h7xx_hal_rcc_ex.o
                0x080062e8                HAL_RCCEx_PeriphCLKConfig
 .text.HAL_RCCEx_GetPeriphCLKFreq
                0x080076fc      0xb00 ./Drivers/STM32H7xx_HAL_Driver/Src/stm32h7xx_hal_rcc_ex.o
                0x080076fc                HAL_RCCEx_GetPeriphCLKFreq
 .text.HAL_RCCEx_GetD3PCLK1Freq
                0x080081fc       0x2c ./Drivers/STM32H7xx_HAL_Driver/Src/stm32h7xx_hal_rcc_ex.o
                0x080081fc                HAL_RCCEx_GetD3PCLK1Freq
 .text.HAL_RCCEx_GetPLL2ClockFreq
                0x08008228      0x2a8 ./Drivers/STM32H7xx_HAL_Driver/Src/stm32h7xx_hal_rcc_ex.o
                0x08008228                HAL_RCCEx_GetPLL2ClockFreq
 .text.HAL_RCCEx_GetPLL3ClockFreq
                0x080084d0      0x2a8 ./Drivers/STM32H7xx_HAL_Driver/Src/stm32h7xx_hal_rcc_ex.o
                0x080084d0                HAL_RCCEx_GetPLL3ClockFreq
 .text.HAL_RCCEx_GetPLL1ClockFreq
                0x08008778      0x2a4 ./Drivers/STM32H7xx_HAL_Driver/Src/stm32h7xx_hal_rcc_ex.o
                0x08008778                HAL_RCCEx_GetPLL1ClockFreq
 .text.RCCEx_PLL2_Config
                0x08008a1c      0x164 ./Drivers/STM32H7xx_HAL_Driver/Src/stm32h7xx_hal_rcc_ex.o
 .text.RCCEx_PLL3_Config
                0x08008b80      0x164 ./Drivers/STM32H7xx_HAL_Driver/Src/stm32h7xx_hal_rcc_ex.o
 .text.HAL_SD_Init
                0x08008ce4      0x106 ./Drivers/STM32H7xx_HAL_Driver/Src/stm32h7xx_hal_sd.o
                0x08008ce4                HAL_SD_Init
 *fill*         0x08008dea        0x2 
 .text.HAL_SD_InitCard
                0x08008dec      0x15c ./Drivers/STM32H7xx_HAL_Driver/Src/stm32h7xx_hal_sd.o
                0x08008dec                HAL_SD_InitCard
 .text.HAL_SD_GetState
                0x08008f48       0x1c ./Drivers/STM32H7xx_HAL_Driver/Src/stm32h7xx_hal_sd.o
                0x08008f48                HAL_SD_GetState
 .text.HAL_SD_GetCardCSD
                0x08008f64      0x348 ./Drivers/STM32H7xx_HAL_Driver/Src/stm32h7xx_hal_sd.o
                0x08008f64                HAL_SD_GetCardCSD
 .text.HAL_SD_GetCardStatus
                0x080092ac      0x17c ./Drivers/STM32H7xx_HAL_Driver/Src/stm32h7xx_hal_sd.o
                0x080092ac                HAL_SD_GetCardStatus
 .text.HAL_SD_ConfigWideBusOperation
                0x08009428      0x224 ./Drivers/STM32H7xx_HAL_Driver/Src/stm32h7xx_hal_sd.o
                0x08009428                HAL_SD_ConfigWideBusOperation
 .text.HAL_SD_GetCardState
                0x0800964c       0x40 ./Drivers/STM32H7xx_HAL_Driver/Src/stm32h7xx_hal_sd.o
                0x0800964c                HAL_SD_GetCardState
 .text.SD_InitCard
                0x0800968c      0x19c ./Drivers/STM32H7xx_HAL_Driver/Src/stm32h7xx_hal_sd.o
 .text.SD_PowerON
                0x08009828      0x11c ./Drivers/STM32H7xx_HAL_Driver/Src/stm32h7xx_hal_sd.o
 .text.SD_SendSDStatus
                0x08009944      0x1a0 ./Drivers/STM32H7xx_HAL_Driver/Src/stm32h7xx_hal_sd.o
 .text.SD_SendStatus
                0x08009ae4       0x50 ./Drivers/STM32H7xx_HAL_Driver/Src/stm32h7xx_hal_sd.o
 .text.SD_WideBus_Enable
                0x08009b34       0x96 ./Drivers/STM32H7xx_HAL_Driver/Src/stm32h7xx_hal_sd.o
 .text.SD_WideBus_Disable
                0x08009bca       0x96 ./Drivers/STM32H7xx_HAL_Driver/Src/stm32h7xx_hal_sd.o
 .text.SD_FindSCR
                0x08009c60      0x1a0 ./Drivers/STM32H7xx_HAL_Driver/Src/stm32h7xx_hal_sd.o
 .text.HAL_SPI_Init
                0x08009e00      0x248 ./Drivers/STM32H7xx_HAL_Driver/Src/stm32h7xx_hal_spi.o
                0x08009e00                HAL_SPI_Init
 .text.HAL_SPI_Transmit
                0x0800a048      0x3dc ./Drivers/STM32H7xx_HAL_Driver/Src/stm32h7xx_hal_spi.o
                0x0800a048                HAL_SPI_Transmit
 .text.SPI_CloseTransfer
                0x0800a424      0x140 ./Drivers/STM32H7xx_HAL_Driver/Src/stm32h7xx_hal_spi.o
 .text.SPI_WaitOnFlagUntilTimeout
                0x0800a564       0x5c ./Drivers/STM32H7xx_HAL_Driver/Src/stm32h7xx_hal_spi.o
 .text.SPI_GetPacketSize
                0x0800a5c0       0x36 ./Drivers/STM32H7xx_HAL_Driver/Src/stm32h7xx_hal_spi.o
 .text.HAL_UART_Init
                0x0800a5f6       0xa0 ./Drivers/STM32H7xx_HAL_Driver/Src/stm32h7xx_hal_uart.o
                0x0800a5f6                HAL_UART_Init
 .text.HAL_UART_Transmit
                0x0800a696      0x132 ./Drivers/STM32H7xx_HAL_Driver/Src/stm32h7xx_hal_uart.o
                0x0800a696                HAL_UART_Transmit
 .text.HAL_UART_Receive_IT
                0x0800a7c8       0x98 ./Drivers/STM32H7xx_HAL_Driver/Src/stm32h7xx_hal_uart.o
                0x0800a7c8                HAL_UART_Receive_IT
 .text.HAL_UART_AbortReceive_IT
                0x0800a860      0x18c ./Drivers/STM32H7xx_HAL_Driver/Src/stm32h7xx_hal_uart.o
                0x0800a860                HAL_UART_AbortReceive_IT
 .text.HAL_UART_IRQHandler
                0x0800a9ec      0x7ac ./Drivers/STM32H7xx_HAL_Driver/Src/stm32h7xx_hal_uart.o
                0x0800a9ec                HAL_UART_IRQHandler
 .text.HAL_UART_TxCpltCallback
                0x0800b198       0x14 ./Drivers/STM32H7xx_HAL_Driver/Src/stm32h7xx_hal_uart.o
                0x0800b198                HAL_UART_TxCpltCallback
 .text.HAL_UART_AbortReceiveCpltCallback
                0x0800b1ac       0x14 ./Drivers/STM32H7xx_HAL_Driver/Src/stm32h7xx_hal_uart.o
                0x0800b1ac                HAL_UART_AbortReceiveCpltCallback
 .text.HAL_UARTEx_RxEventCallback
                0x0800b1c0       0x18 ./Drivers/STM32H7xx_HAL_Driver/Src/stm32h7xx_hal_uart.o
                0x0800b1c0                HAL_UARTEx_RxEventCallback
 .text.UART_SetConfig
                0x0800b1d8      0xad0 ./Drivers/STM32H7xx_HAL_Driver/Src/stm32h7xx_hal_uart.o
                0x0800b1d8                UART_SetConfig
 .text.UART_AdvFeatureConfig
                0x0800bca8      0x144 ./Drivers/STM32H7xx_HAL_Driver/Src/stm32h7xx_hal_uart.o
                0x0800bca8                UART_AdvFeatureConfig
 .text.UART_CheckIdleState
                0x0800bdec      0x154 ./Drivers/STM32H7xx_HAL_Driver/Src/stm32h7xx_hal_uart.o
                0x0800bdec                UART_CheckIdleState
 .text.UART_WaitOnFlagUntilTimeout
                0x0800bf40       0xda ./Drivers/STM32H7xx_HAL_Driver/Src/stm32h7xx_hal_uart.o
                0x0800bf40                UART_WaitOnFlagUntilTimeout
 *fill*         0x0800c01a        0x2 
 .text.UART_Start_Receive_IT
                0x0800c01c      0x244 ./Drivers/STM32H7xx_HAL_Driver/Src/stm32h7xx_hal_uart.o
                0x0800c01c                UART_Start_Receive_IT
 .text.UART_EndRxTransfer
                0x0800c260       0xcc ./Drivers/STM32H7xx_HAL_Driver/Src/stm32h7xx_hal_uart.o
 .text.UART_DMAAbortOnError
                0x0800c32c       0x1c ./Drivers/STM32H7xx_HAL_Driver/Src/stm32h7xx_hal_uart.o
 .text.UART_DMARxOnlyAbortCallback
                0x0800c348       0x42 ./Drivers/STM32H7xx_HAL_Driver/Src/stm32h7xx_hal_uart.o
 .text.UART_EndTransmit_IT
                0x0800c38a       0x56 ./Drivers/STM32H7xx_HAL_Driver/Src/stm32h7xx_hal_uart.o
 .text.UART_RxISR_8BIT
                0x0800c3e0      0x1b8 ./Drivers/STM32H7xx_HAL_Driver/Src/stm32h7xx_hal_uart.o
 .text.UART_RxISR_16BIT
                0x0800c598      0x1b8 ./Drivers/STM32H7xx_HAL_Driver/Src/stm32h7xx_hal_uart.o
 .text.UART_RxISR_8BIT_FIFOEN
                0x0800c750      0x364 ./Drivers/STM32H7xx_HAL_Driver/Src/stm32h7xx_hal_uart.o
 .text.UART_RxISR_16BIT_FIFOEN
                0x0800cab4      0x36c ./Drivers/STM32H7xx_HAL_Driver/Src/stm32h7xx_hal_uart.o
 .text.HAL_UARTEx_WakeupCallback
                0x0800ce20       0x14 ./Drivers/STM32H7xx_HAL_Driver/Src/stm32h7xx_hal_uart_ex.o
                0x0800ce20                HAL_UARTEx_WakeupCallback
 .text.HAL_UARTEx_RxFifoFullCallback
                0x0800ce34       0x14 ./Drivers/STM32H7xx_HAL_Driver/Src/stm32h7xx_hal_uart_ex.o
                0x0800ce34                HAL_UARTEx_RxFifoFullCallback
 .text.HAL_UARTEx_TxFifoEmptyCallback
                0x0800ce48       0x14 ./Drivers/STM32H7xx_HAL_Driver/Src/stm32h7xx_hal_uart_ex.o
                0x0800ce48                HAL_UARTEx_TxFifoEmptyCallback
 .text.HAL_UARTEx_DisableFifoMode
                0x0800ce5c       0x72 ./Drivers/STM32H7xx_HAL_Driver/Src/stm32h7xx_hal_uart_ex.o
                0x0800ce5c                HAL_UARTEx_DisableFifoMode
 .text.HAL_UARTEx_SetTxFifoThreshold
                0x0800cece       0x7c ./Drivers/STM32H7xx_HAL_Driver/Src/stm32h7xx_hal_uart_ex.o
                0x0800cece                HAL_UARTEx_SetTxFifoThreshold
 .text.HAL_UARTEx_SetRxFifoThreshold
                0x0800cf4a       0x7c ./Drivers/STM32H7xx_HAL_Driver/Src/stm32h7xx_hal_uart_ex.o
                0x0800cf4a                HAL_UARTEx_SetRxFifoThreshold
 *fill*         0x0800cfc6        0x2 
 .text.UARTEx_SetNbDataToProcess
                0x0800cfc8       0x9c ./Drivers/STM32H7xx_HAL_Driver/Src/stm32h7xx_hal_uart_ex.o
 .text.SDMMC_Init
                0x0800d064       0x54 ./Drivers/STM32H7xx_HAL_Driver/Src/stm32h7xx_ll_sdmmc.o
                0x0800d064                SDMMC_Init
 .text.SDMMC_ReadFIFO
                0x0800d0b8       0x1a ./Drivers/STM32H7xx_HAL_Driver/Src/stm32h7xx_ll_sdmmc.o
                0x0800d0b8                SDMMC_ReadFIFO
 .text.SDMMC_PowerState_ON
                0x0800d0d2       0x22 ./Drivers/STM32H7xx_HAL_Driver/Src/stm32h7xx_ll_sdmmc.o
                0x0800d0d2                SDMMC_PowerState_ON
 .text.SDMMC_GetPowerState
                0x0800d0f4       0x1c ./Drivers/STM32H7xx_HAL_Driver/Src/stm32h7xx_ll_sdmmc.o
                0x0800d0f4                SDMMC_GetPowerState
 .text.SDMMC_SendCommand
                0x0800d110       0x54 ./Drivers/STM32H7xx_HAL_Driver/Src/stm32h7xx_ll_sdmmc.o
                0x0800d110                SDMMC_SendCommand
 .text.SDMMC_GetCommandResponse
                0x0800d164       0x1a ./Drivers/STM32H7xx_HAL_Driver/Src/stm32h7xx_ll_sdmmc.o
                0x0800d164                SDMMC_GetCommandResponse
 .text.SDMMC_GetResponse
                0x0800d17e       0x26 ./Drivers/STM32H7xx_HAL_Driver/Src/stm32h7xx_ll_sdmmc.o
                0x0800d17e                SDMMC_GetResponse
 .text.SDMMC_ConfigData
                0x0800d1a4       0x58 ./Drivers/STM32H7xx_HAL_Driver/Src/stm32h7xx_ll_sdmmc.o
                0x0800d1a4                SDMMC_ConfigData
 .text.SDMMC_CmdBlockLength
                0x0800d1fc       0x46 ./Drivers/STM32H7xx_HAL_Driver/Src/stm32h7xx_ll_sdmmc.o
                0x0800d1fc                SDMMC_CmdBlockLength
 .text.SDMMC_CmdSelDesel
                0x0800d242       0x46 ./Drivers/STM32H7xx_HAL_Driver/Src/stm32h7xx_ll_sdmmc.o
                0x0800d242                SDMMC_CmdSelDesel
 .text.SDMMC_CmdGoIdleState
                0x0800d288       0x3c ./Drivers/STM32H7xx_HAL_Driver/Src/stm32h7xx_ll_sdmmc.o
                0x0800d288                SDMMC_CmdGoIdleState
 .text.SDMMC_CmdOperCond
                0x0800d2c4       0x40 ./Drivers/STM32H7xx_HAL_Driver/Src/stm32h7xx_ll_sdmmc.o
                0x0800d2c4                SDMMC_CmdOperCond
 .text.SDMMC_CmdAppCommand
                0x0800d304       0x46 ./Drivers/STM32H7xx_HAL_Driver/Src/stm32h7xx_ll_sdmmc.o
                0x0800d304                SDMMC_CmdAppCommand
 .text.SDMMC_CmdAppOperCommand
                0x0800d34a       0x40 ./Drivers/STM32H7xx_HAL_Driver/Src/stm32h7xx_ll_sdmmc.o
                0x0800d34a                SDMMC_CmdAppOperCommand
 .text.SDMMC_CmdBusWidth
                0x0800d38a       0x46 ./Drivers/STM32H7xx_HAL_Driver/Src/stm32h7xx_ll_sdmmc.o
                0x0800d38a                SDMMC_CmdBusWidth
 .text.SDMMC_CmdSendSCR
                0x0800d3d0       0x44 ./Drivers/STM32H7xx_HAL_Driver/Src/stm32h7xx_ll_sdmmc.o
                0x0800d3d0                SDMMC_CmdSendSCR
 .text.SDMMC_CmdSendCID
                0x0800d414       0x3e ./Drivers/STM32H7xx_HAL_Driver/Src/stm32h7xx_ll_sdmmc.o
                0x0800d414                SDMMC_CmdSendCID
 .text.SDMMC_CmdSendCSD
                0x0800d452       0x40 ./Drivers/STM32H7xx_HAL_Driver/Src/stm32h7xx_ll_sdmmc.o
                0x0800d452                SDMMC_CmdSendCSD
 .text.SDMMC_CmdSetRelAdd
                0x0800d492       0x44 ./Drivers/STM32H7xx_HAL_Driver/Src/stm32h7xx_ll_sdmmc.o
                0x0800d492                SDMMC_CmdSetRelAdd
 .text.SDMMC_CmdSendStatus
                0x0800d4d6       0x46 ./Drivers/STM32H7xx_HAL_Driver/Src/stm32h7xx_ll_sdmmc.o
                0x0800d4d6                SDMMC_CmdSendStatus
 .text.SDMMC_CmdStatusRegister
                0x0800d51c       0x44 ./Drivers/STM32H7xx_HAL_Driver/Src/stm32h7xx_ll_sdmmc.o
                0x0800d51c                SDMMC_CmdStatusRegister
 .text.SDMMC_GetCmdResp1
                0x0800d560      0x1e4 ./Drivers/STM32H7xx_HAL_Driver/Src/stm32h7xx_ll_sdmmc.o
                0x0800d560                SDMMC_GetCmdResp1
 .text.SDMMC_GetCmdResp2
                0x0800d744       0x94 ./Drivers/STM32H7xx_HAL_Driver/Src/stm32h7xx_ll_sdmmc.o
                0x0800d744                SDMMC_GetCmdResp2
 .text.SDMMC_GetCmdResp3
                0x0800d7d8       0x80 ./Drivers/STM32H7xx_HAL_Driver/Src/stm32h7xx_ll_sdmmc.o
                0x0800d7d8                SDMMC_GetCmdResp3
 .text.SDMMC_GetCmdResp6
                0x0800d858       0xf0 ./Drivers/STM32H7xx_HAL_Driver/Src/stm32h7xx_ll_sdmmc.o
                0x0800d858                SDMMC_GetCmdResp6
 .text.SDMMC_GetCmdResp7
                0x0800d948       0x9c ./Drivers/STM32H7xx_HAL_Driver/Src/stm32h7xx_ll_sdmmc.o
                0x0800d948                SDMMC_GetCmdResp7
 .text.SDMMC_GetCmdError
                0x0800d9e4       0x5c ./Drivers/STM32H7xx_HAL_Driver/Src/stm32h7xx_ll_sdmmc.o
 .text.snprintf
                0x0800da40       0x6c C:/ST/STM32CubeIDE_2.1.1/STM32CubeIDE/plugins/com.st.stm32cube.ide.mcu.externaltools.gnu-tools-for-stm32.14.3.rel1.win32_1.0.100.202602081740/tools/bin/../lib/gcc/arm-none-eabi/14.3.1/../../../../arm-none-eabi/lib/thumb/v7e-m+dp/hard\libc_nano.a(libc_a-snprintf.o)
                0x0800da40                sniprintf
                0x0800da40                snprintf
 .text.memset   0x0800daac       0x10 C:/ST/STM32CubeIDE_2.1.1/STM32CubeIDE/plugins/com.st.stm32cube.ide.mcu.externaltools.gnu-tools-for-stm32.14.3.rel1.win32_1.0.100.202602081740/tools/bin/../lib/gcc/arm-none-eabi/14.3.1/../../../../arm-none-eabi/lib/thumb/v7e-m+dp/hard\libc_nano.a(libc_a-memset.o)
                0x0800daac                memset
 .text.strncpy  0x0800dabc       0x26 C:/ST/STM32CubeIDE_2.1.1/STM32CubeIDE/plugins/com.st.stm32cube.ide.mcu.externaltools.gnu-tools-for-stm32.14.3.rel1.win32_1.0.100.202602081740/tools/bin/../lib/gcc/arm-none-eabi/14.3.1/../../../../arm-none-eabi/lib/thumb/v7e-m+dp/hard\libc_nano.a(libc_a-strncpy.o)
                0x0800dabc                strncpy
 .text.strstr   0x0800dae2       0x2c C:/ST/STM32CubeIDE_2.1.1/STM32CubeIDE/plugins/com.st.stm32cube.ide.mcu.externaltools.gnu-tools-for-stm32.14.3.rel1.win32_1.0.100.202602081740/tools/bin/../lib/gcc/arm-none-eabi/14.3.1/../../../../arm-none-eabi/lib/thumb/v7e-m+dp/hard\libc_nano.a(libc_a-strstr.o)
                0x0800dae2                strstr
 *fill*         0x0800db0e        0x2 
 .text.__errno  0x0800db10        0xc C:/ST/STM32CubeIDE_2.1.1/STM32CubeIDE/plugins/com.st.stm32cube.ide.mcu.externaltools.gnu-tools-for-stm32.14.3.rel1.win32_1.0.100.202602081740/tools/bin/../lib/gcc/arm-none-eabi/14.3.1/../../../../arm-none-eabi/lib/thumb/v7e-m+dp/hard\libc_nano.a(libc_a-errno.o)
                0x0800db10                __errno
 .text.__libc_init_array
                0x0800db1c       0x48 C:/ST/STM32CubeIDE_2.1.1/STM32CubeIDE/plugins/com.st.stm32cube.ide.mcu.externaltools.gnu-tools-for-stm32.14.3.rel1.win32_1.0.100.202602081740/tools/bin/../lib/gcc/arm-none-eabi/14.3.1/../../../../arm-none-eabi/lib/thumb/v7e-m+dp/hard\libc_nano.a(libc_a-init.o)
                0x0800db1c                __libc_init_array
 .text.__retarget_lock_acquire_recursive
                0x0800db64        0x2 C:/ST/STM32CubeIDE_2.1.1/STM32CubeIDE/plugins/com.st.stm32cube.ide.mcu.externaltools.gnu-tools-for-stm32.14.3.rel1.win32_1.0.100.202602081740/tools/bin/../lib/gcc/arm-none-eabi/14.3.1/../../../../arm-none-eabi/lib/thumb/v7e-m+dp/hard\libc_nano.a(libc_a-lock.o)
                0x0800db64                __retarget_lock_acquire_recursive
 .text.__retarget_lock_release_recursive
                0x0800db66        0x2 C:/ST/STM32CubeIDE_2.1.1/STM32CubeIDE/plugins/com.st.stm32cube.ide.mcu.externaltools.gnu-tools-for-stm32.14.3.rel1.win32_1.0.100.202602081740/tools/bin/../lib/gcc/arm-none-eabi/14.3.1/../../../../arm-none-eabi/lib/thumb/v7e-m+dp/hard\libc_nano.a(libc_a-lock.o)
                0x0800db66                __retarget_lock_release_recursive
 .text._free_r  0x0800db68       0x94 C:/ST/STM32CubeIDE_2.1.1/STM32CubeIDE/plugins/com.st.stm32cube.ide.mcu.externaltools.gnu-tools-for-stm32.14.3.rel1.win32_1.0.100.202602081740/tools/bin/../lib/gcc/arm-none-eabi/14.3.1/../../../../arm-none-eabi/lib/thumb/v7e-m+dp/hard\libc_nano.a(libc_a-freer.o)
                0x0800db68                _free_r
 .text.sbrk_aligned
                0x0800dbfc       0x44 C:/ST/STM32CubeIDE_2.1.1/STM32CubeIDE/plugins/com.st.stm32cube.ide.mcu.externaltools.gnu-tools-for-stm32.14.3.rel1.win32_1.0.100.202602081740/tools/bin/../lib/gcc/arm-none-eabi/14.3.1/../../../../arm-none-eabi/lib/thumb/v7e-m+dp/hard\libc_nano.a(libc_a-mallocr.o)
 .text._malloc_r
                0x0800dc40      0x100 C:/ST/STM32CubeIDE_2.1.1/STM32CubeIDE/plugins/com.st.stm32cube.ide.mcu.externaltools.gnu-tools-for-stm32.14.3.rel1.win32_1.0.100.202602081740/tools/bin/../lib/gcc/arm-none-eabi/14.3.1/../../../../arm-none-eabi/lib/thumb/v7e-m+dp/hard\libc_nano.a(libc_a-mallocr.o)
                0x0800dc40                _malloc_r
 .text.__malloc_lock
                0x0800dd40        0xc C:/ST/STM32CubeIDE_2.1.1/STM32CubeIDE/plugins/com.st.stm32cube.ide.mcu.externaltools.gnu-tools-for-stm32.14.3.rel1.win32_1.0.100.202602081740/tools/bin/../lib/gcc/arm-none-eabi/14.3.1/../../../../arm-none-eabi/lib/thumb/v7e-m+dp/hard\libc_nano.a(libc_a-mlock.o)
                0x0800dd40                __malloc_lock
 .text.__malloc_unlock
                0x0800dd4c        0xc C:/ST/STM32CubeIDE_2.1.1/STM32CubeIDE/plugins/com.st.stm32cube.ide.mcu.externaltools.gnu-tools-for-stm32.14.3.rel1.win32_1.0.100.202602081740/tools/bin/../lib/gcc/arm-none-eabi/14.3.1/../../../../arm-none-eabi/lib/thumb/v7e-m+dp/hard\libc_nano.a(libc_a-mlock.o)
                0x0800dd4c                __malloc_unlock
 .text.__ssputs_r
                0x0800dd58       0xc0 C:/ST/STM32CubeIDE_2.1.1/STM32CubeIDE/plugins/com.st.stm32cube.ide.mcu.externaltools.gnu-tools-for-stm32.14.3.rel1.win32_1.0.100.202602081740/tools/bin/../lib/gcc/arm-none-eabi/14.3.1/../../../../arm-none-eabi/lib/thumb/v7e-m+dp/hard\libc_nano.a(libc_a-nano-svfprintf.o)
                0x0800dd58                __ssputs_r
 .text._svfprintf_r
                0x0800de18      0x1f0 C:/ST/STM32CubeIDE_2.1.1/STM32CubeIDE/plugins/com.st.stm32cube.ide.mcu.externaltools.gnu-tools-for-stm32.14.3.rel1.win32_1.0.100.202602081740/tools/bin/../lib/gcc/arm-none-eabi/14.3.1/../../../../arm-none-eabi/lib/thumb/v7e-m+dp/hard\libc_nano.a(libc_a-nano-svfprintf.o)
                0x0800de18                _svfiprintf_r
                0x0800de18                _svfprintf_r
 .text._printf_common
                0x0800e008       0xda C:/ST/STM32CubeIDE_2.1.1/STM32CubeIDE/plugins/com.st.stm32cube.ide.mcu.externaltools.gnu-tools-for-stm32.14.3.rel1.win32_1.0.100.202602081740/tools/bin/../lib/gcc/arm-none-eabi/14.3.1/../../../../arm-none-eabi/lib/thumb/v7e-m+dp/hard\libc_nano.a(libc_a-nano-vfprintf_i.o)
                0x0800e008                _printf_common
 *fill*         0x0800e0e2        0x2 
 .text._printf_i
                0x0800e0e4      0x24c C:/ST/STM32CubeIDE_2.1.1/STM32CubeIDE/plugins/com.st.stm32cube.ide.mcu.externaltools.gnu-tools-for-stm32.14.3.rel1.win32_1.0.100.202602081740/tools/bin/../lib/gcc/arm-none-eabi/14.3.1/../../../../arm-none-eabi/lib/thumb/v7e-m+dp/hard\libc_nano.a(libc_a-nano-vfprintf_i.o)
                0x0800e0e4                _printf_i
 .text.memmove  0x0800e330       0x32 C:/ST/STM32CubeIDE_2.1.1/STM32CubeIDE/plugins/com.st.stm32cube.ide.mcu.externaltools.gnu-tools-for-stm32.14.3.rel1.win32_1.0.100.202602081740/tools/bin/../lib/gcc/arm-none-eabi/14.3.1/../../../../arm-none-eabi/lib/thumb/v7e-m+dp/hard\libc_nano.a(libc_a-memmove.o)
                0x0800e330                memmove
 *fill*         0x0800e362        0x2 
 .text._sbrk_r  0x0800e364       0x20 C:/ST/STM32CubeIDE_2.1.1/STM32CubeIDE/plugins/com.st.stm32cube.ide.mcu.externaltools.gnu-tools-for-stm32.14.3.rel1.win32_1.0.100.202602081740/tools/bin/../lib/gcc/arm-none-eabi/14.3.1/../../../../arm-none-eabi/lib/thumb/v7e-m+dp/hard\libc_nano.a(libc_a-sbrkr.o)
                0x0800e364                _sbrk_r
 .text.memcpy   0x0800e384       0x1c C:/ST/STM32CubeIDE_2.1.1/STM32CubeIDE/plugins/com.st.stm32cube.ide.mcu.externaltools.gnu-tools-for-stm32.14.3.rel1.win32_1.0.100.202602081740/tools/bin/../lib/gcc/arm-none-eabi/14.3.1/../../../../arm-none-eabi/lib/thumb/v7e-m+dp/hard\libc_nano.a(libc_a-memcpy-stub.o)
                0x0800e384                memcpy
 .text._realloc_r
                0x0800e3a0       0x5c C:/ST/STM32CubeIDE_2.1.1/STM32CubeIDE/plugins/com.st.stm32cube.ide.mcu.externaltools.gnu-tools-for-stm32.14.3.rel1.win32_1.0.100.202602081740/tools/bin/../lib/gcc/arm-none-eabi/14.3.1/../../../../arm-none-eabi/lib/thumb/v7e-m+dp/hard\libc_nano.a(libc_a-reallocr.o)
                0x0800e3a0                _realloc_r
 .text._malloc_usable_size_r
                0x0800e3fc       0x10 C:/ST/STM32CubeIDE_2.1.1/STM32CubeIDE/plugins/com.st.stm32cube.ide.mcu.externaltools.gnu-tools-for-stm32.14.3.rel1.win32_1.0.100.202602081740/tools/bin/../lib/gcc/arm-none-eabi/14.3.1/../../../../arm-none-eabi/lib/thumb/v7e-m+dp/hard\libc_nano.a(libc_a-msizer.o)
                0x0800e3fc                _malloc_usable_size_r
 *(.glue_7)
 .glue_7        0x0800e40c        0x0 linker stubs
 *(.glue_7t)
 .glue_7t       0x0800e40c        0x0 linker stubs
 *(.eh_frame)
 .eh_frame      0x0800e40c        0x0 C:/ST/STM32CubeIDE_2.1.1/STM32CubeIDE/plugins/com.st.stm32cube.ide.mcu.externaltools.gnu-tools-for-stm32.14.3.rel1.win32_1.0.100.202602081740/tools/bin/../lib/gcc/arm-none-eabi/14.3.1/thumb/v7e-m+dp/hard/crtbegin.o
 *(.init)
 .init          0x0800e40c        0x4 C:/ST/STM32CubeIDE_2.1.1/STM32CubeIDE/plugins/com.st.stm32cube.ide.mcu.externaltools.gnu-tools-for-stm32.14.3.rel1.win32_1.0.100.202602081740/tools/bin/../lib/gcc/arm-none-eabi/14.3.1/thumb/v7e-m+dp/hard/crti.o
                0x0800e40c                _init
 .init          0x0800e410        0x8 C:/ST/STM32CubeIDE_2.1.1/STM32CubeIDE/plugins/com.st.stm32cube.ide.mcu.externaltools.gnu-tools-for-stm32.14.3.rel1.win32_1.0.100.202602081740/tools/bin/../lib/gcc/arm-none-eabi/14.3.1/thumb/v7e-m+dp/hard/crtn.o
 *(.fini)
 .fini          0x0800e418        0x4 C:/ST/STM32CubeIDE_2.1.1/STM32CubeIDE/plugins/com.st.stm32cube.ide.mcu.externaltools.gnu-tools-for-stm32.14.3.rel1.win32_1.0.100.202602081740/tools/bin/../lib/gcc/arm-none-eabi/14.3.1/thumb/v7e-m+dp/hard/crti.o
                0x0800e418                _fini
 .fini          0x0800e41c        0x8 C:/ST/STM32CubeIDE_2.1.1/STM32CubeIDE/plugins/com.st.stm32cube.ide.mcu.externaltools.gnu-tools-for-stm32.14.3.rel1.win32_1.0.100.202602081740/tools/bin/../lib/gcc/arm-none-eabi/14.3.1/thumb/v7e-m+dp/hard/crtn.o
                0x0800e424                        . = ALIGN (0x4)
                0x0800e424                        _etext = .

.vfp11_veneer   0x0800e424        0x0
 .vfp11_veneer  0x0800e424        0x0 linker stubs

.v4_bx          0x0800e424        0x0
 .v4_bx         0x0800e424        0x0 linker stubs

.iplt           0x0800e424        0x0
 .iplt          0x0800e424        0x0 C:/ST/STM32CubeIDE_2.1.1/STM32CubeIDE/plugins/com.st.stm32cube.ide.mcu.externaltools.gnu-tools-for-stm32.14.3.rel1.win32_1.0.100.202602081740/tools/bin/../lib/gcc/arm-none-eabi/14.3.1/thumb/v7e-m+dp/hard/crtbegin.o

.rodata         0x0800e424      0x644
                0x0800e424                        . = ALIGN (0x4)
 *(.rodata)
 *(.rodata*)
 .rodata.g_space
                0x0800e424        0x7 ./Core/Src/ili9488.o
 *fill*         0x0800e42b        0x1 
 .rodata.g_qmark
                0x0800e42c        0x7 ./Core/Src/ili9488.o
 *fill*         0x0800e433        0x1 
 .rodata.g_exclam
                0x0800e434        0x7 ./Core/Src/ili9488.o
 *fill*         0x0800e43b        0x1 
 .rodata.g_dot  0x0800e43c        0x7 ./Core/Src/ili9488.o
 *fill*         0x0800e443        0x1 
 .rodata.g_comma
                0x0800e444        0x7 ./Core/Src/ili9488.o
 *fill*         0x0800e44b        0x1 
 .rodata.g_colon
                0x0800e44c        0x7 ./Core/Src/ili9488.o
 *fill*         0x0800e453        0x1 
 .rodata.g_dash
                0x0800e454        0x7 ./Core/Src/ili9488.o
 *fill*         0x0800e45b        0x1 
 .rodata.g_under
                0x0800e45c        0x7 ./Core/Src/ili9488.o
 *fill*         0x0800e463        0x1 
 .rodata.g_slash
                0x0800e464        0x7 ./Core/Src/ili9488.o
 *fill*         0x0800e46b        0x1 
 .rodata.g_plus
                0x0800e46c        0x7 ./Core/Src/ili9488.o
 *fill*         0x0800e473        0x1 
 .rodata.g_equal
                0x0800e474        0x7 ./Core/Src/ili9488.o
 *fill*         0x0800e47b        0x1 
 .rodata.g_lpar
                0x0800e47c        0x7 ./Core/Src/ili9488.o
 *fill*         0x0800e483        0x1 
 .rodata.g_rpar
                0x0800e484        0x7 ./Core/Src/ili9488.o
 *fill*         0x0800e48b        0x1 
 .rodata.g_0    0x0800e48c        0x7 ./Core/Src/ili9488.o
 *fill*         0x0800e493        0x1 
 .rodata.g_1    0x0800e494        0x7 ./Core/Src/ili9488.o
 *fill*         0x0800e49b        0x1 
 .rodata.g_2    0x0800e49c        0x7 ./Core/Src/ili9488.o
 *fill*         0x0800e4a3        0x1 
 .rodata.g_3    0x0800e4a4        0x7 ./Core/Src/ili9488.o
 *fill*         0x0800e4ab        0x1 
 .rodata.g_4    0x0800e4ac        0x7 ./Core/Src/ili9488.o
 *fill*         0x0800e4b3        0x1 
 .rodata.g_5    0x0800e4b4        0x7 ./Core/Src/ili9488.o
 *fill*         0x0800e4bb        0x1 
 .rodata.g_6    0x0800e4bc        0x7 ./Core/Src/ili9488.o
 *fill*         0x0800e4c3        0x1 
 .rodata.g_7    0x0800e4c4        0x7 ./Core/Src/ili9488.o
 *fill*         0x0800e4cb        0x1 
 .rodata.g_8    0x0800e4cc        0x7 ./Core/Src/ili9488.o
 *fill*         0x0800e4d3        0x1 
 .rodata.g_9    0x0800e4d4        0x7 ./Core/Src/ili9488.o
 *fill*         0x0800e4db        0x1 
 .rodata.g_A    0x0800e4dc        0x7 ./Core/Src/ili9488.o
 *fill*         0x0800e4e3        0x1 
 .rodata.g_B    0x0800e4e4        0x7 ./Core/Src/ili9488.o
 *fill*         0x0800e4eb        0x1 
 .rodata.g_C    0x0800e4ec        0x7 ./Core/Src/ili9488.o
 *fill*         0x0800e4f3        0x1 
 .rodata.g_D    0x0800e4f4        0x7 ./Core/Src/ili9488.o
 *fill*         0x0800e4fb        0x1 
 .rodata.g_E    0x0800e4fc        0x7 ./Core/Src/ili9488.o
 *fill*         0x0800e503        0x1 
 .rodata.g_F    0x0800e504        0x7 ./Core/Src/ili9488.o
 *fill*         0x0800e50b        0x1 
 .rodata.g_G    0x0800e50c        0x7 ./Core/Src/ili9488.o
 *fill*         0x0800e513        0x1 
 .rodata.g_H    0x0800e514        0x7 ./Core/Src/ili9488.o
 *fill*         0x0800e51b        0x1 
 .rodata.g_I    0x0800e51c        0x7 ./Core/Src/ili9488.o
 *fill*         0x0800e523        0x1 
 .rodata.g_J    0x0800e524        0x7 ./Core/Src/ili9488.o
 *fill*         0x0800e52b        0x1 
 .rodata.g_K    0x0800e52c        0x7 ./Core/Src/ili9488.o
 *fill*         0x0800e533        0x1 
 .rodata.g_L    0x0800e534        0x7 ./Core/Src/ili9488.o
 *fill*         0x0800e53b        0x1 
 .rodata.g_M    0x0800e53c        0x7 ./Core/Src/ili9488.o
 *fill*         0x0800e543        0x1 
 .rodata.g_N    0x0800e544        0x7 ./Core/Src/ili9488.o
 *fill*         0x0800e54b        0x1 
 .rodata.g_O    0x0800e54c        0x7 ./Core/Src/ili9488.o
 *fill*         0x0800e553        0x1 
 .rodata.g_P    0x0800e554        0x7 ./Core/Src/ili9488.o
 *fill*         0x0800e55b        0x1 
 .rodata.g_Q    0x0800e55c        0x7 ./Core/Src/ili9488.o
 *fill*         0x0800e563        0x1 
 .rodata.g_R    0x0800e564        0x7 ./Core/Src/ili9488.o
 *fill*         0x0800e56b        0x1 
 .rodata.g_S    0x0800e56c        0x7 ./Core/Src/ili9488.o
 *fill*         0x0800e573        0x1 
 .rodata.g_T    0x0800e574        0x7 ./Core/Src/ili9488.o
 *fill*         0x0800e57b        0x1 
 .rodata.g_U    0x0800e57c        0x7 ./Core/Src/ili9488.o
 *fill*         0x0800e583        0x1 
 .rodata.g_V    0x0800e584        0x7 ./Core/Src/ili9488.o
 *fill*         0x0800e58b        0x1 
 .rodata.g_W    0x0800e58c        0x7 ./Core/Src/ili9488.o
 *fill*         0x0800e593        0x1 
 .rodata.g_X    0x0800e594        0x7 ./Core/Src/ili9488.o
 *fill*         0x0800e59b        0x1 
 .rodata.g_Y    0x0800e59c        0x7 ./Core/Src/ili9488.o
 *fill*         0x0800e5a3        0x1 
 .rodata.g_Z    0x0800e5a4        0x7 ./Core/Src/ili9488.o
 *fill*         0x0800e5ab        0x1 
 .rodata.g_a    0x0800e5ac        0x7 ./Core/Src/ili9488.o
 *fill*         0x0800e5b3        0x1 
 .rodata.g_b    0x0800e5b4        0x7 ./Core/Src/ili9488.o
 *fill*         0x0800e5bb        0x1 
 .rodata.g_c    0x0800e5bc        0x7 ./Core/Src/ili9488.o
 *fill*         0x0800e5c3        0x1 
 .rodata.g_d    0x0800e5c4        0x7 ./Core/Src/ili9488.o
 *fill*         0x0800e5cb        0x1 
 .rodata.g_e    0x0800e5cc        0x7 ./Core/Src/ili9488.o
 *fill*         0x0800e5d3        0x1 
 .rodata.g_f    0x0800e5d4        0x7 ./Core/Src/ili9488.o
 *fill*         0x0800e5db        0x1 
 .rodata.g_g    0x0800e5dc        0x7 ./Core/Src/ili9488.o
 *fill*         0x0800e5e3        0x1 
 .rodata.g_h    0x0800e5e4        0x7 ./Core/Src/ili9488.o
 *fill*         0x0800e5eb        0x1 
 .rodata.g_i    0x0800e5ec        0x7 ./Core/Src/ili9488.o
 *fill*         0x0800e5f3        0x1 
 .rodata.g_j    0x0800e5f4        0x7 ./Core/Src/ili9488.o
 *fill*         0x0800e5fb        0x1 
 .rodata.g_k    0x0800e5fc        0x7 ./Core/Src/ili9488.o
 *fill*         0x0800e603        0x1 
 .rodata.g_l    0x0800e604        0x7 ./Core/Src/ili9488.o
 *fill*         0x0800e60b        0x1 
 .rodata.g_m    0x0800e60c        0x7 ./Core/Src/ili9488.o
 *fill*         0x0800e613        0x1 
 .rodata.g_n    0x0800e614        0x7 ./Core/Src/ili9488.o
 *fill*         0x0800e61b        0x1 
 .rodata.g_o    0x0800e61c        0x7 ./Core/Src/ili9488.o
 *fill*         0x0800e623        0x1 
 .rodata.g_p    0x0800e624        0x7 ./Core/Src/ili9488.o
 *fill*         0x0800e62b        0x1 
 .rodata.g_q    0x0800e62c        0x7 ./Core/Src/ili9488.o
 *fill*         0x0800e633        0x1 
 .rodata.g_r    0x0800e634        0x7 ./Core/Src/ili9488.o
 *fill*         0x0800e63b        0x1 
 .rodata.g_s    0x0800e63c        0x7 ./Core/Src/ili9488.o
 *fill*         0x0800e643        0x1 
 .rodata.g_t    0x0800e644        0x7 ./Core/Src/ili9488.o
 *fill*         0x0800e64b        0x1 
 .rodata.g_u    0x0800e64c        0x7 ./Core/Src/ili9488.o
 *fill*         0x0800e653        0x1 
 .rodata.g_v    0x0800e654        0x7 ./Core/Src/ili9488.o
 *fill*         0x0800e65b        0x1 
 .rodata.g_w    0x0800e65c        0x7 ./Core/Src/ili9488.o
 *fill*         0x0800e663        0x1 
 .rodata.g_x    0x0800e664        0x7 ./Core/Src/ili9488.o
 *fill*         0x0800e66b        0x1 
 .rodata.g_y    0x0800e66c        0x7 ./Core/Src/ili9488.o
 *fill*         0x0800e673        0x1 
 .rodata.g_z    0x0800e674        0x7 ./Core/Src/ili9488.o
 *fill*         0x0800e67b        0x1 
 .rodata.gamma_pos.11
                0x0800e67c        0xf ./Core/Src/ili9488.o
 *fill*         0x0800e68b        0x1 
 .rodata.gamma_neg.10
                0x0800e68c        0xf ./Core/Src/ili9488.o
 *fill*         0x0800e69b        0x1 
 .rodata.power1.9
                0x0800e69c        0x2 ./Core/Src/ili9488.o
 *fill*         0x0800e69e        0x2 
 .rodata.power2.8
                0x0800e6a0        0x1 ./Core/Src/ili9488.o
 *fill*         0x0800e6a1        0x3 
 .rodata.vcom.7
                0x0800e6a4        0x3 ./Core/Src/ili9488.o
 *fill*         0x0800e6a7        0x1 
 .rodata.madctl.6
                0x0800e6a8        0x1 ./Core/Src/ili9488.o
 *fill*         0x0800e6a9        0x3 
 .rodata.pixfmt.5
                0x0800e6ac        0x1 ./Core/Src/ili9488.o
 *fill*         0x0800e6ad        0x3 
 .rodata.ifmode.4
                0x0800e6b0        0x1 ./Core/Src/ili9488.o
 *fill*         0x0800e6b1        0x3 
 .rodata.frame.3
                0x0800e6b4        0x1 ./Core/Src/ili9488.o
 *fill*         0x0800e6b5        0x3 
 .rodata.inv.2  0x0800e6b8        0x1 ./Core/Src/ili9488.o
 *fill*         0x0800e6b9        0x3 
 .rodata.dispf.1
                0x0800e6bc        0x2 ./Core/Src/ili9488.o
 *fill*         0x0800e6be        0x2 
 .rodata.adjust.0
                0x0800e6c0        0x4 ./Core/Src/ili9488.o
 .rodata.SM_ParseSensor.str1.4
                0x0800e6c4      0x336 ./Core/Src/main.o
                                  0x7 (size before relaxing)
 .rodata.SM_UpdateSensorDisplay.str1.4
                0x0800e9fa       0x1f ./Core/Src/main.o
 .rodata.SM_DrawScreen.str1.4
                0x0800e9fa      0x282 ./Core/Src/main.o
 .rodata.SM_Run.str1.4
                0x0800e9fa       0x8a ./Core/Src/main.o
 *fill*         0x0800e9fa        0x2 
 .rodata.D1CorePrescTable
                0x0800e9fc       0x10 ./Core/Src/system_stm32h7xx.o
                0x0800e9fc                D1CorePrescTable
 .rodata.UARTPrescTable
                0x0800ea0c       0x18 ./Drivers/STM32H7xx_HAL_Driver/Src/stm32h7xx_hal_uart.o
                0x0800ea0c                UARTPrescTable
 .rodata.numerator.1
                0x0800ea24        0x8 ./Drivers/STM32H7xx_HAL_Driver/Src/stm32h7xx_hal_uart_ex.o
 .rodata.denominator.0
                0x0800ea2c        0x8 ./Drivers/STM32H7xx_HAL_Driver/Src/stm32h7xx_hal_uart_ex.o
 .rodata._svfprintf_r.str1.1
                0x0800ea34       0x33 C:/ST/STM32CubeIDE_2.1.1/STM32CubeIDE/plugins/com.st.stm32cube.ide.mcu.externaltools.gnu-tools-for-stm32.14.3.rel1.win32_1.0.100.202602081740/tools/bin/../lib/gcc/arm-none-eabi/14.3.1/../../../../arm-none-eabi/lib/thumb/v7e-m+dp/hard\libc_nano.a(libc_a-nano-svfprintf.o)
                                 0x11 (size before relaxing)
 .rodata._printf_i.str1.1
                0x0800ea67       0x22 C:/ST/STM32CubeIDE_2.1.1/STM32CubeIDE/plugins/com.st.stm32cube.ide.mcu.externaltools.gnu-tools-for-stm32.14.3.rel1.win32_1.0.100.202602081740/tools/bin/../lib/gcc/arm-none-eabi/14.3.1/../../../../arm-none-eabi/lib/thumb/v7e-m+dp/hard\libc_nano.a(libc_a-nano-vfprintf_i.o)
                0x0800ea8c                        . = ALIGN (0x4)
 *fill*         0x0800ea67        0x1 

.ARM.extab
 *(.ARM.extab* .gnu.linkonce.armextab.*)

.ARM            0x0800ea68        0x8
                0x0800ea68                        __exidx_start = .
 *(.ARM.exidx*)
 .ARM.exidx     0x0800ea68        0x8 C:/ST/STM32CubeIDE_2.1.1/STM32CubeIDE/plugins/com.st.stm32cube.ide.mcu.externaltools.gnu-tools-for-stm32.14.3.rel1.win32_1.0.100.202602081740/tools/bin/../lib/gcc/arm-none-eabi/14.3.1/../../../../arm-none-eabi/lib/thumb/v7e-m+dp/hard\libc_nano.a(libc_a-strlen.o)
 .ARM.exidx     0x0800ea70        0x0 C:/ST/STM32CubeIDE_2.1.1/STM32CubeIDE/plugins/com.st.stm32cube.ide.mcu.externaltools.gnu-tools-for-stm32.14.3.rel1.win32_1.0.100.202602081740/tools/bin/../lib/gcc/arm-none-eabi/14.3.1/../../../../arm-none-eabi/lib/thumb/v7e-m+dp/hard\libc_nano.a(libc_a-memchr.o)
                                  0x8 (size before relaxing)
 .ARM.exidx     0x0800ea70        0x0 C:/ST/STM32CubeIDE_2.1.1/STM32CubeIDE/plugins/com.st.stm32cube.ide.mcu.externaltools.gnu-tools-for-stm32.14.3.rel1.win32_1.0.100.202602081740/tools/bin/../lib/gcc/arm-none-eabi/14.3.1/thumb/v7e-m+dp/hard\libgcc.a(_udivmoddi4.o)
                                  0x8 (size before relaxing)
                0x0800ea70                        __exidx_end = .

.preinit_array  0x0800ea70        0x0
                0x0800ea70                        PROVIDE (__preinit_array_start = .)
 *(.preinit_array*)
                0x0800ea70                        PROVIDE (__preinit_array_end = .)

.init_array     0x0800ea70        0x4
                0x0800ea70                        PROVIDE (__init_array_start = .)
 *(SORT_BY_NAME(.init_array.*))
 *(.init_array*)
 .init_array    0x0800ea70        0x4 C:/ST/STM32CubeIDE_2.1.1/STM32CubeIDE/plugins/com.st.stm32cube.ide.mcu.externaltools.gnu-tools-for-stm32.14.3.rel1.win32_1.0.100.202602081740/tools/bin/../lib/gcc/arm-none-eabi/14.3.1/thumb/v7e-m+dp/hard/crtbegin.o
                0x0800ea74                        PROVIDE (__init_array_end = .)

.fini_array     0x0800ea74        0x4
                [!provide]                        PROVIDE (__fini_array_start = .)
 *(SORT_BY_NAME(.fini_array.*))
 *(.fini_array*)
 .fini_array    0x0800ea74        0x4 C:/ST/STM32CubeIDE_2.1.1/STM32CubeIDE/plugins/com.st.stm32cube.ide.mcu.externaltools.gnu-tools-for-stm32.14.3.rel1.win32_1.0.100.202602081740/tools/bin/../lib/gcc/arm-none-eabi/14.3.1/thumb/v7e-m+dp/hard/crtbegin.o
                [!provide]                        PROVIDE (__fini_array_end = .)
                0x0800ea78                        _sidata = LOADADDR (.data)

.rel.dyn        0x0800ea78        0x0
 .rel.iplt      0x0800ea78        0x0 C:/ST/STM32CubeIDE_2.1.1/STM32CubeIDE/plugins/com.st.stm32cube.ide.mcu.externaltools.gnu-tools-for-stm32.14.3.rel1.win32_1.0.100.202602081740/tools/bin/../lib/gcc/arm-none-eabi/14.3.1/thumb/v7e-m+dp/hard/crtbegin.o

.data           0x24000000       0x80 load address 0x0800ea78
                0x24000000                        . = ALIGN (0x4)
                0x24000000                        _sdata = .
 *(.data)
 *(.data*)
 .data.g_sensor_temp
                0x24000000       0x10 ./Core/Src/main.o
 .data.g_sensor_depth
                0x24000010       0x10 ./Core/Src/main.o
 .data.SystemCoreClock
                0x24000020        0x4 ./Core/Src/system_stm32h7xx.o
                0x24000020                SystemCoreClock
 .data.SystemD2Clock
                0x24000024        0x4 ./Core/Src/system_stm32h7xx.o
                0x24000024                SystemD2Clock
 .data.uwTickPrio
                0x24000028        0x4 ./Drivers/STM32H7xx_HAL_Driver/Src/stm32h7xx_hal.o
                0x24000028                uwTickPrio
 .data.uwTickFreq
                0x2400002c        0x1 ./Drivers/STM32H7xx_HAL_Driver/Src/stm32h7xx_hal.o
                0x2400002c                uwTickFreq
 *fill*         0x2400002d        0x3 
 .data._impure_ptr
                0x24000030        0x4 C:/ST/STM32CubeIDE_2.1.1/STM32CubeIDE/plugins/com.st.stm32cube.ide.mcu.externaltools.gnu-tools-for-stm32.14.3.rel1.win32_1.0.100.202602081740/tools/bin/../lib/gcc/arm-none-eabi/14.3.1/../../../../arm-none-eabi/lib/thumb/v7e-m+dp/hard\libc_nano.a(libc_a-impure.o)
                0x24000030                _impure_ptr
 .data._impure_data
                0x24000034       0x4c C:/ST/STM32CubeIDE_2.1.1/STM32CubeIDE/plugins/com.st.stm32cube.ide.mcu.externaltools.gnu-tools-for-stm32.14.3.rel1.win32_1.0.100.202602081740/tools/bin/../lib/gcc/arm-none-eabi/14.3.1/../../../../arm-none-eabi/lib/thumb/v7e-m+dp/hard\libc_nano.a(libc_a-impure.o)
                0x24000034                _impure_data
 *(.RamFunc)
 *(.RamFunc*)
                0x24000080                        . = ALIGN (0x4)
                0x24000080                        _edata = .

.igot.plt       0x24000080        0x0 load address 0x0800eaf8
 .igot.plt      0x24000080        0x0 C:/ST/STM32CubeIDE_2.1.1/STM32CubeIDE/plugins/com.st.stm32cube.ide.mcu.externaltools.gnu-tools-for-stm32.14.3.rel1.win32_1.0.100.202602081740/tools/bin/../lib/gcc/arm-none-eabi/14.3.1/thumb/v7e-m+dp/hard/crtbegin.o
                0x24000080                        . = ALIGN (0x4)

.bss            0x24000080      0x564 load address 0x0800eaf8
                0x24000080                        _sbss = .
                0x24000080                        __bss_start__ = _sbss
 *(.bss)
 .bss           0x24000080       0x1c C:/ST/STM32CubeIDE_2.1.1/STM32CubeIDE/plugins/com.st.stm32cube.ide.mcu.externaltools.gnu-tools-for-stm32.14.3.rel1.win32_1.0.100.202602081740/tools/bin/../lib/gcc/arm-none-eabi/14.3.1/thumb/v7e-m+dp/hard/crtbegin.o
 *(.bss*)
 .bss.s_hspi    0x2400009c        0x4 ./Core/Src/ili9488.o
 .bss.hadc3     0x240000a0       0x64 ./Core/Src/main.o
                0x240000a0                hadc3
 .bss.hi2c1     0x24000104       0x54 ./Core/Src/main.o
                0x24000104                hi2c1
 .bss.hsd1      0x24000158       0x7c ./Core/Src/main.o
                0x24000158                hsd1
 .bss.hspi1     0x240001d4       0x88 ./Core/Src/main.o
                0x240001d4                hspi1
 .bss.huart4    0x2400025c       0x94 ./Core/Src/main.o
                0x2400025c                huart4
 .bss.g_uart_line
                0x240002f0       0x60 ./Core/Src/main.o
 .bss.g_sd_available
                0x24000350        0x1 ./Core/Src/main.o
 .bss.g_estado  0x24000351        0x1 ./Core/Src/main.o
 *fill*         0x24000352        0x2 
 .bss.g_ts_conexion
                0x24000354        0x4 ./Core/Src/main.o
 .bss.g_ts_ping
                0x24000358        0x4 ./Core/Src/main.o
 .bss.g_ts_respuesta
                0x2400035c        0x4 ./Core/Src/main.o
 .bss.g_ts_muestreo
                0x24000360        0x4 ./Core/Src/main.o
 .bss.g_esperando_rsp
                0x24000364        0x1 ./Core/Src/main.o
 *fill*         0x24000365        0x3 
 .bss.g_uart_rx
                0x24000368       0x60 ./Core/Src/main.o
 .bss.__sbrk_heap_end
                0x240003c8        0x4 ./Core/Src/sysmem.o
 .bss.s_huart   0x240003cc        0x4 ./Core/Src/uart_utils.o
 .bss.s_rx_byte
                0x240003d0        0x1 ./Core/Src/uart_utils.o
 *fill*         0x240003d1        0x1 
 .bss.s_rx_index
                0x240003d2        0x2 ./Core/Src/uart_utils.o
 .bss.s_line_ready
                0x240003d4        0x1 ./Core/Src/uart_utils.o
 *fill*         0x240003d5        0x3 
 .bss.s_rx_buffer
                0x240003d8       0x60 ./Core/Src/uart_utils.o
 .bss.s_ready_line
                0x24000438       0x60 ./Core/Src/uart_utils.o
 .bss.uwTick    0x24000498        0x4 ./Drivers/STM32H7xx_HAL_Driver/Src/stm32h7xx_hal.o
                0x24000498                uwTick
 .bss.__sf      0x2400049c      0x138 C:/ST/STM32CubeIDE_2.1.1/STM32CubeIDE/plugins/com.st.stm32cube.ide.mcu.externaltools.gnu-tools-for-stm32.14.3.rel1.win32_1.0.100.202602081740/tools/bin/../lib/gcc/arm-none-eabi/14.3.1/../../../../arm-none-eabi/lib/thumb/v7e-m+dp/hard\libc_nano.a(libc_a-findfp.o)
                0x2400049c                __sf
 .bss.errno     0x240005d4        0x4 C:/ST/STM32CubeIDE_2.1.1/STM32CubeIDE/plugins/com.st.stm32cube.ide.mcu.externaltools.gnu-tools-for-stm32.14.3.rel1.win32_1.0.100.202602081740/tools/bin/../lib/gcc/arm-none-eabi/14.3.1/../../../../arm-none-eabi/lib/thumb/v7e-m+dp/hard\libc_nano.a(libc_a-reent.o)
                0x240005d4                errno
 .bss.__lock___malloc_recursive_mutex
                0x240005d8        0x1 C:/ST/STM32CubeIDE_2.1.1/STM32CubeIDE/plugins/com.st.stm32cube.ide.mcu.externaltools.gnu-tools-for-stm32.14.3.rel1.win32_1.0.100.202602081740/tools/bin/../lib/gcc/arm-none-eabi/14.3.1/../../../../arm-none-eabi/lib/thumb/v7e-m+dp/hard\libc_nano.a(libc_a-lock.o)
                0x240005d8                __lock___malloc_recursive_mutex
 *fill*         0x240005d9        0x3 
 .bss.__malloc_sbrk_start
                0x240005dc        0x4 C:/ST/STM32CubeIDE_2.1.1/STM32CubeIDE/plugins/com.st.stm32cube.ide.mcu.externaltools.gnu-tools-for-stm32.14.3.rel1.win32_1.0.100.202602081740/tools/bin/../lib/gcc/arm-none-eabi/14.3.1/../../../../arm-none-eabi/lib/thumb/v7e-m+dp/hard\libc_nano.a(libc_a-mallocr.o)
                0x240005dc                __malloc_sbrk_start
 .bss.__malloc_free_list
                0x240005e0        0x4 C:/ST/STM32CubeIDE_2.1.1/STM32CubeIDE/plugins/com.st.stm32cube.ide.mcu.externaltools.gnu-tools-for-stm32.14.3.rel1.win32_1.0.100.202602081740/tools/bin/../lib/gcc/arm-none-eabi/14.3.1/../../../../arm-none-eabi/lib/thumb/v7e-m+dp/hard\libc_nano.a(libc_a-mallocr.o)
                0x240005e0                __malloc_free_list
 *(COMMON)
                0x240005e4                        . = ALIGN (0x4)
                0x240005e4                        _ebss = .
                0x240005e4                        __bss_end__ = _ebss

._user_heap_stack
                0x240005e4      0x604 load address 0x0800eaf8
                0x240005e8                        . = ALIGN (0x8)
 *fill*         0x240005e4        0x4 
                [!provide]                        PROVIDE (end = .)
                0x240005e8                        PROVIDE (_end = .)
                0x240007e8                        . = (. + _Min_Heap_Size)
 *fill*         0x240005e8      0x200 
                0x24000be8                        . = (. + _Min_Stack_Size)
 *fill*         0x240007e8      0x400 
                0x24000be8                        . = ALIGN (0x8)

/DISCARD/
 libc.a(*)
 libm.a(*)
 libgcc.a(*)

.ARM.attributes
                0x00000000       0x2e
 *(.ARM.attributes)
 .ARM.attributes
                0x00000000       0x20 C:/ST/STM32CubeIDE_2.1.1/STM32CubeIDE/plugins/com.st.stm32cube.ide.mcu.externaltools.gnu-tools-for-stm32.14.3.rel1.win32_1.0.100.202602081740/tools/bin/../lib/gcc/arm-none-eabi/14.3.1/thumb/v7e-m+dp/hard/crti.o
 .ARM.attributes
                0x00000020       0x32 C:/ST/STM32CubeIDE_2.1.1/STM32CubeIDE/plugins/com.st.stm32cube.ide.mcu.externaltools.gnu-tools-for-stm32.14.3.rel1.win32_1.0.100.202602081740/tools/bin/../lib/gcc/arm-none-eabi/14.3.1/thumb/v7e-m+dp/hard/crtbegin.o
 .ARM.attributes
                0x00000052       0x32 ./Core/Src/ili9488.o
 .ARM.attributes
                0x00000084       0x32 ./Core/Src/main.o
 .ARM.attributes
                0x000000b6       0x32 ./Core/Src/stm32h7xx_hal_msp.o
 .ARM.attributes
                0x000000e8       0x32 ./Core/Src/stm32h7xx_it.o
 .ARM.attributes
                0x0000011a       0x32 ./Core/Src/sysmem.o
 .ARM.attributes
                0x0000014c       0x32 ./Core/Src/system_stm32h7xx.o
 .ARM.attributes
                0x0000017e       0x32 ./Core/Src/uart_utils.o
 .ARM.attributes
                0x000001b0       0x21 ./Core/Startup/startup_stm32h743vitx.o
 .ARM.attributes
                0x000001d1       0x32 ./Drivers/STM32H7xx_HAL_Driver/Src/stm32h7xx_hal.o
 .ARM.attributes
                0x00000203       0x32 ./Drivers/STM32H7xx_HAL_Driver/Src/stm32h7xx_hal_adc.o
 .ARM.attributes
                0x00000235       0x32 ./Drivers/STM32H7xx_HAL_Driver/Src/stm32h7xx_hal_cortex.o
 .ARM.attributes
                0x00000267       0x32 ./Drivers/STM32H7xx_HAL_Driver/Src/stm32h7xx_hal_dma.o
 .ARM.attributes
                0x00000299       0x32 ./Drivers/STM32H7xx_HAL_Driver/Src/stm32h7xx_hal_gpio.o
 .ARM.attributes
                0x000002cb       0x32 ./Drivers/STM32H7xx_HAL_Driver/Src/stm32h7xx_hal_i2c.o
 .ARM.attributes
                0x000002fd       0x32 ./Drivers/STM32H7xx_HAL_Driver/Src/stm32h7xx_hal_i2c_ex.o
 .ARM.attributes
                0x0000032f       0x32 ./Drivers/STM32H7xx_HAL_Driver/Src/stm32h7xx_hal_pwr_ex.o
 .ARM.attributes
                0x00000361       0x32 ./Drivers/STM32H7xx_HAL_Driver/Src/stm32h7xx_hal_rcc.o
 .ARM.attributes
                0x00000393       0x32 ./Drivers/STM32H7xx_HAL_Driver/Src/stm32h7xx_hal_rcc_ex.o
 .ARM.attributes
                0x000003c5       0x32 ./Drivers/STM32H7xx_HAL_Driver/Src/stm32h7xx_hal_sd.o
 .ARM.attributes
                0x000003f7       0x32 ./Drivers/STM32H7xx_HAL_Driver/Src/stm32h7xx_hal_spi.o
 .ARM.attributes
                0x00000429       0x32 ./Drivers/STM32H7xx_HAL_Driver/Src/stm32h7xx_hal_uart.o
 .ARM.attributes
                0x0000045b       0x32 ./Drivers/STM32H7xx_HAL_Driver/Src/stm32h7xx_hal_uart_ex.o
 .ARM.attributes
                0x0000048d       0x32 ./Drivers/STM32H7xx_HAL_Driver/Src/stm32h7xx_ll_sdmmc.o
 .ARM.attributes
                0x000004bf       0x32 C:/ST/STM32CubeIDE_2.1.1/STM32CubeIDE/plugins/com.st.stm32cube.ide.mcu.externaltools.gnu-tools-for-stm32.14.3.rel1.win32_1.0.100.202602081740/tools/bin/../lib/gcc/arm-none-eabi/14.3.1/../../../../arm-none-eabi/lib/thumb/v7e-m+dp/hard\libc_nano.a(libc_a-findfp.o)
 .ARM.attributes
                0x000004f1       0x32 C:/ST/STM32CubeIDE_2.1.1/STM32CubeIDE/plugins/com.st.stm32cube.ide.mcu.externaltools.gnu-tools-for-stm32.14.3.rel1.win32_1.0.100.202602081740/tools/bin/../lib/gcc/arm-none-eabi/14.3.1/../../../../arm-none-eabi/lib/thumb/v7e-m+dp/hard\libc_nano.a(libc_a-snprintf.o)
 .ARM.attributes
                0x00000523       0x32 C:/ST/STM32CubeIDE_2.1.1/STM32CubeIDE/plugins/com.st.stm32cube.ide.mcu.externaltools.gnu-tools-for-stm32.14.3.rel1.win32_1.0.100.202602081740/tools/bin/../lib/gcc/arm-none-eabi/14.3.1/../../../../arm-none-eabi/lib/thumb/v7e-m+dp/hard\libc_nano.a(libc_a-memset.o)
 .ARM.attributes
                0x00000555       0x32 C:/ST/STM32CubeIDE_2.1.1/STM32CubeIDE/plugins/com.st.stm32cube.ide.mcu.externaltools.gnu-tools-for-stm32.14.3.rel1.win32_1.0.100.202602081740/tools/bin/../lib/gcc/arm-none-eabi/14.3.1/../../../../arm-none-eabi/lib/thumb/v7e-m+dp/hard\libc_nano.a(libc_a-strncpy.o)
 .ARM.attributes
                0x00000587       0x32 C:/ST/STM32CubeIDE_2.1.1/STM32CubeIDE/plugins/com.st.stm32cube.ide.mcu.externaltools.gnu-tools-for-stm32.14.3.rel1.win32_1.0.100.202602081740/tools/bin/../lib/gcc/arm-none-eabi/14.3.1/../../../../arm-none-eabi/lib/thumb/v7e-m+dp/hard\libc_nano.a(libc_a-strstr.o)
 .ARM.attributes
                0x000005b9       0x32 C:/ST/STM32CubeIDE_2.1.1/STM32CubeIDE/plugins/com.st.stm32cube.ide.mcu.externaltools.gnu-tools-for-stm32.14.3.rel1.win32_1.0.100.202602081740/tools/bin/../lib/gcc/arm-none-eabi/14.3.1/../../../../arm-none-eabi/lib/thumb/v7e-m+dp/hard\libc_nano.a(libc_a-reent.o)
 .ARM.attributes
                0x000005eb       0x32 C:/ST/STM32CubeIDE_2.1.1/STM32CubeIDE/plugins/com.st.stm32cube.ide.mcu.externaltools.gnu-tools-for-stm32.14.3.rel1.win32_1.0.100.202602081740/tools/bin/../lib/gcc/arm-none-eabi/14.3.1/../../../../arm-none-eabi/lib/thumb/v7e-m+dp/hard\libc_nano.a(libc_a-impure.o)
 .ARM.attributes
                0x0000061d       0x32 C:/ST/STM32CubeIDE_2.1.1/STM32CubeIDE/plugins/com.st.stm32cube.ide.mcu.externaltools.gnu-tools-for-stm32.14.3.rel1.win32_1.0.100.202602081740/tools/bin/../lib/gcc/arm-none-eabi/14.3.1/../../../../arm-none-eabi/lib/thumb/v7e-m+dp/hard\libc_nano.a(libc_a-errno.o)
 .ARM.attributes
                0x0000064f       0x32 C:/ST/STM32CubeIDE_2.1.1/STM32CubeIDE/plugins/com.st.stm32cube.ide.mcu.externaltools.gnu-tools-for-stm32.14.3.rel1.win32_1.0.100.202602081740/tools/bin/../lib/gcc/arm-none-eabi/14.3.1/../../../../arm-none-eabi/lib/thumb/v7e-m+dp/hard\libc_nano.a(libc_a-init.o)
 .ARM.attributes
                0x00000681       0x32 C:/ST/STM32CubeIDE_2.1.1/STM32CubeIDE/plugins/com.st.stm32cube.ide.mcu.externaltools.gnu-tools-for-stm32.14.3.rel1.win32_1.0.100.202602081740/tools/bin/../lib/gcc/arm-none-eabi/14.3.1/../../../../arm-none-eabi/lib/thumb/v7e-m+dp/hard\libc_nano.a(libc_a-lock.o)
 .ARM.attributes
                0x000006b3       0x17 C:/ST/STM32CubeIDE_2.1.1/STM32CubeIDE/plugins/com.st.stm32cube.ide.mcu.externaltools.gnu-tools-for-stm32.14.3.rel1.win32_1.0.100.202602081740/tools/bin/../lib/gcc/arm-none-eabi/14.3.1/../../../../arm-none-eabi/lib/thumb/v7e-m+dp/hard\libc_nano.a(libc_a-strlen.o)
 .ARM.attributes
                0x000006ca       0x32 C:/ST/STM32CubeIDE_2.1.1/STM32CubeIDE/plugins/com.st.stm32cube.ide.mcu.externaltools.gnu-tools-for-stm32.14.3.rel1.win32_1.0.100.202602081740/tools/bin/../lib/gcc/arm-none-eabi/14.3.1/../../../../arm-none-eabi/lib/thumb/v7e-m+dp/hard\libc_nano.a(libc_a-freer.o)
 .ARM.attributes
                0x000006fc       0x32 C:/ST/STM32CubeIDE_2.1.1/STM32CubeIDE/plugins/com.st.stm32cube.ide.mcu.externaltools.gnu-tools-for-stm32.14.3.rel1.win32_1.0.100.202602081740/tools/bin/../lib/gcc/arm-none-eabi/14.3.1/../../../../arm-none-eabi/lib/thumb/v7e-m+dp/hard\libc_nano.a(libc_a-mallocr.o)
 .ARM.attributes
                0x0000072e       0x32 C:/ST/STM32CubeIDE_2.1.1/STM32CubeIDE/plugins/com.st.stm32cube.ide.mcu.externaltools.gnu-tools-for-stm32.14.3.rel1.win32_1.0.100.202602081740/tools/bin/../lib/gcc/arm-none-eabi/14.3.1/../../../../arm-none-eabi/lib/thumb/v7e-m+dp/hard\libc_nano.a(libc_a-mlock.o)
 .ARM.attributes
                0x00000760       0x32 C:/ST/STM32CubeIDE_2.1.1/STM32CubeIDE/plugins/com.st.stm32cube.ide.mcu.externaltools.gnu-tools-for-stm32.14.3.rel1.win32_1.0.100.202602081740/tools/bin/../lib/gcc/arm-none-eabi/14.3.1/../../../../arm-none-eabi/lib/thumb/v7e-m+dp/hard\libc_nano.a(libc_a-nano-svfprintf.o)
 .ARM.attributes
                0x00000792       0x32 C:/ST/STM32CubeIDE_2.1.1/STM32CubeIDE/plugins/com.st.stm32cube.ide.mcu.externaltools.gnu-tools-for-stm32.14.3.rel1.win32_1.0.100.202602081740/tools/bin/../lib/gcc/arm-none-eabi/14.3.1/../../../../arm-none-eabi/lib/thumb/v7e-m+dp/hard\libc_nano.a(libc_a-nano-vfprintf_i.o)
 .ARM.attributes
                0x000007c4       0x32 C:/ST/STM32CubeIDE_2.1.1/STM32CubeIDE/plugins/com.st.stm32cube.ide.mcu.externaltools.gnu-tools-for-stm32.14.3.rel1.win32_1.0.100.202602081740/tools/bin/../lib/gcc/arm-none-eabi/14.3.1/../../../../arm-none-eabi/lib/thumb/v7e-m+dp/hard\libc_nano.a(libc_a-memmove.o)
 .ARM.attributes
                0x000007f6       0x32 C:/ST/STM32CubeIDE_2.1.1/STM32CubeIDE/plugins/com.st.stm32cube.ide.mcu.externaltools.gnu-tools-for-stm32.14.3.rel1.win32_1.0.100.202602081740/tools/bin/../lib/gcc/arm-none-eabi/14.3.1/../../../../arm-none-eabi/lib/thumb/v7e-m+dp/hard\libc_nano.a(libc_a-sbrkr.o)
 .ARM.attributes
                0x00000828       0x1c C:/ST/STM32CubeIDE_2.1.1/STM32CubeIDE/plugins/com.st.stm32cube.ide.mcu.externaltools.gnu-tools-for-stm32.14.3.rel1.win32_1.0.100.202602081740/tools/bin/../lib/gcc/arm-none-eabi/14.3.1/../../../../arm-none-eabi/lib/thumb/v7e-m+dp/hard\libc_nano.a(libc_a-memchr.o)
 .ARM.attributes
                0x00000844       0x32 C:/ST/STM32CubeIDE_2.1.1/STM32CubeIDE/plugins/com.st.stm32cube.ide.mcu.externaltools.gnu-tools-for-stm32.14.3.rel1.win32_1.0.100.202602081740/tools/bin/../lib/gcc/arm-none-eabi/14.3.1/../../../../arm-none-eabi/lib/thumb/v7e-m+dp/hard\libc_nano.a(libc_a-memcpy-stub.o)
 .ARM.attributes
                0x00000876       0x32 C:/ST/STM32CubeIDE_2.1.1/STM32CubeIDE/plugins/com.st.stm32cube.ide.mcu.externaltools.gnu-tools-for-stm32.14.3.rel1.win32_1.0.100.202602081740/tools/bin/../lib/gcc/arm-none-eabi/14.3.1/../../../../arm-none-eabi/lib/thumb/v7e-m+dp/hard\libc_nano.a(libc_a-reallocr.o)
 .ARM.attributes
                0x000008a8       0x32 C:/ST/STM32CubeIDE_2.1.1/STM32CubeIDE/plugins/com.st.stm32cube.ide.mcu.externaltools.gnu-tools-for-stm32.14.3.rel1.win32_1.0.100.202602081740/tools/bin/../lib/gcc/arm-none-eabi/14.3.1/../../../../arm-none-eabi/lib/thumb/v7e-m+dp/hard\libc_nano.a(libc_a-msizer.o)
 .ARM.attributes
                0x000008da       0x20 C:/ST/STM32CubeIDE_2.1.1/STM32CubeIDE/plugins/com.st.stm32cube.ide.mcu.externaltools.gnu-tools-for-stm32.14.3.rel1.win32_1.0.100.202602081740/tools/bin/../lib/gcc/arm-none-eabi/14.3.1/thumb/v7e-m+dp/hard\libgcc.a(_aeabi_uldivmod.o)
 .ARM.attributes
                0x000008fa       0x32 C:/ST/STM32CubeIDE_2.1.1/STM32CubeIDE/plugins/com.st.stm32cube.ide.mcu.externaltools.gnu-tools-for-stm32.14.3.rel1.win32_1.0.100.202602081740/tools/bin/../lib/gcc/arm-none-eabi/14.3.1/thumb/v7e-m+dp/hard\libgcc.a(_udivmoddi4.o)
 .ARM.attributes
                0x0000092c       0x20 C:/ST/STM32CubeIDE_2.1.1/STM32CubeIDE/plugins/com.st.stm32cube.ide.mcu.externaltools.gnu-tools-for-stm32.14.3.rel1.win32_1.0.100.202602081740/tools/bin/../lib/gcc/arm-none-eabi/14.3.1/thumb/v7e-m+dp/hard\libgcc.a(_dvmd_tls.o)
 .ARM.attributes
                0x0000094c       0x20 C:/ST/STM32CubeIDE_2.1.1/STM32CubeIDE/plugins/com.st.stm32cube.ide.mcu.externaltools.gnu-tools-for-stm32.14.3.rel1.win32_1.0.100.202602081740/tools/bin/../lib/gcc/arm-none-eabi/14.3.1/thumb/v7e-m+dp/hard/crtn.o
OUTPUT(STM32H743VIT6 - Tesis.elf elf32-littlearm)
LOAD linker stubs
LOAD C:/ST/STM32CubeIDE_2.1.1/STM32CubeIDE/plugins/com.st.stm32cube.ide.mcu.externaltools.gnu-tools-for-stm32.14.3.rel1.win32_1.0.100.202602081740/tools/bin/../lib/gcc/arm-none-eabi/14.3.1/../../../../arm-none-eabi/lib/thumb/v7e-m+dp/hard\libc.a
LOAD C:/ST/STM32CubeIDE_2.1.1/STM32CubeIDE/plugins/com.st.stm32cube.ide.mcu.externaltools.gnu-tools-for-stm32.14.3.rel1.win32_1.0.100.202602081740/tools/bin/../lib/gcc/arm-none-eabi/14.3.1/../../../../arm-none-eabi/lib/thumb/v7e-m+dp/hard\libm.a
LOAD C:/ST/STM32CubeIDE_2.1.1/STM32CubeIDE/plugins/com.st.stm32cube.ide.mcu.externaltools.gnu-tools-for-stm32.14.3.rel1.win32_1.0.100.202602081740/tools/bin/../lib/gcc/arm-none-eabi/14.3.1/thumb/v7e-m+dp/hard\libgcc.a

.debug_info     0x00000000    0x1e2bb
 .debug_info    0x00000000     0x17c6 ./Core/Src/ili9488.o
 .debug_info    0x000017c6     0x298c ./Core/Src/main.o
 .debug_info    0x00004152     0x253e ./Core/Src/stm32h7xx_hal_msp.o
 .debug_info    0x00006690      0x82f ./Core/Src/stm32h7xx_it.o
 .debug_info    0x00006ebf      0x168 ./Core/Src/sysmem.o
 .debug_info    0x00007027      0xdc1 ./Core/Src/system_stm32h7xx.o
 .debug_info    0x00007de8      0x97f ./Core/Src/uart_utils.o
 .debug_info    0x00008767       0x30 ./Core/Startup/startup_stm32h743vitx.o
 .debug_info    0x00008797     0x153b ./Drivers/STM32H7xx_HAL_Driver/Src/stm32h7xx_hal.o
 .debug_info    0x00009cd2     0x1d84 ./Drivers/STM32H7xx_HAL_Driver/Src/stm32h7xx_hal_adc.o
 .debug_info    0x0000ba56     0x10be ./Drivers/STM32H7xx_HAL_Driver/Src/stm32h7xx_hal_cortex.o
 .debug_info    0x0000cb14      0xc31 ./Drivers/STM32H7xx_HAL_Driver/Src/stm32h7xx_hal_dma.o
 .debug_info    0x0000d745      0xc5a ./Drivers/STM32H7xx_HAL_Driver/Src/stm32h7xx_hal_gpio.o
 .debug_info    0x0000e39f     0x22ba ./Drivers/STM32H7xx_HAL_Driver/Src/stm32h7xx_hal_i2c.o
 .debug_info    0x00010659      0xd84 ./Drivers/STM32H7xx_HAL_Driver/Src/stm32h7xx_hal_i2c_ex.o
 .debug_info    0x000113dd     0x1021 ./Drivers/STM32H7xx_HAL_Driver/Src/stm32h7xx_hal_pwr_ex.o
 .debug_info    0x000123fe      0xe74 ./Drivers/STM32H7xx_HAL_Driver/Src/stm32h7xx_hal_rcc.o
 .debug_info    0x00013272     0x1225 ./Drivers/STM32H7xx_HAL_Driver/Src/stm32h7xx_hal_rcc_ex.o
 .debug_info    0x00014497     0x1a93 ./Drivers/STM32H7xx_HAL_Driver/Src/stm32h7xx_hal_sd.o
 .debug_info    0x00015f2a     0x1454 ./Drivers/STM32H7xx_HAL_Driver/Src/stm32h7xx_hal_spi.o
 .debug_info    0x0001737e     0x4b53 ./Drivers/STM32H7xx_HAL_Driver/Src/stm32h7xx_hal_uart.o
 .debug_info    0x0001bed1      0xfbe ./Drivers/STM32H7xx_HAL_Driver/Src/stm32h7xx_hal_uart_ex.o
 .debug_info    0x0001ce8f     0x142c ./Drivers/STM32H7xx_HAL_Driver/Src/stm32h7xx_ll_sdmmc.o

.debug_abbrev   0x00000000     0x3497
 .debug_abbrev  0x00000000      0x28b ./Core/Src/ili9488.o
 .debug_abbrev  0x0000028b      0x3ae ./Core/Src/main.o
 .debug_abbrev  0x00000639      0x27b ./Core/Src/stm32h7xx_hal_msp.o
 .debug_abbrev  0x000008b4      0x170 ./Core/Src/stm32h7xx_it.o
 .debug_abbrev  0x00000a24       0xbc ./Core/Src/sysmem.o
 .debug_abbrev  0x00000ae0      0x165 ./Core/Src/system_stm32h7xx.o
 .debug_abbrev  0x00000c45      0x1de ./Core/Src/uart_utils.o
 .debug_abbrev  0x00000e23       0x24 ./Core/Startup/startup_stm32h743vitx.o
 .debug_abbrev  0x00000e47      0x295 ./Drivers/STM32H7xx_HAL_Driver/Src/stm32h7xx_hal.o
 .debug_abbrev  0x000010dc      0x2d1 ./Drivers/STM32H7xx_HAL_Driver/Src/stm32h7xx_hal_adc.o
 .debug_abbrev  0x000013ad      0x339 ./Drivers/STM32H7xx_HAL_Driver/Src/stm32h7xx_hal_cortex.o
 .debug_abbrev  0x000016e6      0x248 ./Drivers/STM32H7xx_HAL_Driver/Src/stm32h7xx_hal_dma.o